============================= test session starts =============================
platform win32 -- Python 3.11.9, pytest-7.4.3, pluggy-1.6.0 -- C:\Users\ianfe\OneDrive\Documents\GitHub\facebeak\.venv\Scripts\python.exe
cachedir: .pytest_cache
benchmark: 4.0.0 (defaults: timer=time.perf_counter disable_gc=False min_rounds=5 min_time=0.000005 max_time=1.0 calibration_precision=10 warmup=False warmup_iterations=100000)
rootdir: C:\Users\ianfe\OneDrive\Documents\GitHub\facebeak
configfile: pytest.ini
plugins: benchmark-4.0.0, cov-4.1.0, env-1.1.3, mock-3.12.0, timeout-2.2.0, xdist-3.3.1
collecting ... 
----------------------------- live log collection -----------------------------
2025-05-21 07:13:51 [    INFO] Database initialized successfully (db.py:80)
2025-05-21 07:13:56 [    INFO] Using CUDA device: NVIDIA GeForce RTX 3080 (models.py:161)
2025-05-21 07:13:57 [    INFO] Model successfully moved to cuda (models.py:193)
collected 154 items

tests/test_audio.py::test_audio_extraction_from_video 
------------------------------- live log setup --------------------------------
2025-05-21 07:14:31 [   ERROR] RCNN model inference timed out (detection.py:305)
2025-05-21 07:15:50 [   ERROR] RCNN model inference timed out (detection.py:305)
2025-05-21 07:16:39 [ WARNING] Invalid bbox coordinates: [     271.76      521.61      370.43       594.4] for frame size 720x1280 (tracking.py:236)
2025-05-21 07:16:39 [ WARNING] Invalid bbox coordinates: [     270.59      520.64      369.54      593.17] for frame size 720x1280 (tracking.py:236)
2025-05-21 07:16:39 [ WARNING] Invalid bbox coordinates: [        272      519.49      366.96      589.78] for frame size 720x1280 (tracking.py:236)
2025-05-21 07:16:39 [ WARNING] Invalid bbox coordinates: [     269.26      519.35      364.87      590.51] for frame size 720x1280 (tracking.py:236)
2025-05-21 07:16:39 [ WARNING] Invalid bbox coordinates: [     267.51      517.84      363.04      588.79] for frame size 720x1280 (tracking.py:236)
2025-05-21 07:16:39 [ WARNING] Invalid bbox coordinates: [     266.23      516.85      362.47      587.26] for frame size 720x1280 (tracking.py:236)
2025-05-21 07:16:39 [ WARNING] Invalid bbox coordinates: [     263.92      515.86      361.18      586.48] for frame size 720x1280 (tracking.py:236)
2025-05-21 07:16:39 [ WARNING] Invalid bbox coordinates: [     262.94      514.62      360.84       584.6] for frame size 720x1280 (tracking.py:236)
2025-05-21 07:16:39 [ WARNING] Invalid bbox coordinates: [     262.51      513.12      359.79      585.14] for frame size 720x1280 (tracking.py:236)
2025-05-21 07:16:39 [ WARNING] Invalid bbox coordinates: [     261.37      512.21      358.67      583.57] for frame size 720x1280 (tracking.py:236)
2025-05-21 07:16:42 [ WARNING] Invalid bbox coordinates: [     260.56      510.64      356.68      581.37] for frame size 720x1280 (tracking.py:236)
2025-05-21 07:16:42 [ WARNING] Invalid bbox coordinates: [     259.42      509.13      354.89      581.06] for frame size 720x1280 (tracking.py:236)
2025-05-21 07:16:42 [ WARNING] Invalid bbox coordinates: [     257.52      508.42      353.95      580.59] for frame size 720x1280 (tracking.py:236)
2025-05-21 07:16:42 [ WARNING] Invalid bbox coordinates: [     257.38      507.78      352.67      579.79] for frame size 720x1280 (tracking.py:236)
2025-05-21 07:16:42 [ WARNING] Invalid bbox coordinates: [     255.41      507.38      351.28      579.86] for frame size 720x1280 (tracking.py:236)
2025-05-21 07:16:42 [ WARNING] Invalid bbox coordinates: [     253.73      507.72      348.65      579.79] for frame size 720x1280 (tracking.py:236)
2025-05-21 07:16:42 [ WARNING] Invalid bbox coordinates: [     250.18      507.65      346.89      579.49] for frame size 720x1280 (tracking.py:236)
2025-05-21 07:16:42 [ WARNING] Invalid bbox coordinates: [     248.45      506.26      346.21      576.89] for frame size 720x1280 (tracking.py:236)
2025-05-21 07:16:42 [ WARNING] Invalid bbox coordinates: [     247.02      505.04      344.43      574.35] for frame size 720x1280 (tracking.py:236)
2025-05-21 07:16:42 [ WARNING] Invalid bbox coordinates: [     245.99      503.87      344.08      573.43] for frame size 720x1280 (tracking.py:236)
2025-05-21 07:16:44 [ WARNING] Invalid bbox coordinates: [      245.4      501.27      344.35      573.12] for frame size 720x1280 (tracking.py:236)
2025-05-21 07:16:44 [ WARNING] Invalid bbox coordinates: [     245.91      500.05      341.61      571.66] for frame size 720x1280 (tracking.py:236)
2025-05-21 07:16:44 [ WARNING] Invalid bbox coordinates: [     242.42      499.57      342.22      568.04] for frame size 720x1280 (tracking.py:236)
2025-05-21 07:16:44 [ WARNING] Invalid bbox coordinates: [     242.11      498.75      338.69      568.42] for frame size 720x1280 (tracking.py:236)
2025-05-21 07:16:44 [ WARNING] Invalid bbox coordinates: [     239.04      499.38      336.67       567.4] for frame size 720x1280 (tracking.py:236)
2025-05-21 07:16:44 [ WARNING] Invalid bbox coordinates: [     237.37      498.93      336.62      566.28] for frame size 720x1280 (tracking.py:236)
2025-05-21 07:16:44 [ WARNING] Invalid bbox coordinates: [        235       498.2      334.87       564.6] for frame size 720x1280 (tracking.py:236)
2025-05-21 07:16:44 [ WARNING] Invalid bbox coordinates: [     231.86      496.49      334.82      564.31] for frame size 720x1280 (tracking.py:236)
2025-05-21 07:16:44 [ WARNING] Invalid bbox coordinates: [     230.56      495.47      335.41      563.39] for frame size 720x1280 (tracking.py:236)
2025-05-21 07:16:44 [ WARNING] Invalid bbox coordinates: [     229.71       494.7      334.94       560.2] for frame size 720x1280 (tracking.py:236)
2025-05-21 07:16:47 [ WARNING] Invalid bbox coordinates: [      557.2      254.98      622.27      297.72] for frame size 1280x720 (tracking.py:236)
2025-05-21 07:16:47 [ WARNING] Invalid bbox coordinates: [     556.34       256.1      620.73      298.17] for frame size 1280x720 (tracking.py:236)
2025-05-21 07:16:47 [ WARNING] Invalid bbox coordinates: [     556.16      255.81      620.47      299.63] for frame size 1280x720 (tracking.py:236)
2025-05-21 07:16:47 [ WARNING] Invalid bbox coordinates: [     555.77      257.02      619.37      301.28] for frame size 1280x720 (tracking.py:236)
2025-05-21 07:16:47 [ WARNING] Invalid bbox coordinates: [     555.02      257.95      619.93      302.94] for frame size 1280x720 (tracking.py:236)
2025-05-21 07:16:47 [ WARNING] Invalid bbox coordinates: [     554.56      260.11      619.52      305.59] for frame size 1280x720 (tracking.py:236)
2025-05-21 07:16:47 [ WARNING] Invalid bbox coordinates: [     554.09      260.92      618.58      306.39] for frame size 1280x720 (tracking.py:236)
2025-05-21 07:16:47 [ WARNING] Invalid bbox coordinates: [      552.9      263.18      618.85      306.04] for frame size 1280x720 (tracking.py:236)
2025-05-21 07:16:47 [ WARNING] Invalid bbox coordinates: [     551.63      264.22      618.91      307.65] for frame size 1280x720 (tracking.py:236)
2025-05-21 07:16:47 [ WARNING] Invalid bbox coordinates: [     550.59      264.29      615.35      308.75] for frame size 1280x720 (tracking.py:236)
2025-05-21 07:16:49 [ WARNING] Invalid bbox coordinates: [     550.19      265.71         615      309.89] for frame size 1280x720 (tracking.py:236)
2025-05-21 07:16:49 [ WARNING] Invalid bbox coordinates: [     549.09      268.04      617.17       311.1] for frame size 1280x720 (tracking.py:236)
2025-05-21 07:16:49 [ WARNING] Invalid bbox coordinates: [     548.15      270.03      612.89       312.2] for frame size 1280x720 (tracking.py:236)
2025-05-21 07:16:49 [ WARNING] Invalid bbox coordinates: [     546.55      270.03      611.63      313.78] for frame size 1280x720 (tracking.py:236)
2025-05-21 07:16:49 [ WARNING] Invalid bbox coordinates: [     545.04      270.99      610.65      316.22] for frame size 1280x720 (tracking.py:236)
2025-05-21 07:16:49 [ WARNING] Invalid bbox coordinates: [     542.77      270.28      609.16      316.48] for frame size 1280x720 (tracking.py:236)
2025-05-21 07:16:49 [ WARNING] Invalid bbox coordinates: [     540.26      270.24      606.98      316.32] for frame size 1280x720 (tracking.py:236)
2025-05-21 07:16:49 [ WARNING] Invalid bbox coordinates: [     534.07      267.34      604.67      315.75] for frame size 1280x720 (tracking.py:236)
2025-05-21 07:16:49 [ WARNING] Invalid bbox coordinates: [     522.95      260.94      602.61      312.95] for frame size 1280x720 (tracking.py:236)
2025-05-21 07:16:49 [ WARNING] Invalid bbox coordinates: [     508.44      251.85      598.07      310.14] for frame size 1280x720 (tracking.py:236)
2025-05-21 07:16:51 [ WARNING] Invalid bbox coordinates: [     486.53      237.04      590.74      304.95] for frame size 1280x720 (tracking.py:236)
2025-05-21 07:16:51 [ WARNING] Invalid bbox coordinates: [     457.08      216.38       580.9      298.27] for frame size 1280x720 (tracking.py:236)
2025-05-21 07:16:51 [ WARNING] Invalid bbox coordinates: [     424.77      194.22      566.27      292.33] for frame size 1280x720 (tracking.py:236)
2025-05-21 07:16:55 [ WARNING] Invalid bbox coordinates: [     319.88      97.458      355.42       141.2] for frame size 1280x720 (tracking.py:236)
2025-05-21 07:17:04 [ WARNING] Invalid bbox coordinates: [     395.38      374.92      521.31      464.49] for frame size 1280x720 (tracking.py:236)
PASSED                                                                   [  0%]
tests/test_audio.py::test_audio_feature_consistency PASSED               [  1%]
tests/test_color_normalization.py::test_dummy_normalizer PASSED          [  1%]
tests/test_color_normalization.py::test_normalizer_invalid_input PASSED  [  2%]
tests/test_color_normalization.py::test_normalizer_methods 
-------------------------------- live log call --------------------------------
2025-05-21 07:17:04 [    INFO] Using GPU acceleration for color normalization (color_normalization.py:46)
PASSED                                                                   [  3%]
tests/test_color_normalization.py::test_normalizer_gpu 
-------------------------------- live log call --------------------------------
2025-05-21 07:17:04 [    INFO] Using GPU acceleration for color normalization (color_normalization.py:46)
2025-05-21 07:17:04 [    INFO] Using CPU for color normalization (color_normalization.py:56)
PASSED                                                                   [  3%]
tests/test_color_normalization.py::test_adaptive_normalizer_lab 
-------------------------------- live log call --------------------------------
2025-05-21 07:17:04 [    INFO] Using GPU acceleration for color normalization (color_normalization.py:46)
PASSED                                                                   [  4%]
tests/test_color_normalization.py::test_adaptive_normalizer_clahe 
-------------------------------- live log call --------------------------------
2025-05-21 07:17:04 [    INFO] Using GPU acceleration for color normalization (color_normalization.py:46)
PASSED                                                                   [  5%]
tests/test_color_normalization.py::test_adaptive_normalizer_gamma 
-------------------------------- live log call --------------------------------
2025-05-21 07:17:04 [    INFO] Using GPU acceleration for color normalization (color_normalization.py:46)
PASSED                                                                   [  5%]
tests/test_color_normalization.py::test_adaptive_normalizer_gpu_fallback 
-------------------------------- live log call --------------------------------
2025-05-21 07:17:04 [    INFO] Using GPU acceleration for color normalization (color_normalization.py:46)
2025-05-21 07:17:04 [ WARNING] GPU normalization failed, falling back to CPU: Simulated GPU failure (color_normalization.py:144)
PASSED                                                                   [  6%]
tests/test_color_normalization.py::test_normalizer_gpu_memory 
-------------------------------- live log call --------------------------------
2025-05-21 07:17:04 [    INFO] Using GPU acceleration for color normalization (color_normalization.py:46)
PASSED                                                                   [  7%]
tests/test_color_normalization.py::test_adaptive_normalizer_edge_cases 
-------------------------------- live log call --------------------------------
2025-05-21 07:17:04 [    INFO] Using GPU acceleration for color normalization (color_normalization.py:46)
PASSED                                                                   [  7%]
tests/test_color_normalization.py::test_color_normalizer_base_class 
-------------------------------- live log call --------------------------------
2025-05-21 07:17:04 [    INFO] Using GPU acceleration for color normalization (color_normalization.py:46)
FAILED                                                                   [  8%]
tests/test_color_normalization.py::test_adaptive_normalizer_gpu_init_error 
-------------------------------- live log call --------------------------------
2025-05-21 07:17:04 [    INFO] Using GPU acceleration for color normalization (color_normalization.py:46)
2025-05-21 07:17:04 [ WARNING] GPU initialization failed, falling back to CPU: Simulated GPU initialization failure (color_normalization.py:53)
PASSED                                                                   [  9%]
tests/test_color_normalization.py::test_adaptive_normalizer_gpu_normalization_error 
-------------------------------- live log call --------------------------------
2025-05-21 07:17:04 [    INFO] Using GPU acceleration for color normalization (color_normalization.py:46)
2025-05-21 07:17:04 [ WARNING] GPU normalization failed, falling back to CPU: Simulated CUDA OOM (color_normalization.py:144)
PASSED                                                                   [  9%]
tests/test_color_normalization.py::test_normalizer_unknown_method PASSED [ 10%]
tests/test_crow_clustering.py::test_crow_cluster_analyzer_init PASSED    [ 11%]
tests/test_crow_clustering.py::test_extract_embeddings PASSED            [ 11%]
tests/test_crow_clustering.py::test_validate_clusters 
-------------------------------- live log call --------------------------------
2025-05-21 07:17:04 [ WARNING] Cluster 2 has low internal similarity: 0.698 (threshold: 0.7) (crow_clustering.py:130)
PASSED                                                                   [ 12%]
tests/test_crow_clustering.py::test_find_optimal_params 
-------------------------------- live log call --------------------------------
2025-05-21 07:17:04 [    INFO] Best clustering parameters found: (crow_clustering.py:264)
2025-05-21 07:17:04 [    INFO] eps=0.200, min_samples=2 (crow_clustering.py:265)
2025-05-21 07:17:04 [    INFO] Metrics: (crow_clustering.py:266)
2025-05-21 07:17:04 [    INFO] - Combined score: 0.678 (crow_clustering.py:267)
2025-05-21 07:17:04 [    INFO] - Silhouette score: -0.049 (crow_clustering.py:268)
2025-05-21 07:17:04 [    INFO] - Valid cluster ratio: 1.000 (crow_clustering.py:269)
2025-05-21 07:17:04 [    INFO] - Number of clusters: 2 (crow_clustering.py:270)
2025-05-21 07:17:04 [    INFO] - Number of noise points: 10 (crow_clustering.py:271)
PASSED                                                                   [ 12%]
tests/test_crow_clustering.py::test_cluster_crows 
-------------------------------- live log call --------------------------------
2025-05-21 07:17:05 [    INFO] Clustering results: (crow_clustering.py:386)
2025-05-21 07:17:05 [    INFO] Total clusters: 1 (crow_clustering.py:387)
2025-05-21 07:17:05 [    INFO] Valid clusters: 1 (crow_clustering.py:388)
2025-05-21 07:17:05 [    INFO] Invalid clusters: 0 (crow_clustering.py:389)
2025-05-21 07:17:05 [    INFO] Valid cluster ratio: 1.000 (crow_clustering.py:390)
2025-05-21 07:17:05 [    INFO] Number of noise points: 9 (crow_clustering.py:391)
2025-05-21 07:17:05 [    INFO] Clustering results: (crow_clustering.py:386)
2025-05-21 07:17:05 [    INFO] Total clusters: 1 (crow_clustering.py:387)
2025-05-21 07:17:05 [    INFO] Valid clusters: 1 (crow_clustering.py:388)
2025-05-21 07:17:05 [    INFO] Invalid clusters: 0 (crow_clustering.py:389)
2025-05-21 07:17:05 [    INFO] Valid cluster ratio: 1.000 (crow_clustering.py:390)
2025-05-21 07:17:05 [    INFO] Number of noise points: 9 (crow_clustering.py:391)
2025-05-21 07:17:06 [    INFO] Clustering results: (crow_clustering.py:386)
2025-05-21 07:17:06 [    INFO] Total clusters: 1 (crow_clustering.py:387)
2025-05-21 07:17:06 [    INFO] Valid clusters: 1 (crow_clustering.py:388)
2025-05-21 07:17:06 [    INFO] Invalid clusters: 0 (crow_clustering.py:389)
2025-05-21 07:17:06 [    INFO] Valid cluster ratio: 1.000 (crow_clustering.py:390)
2025-05-21 07:17:06 [    INFO] Number of noise points: 10 (crow_clustering.py:391)
PASSED                                                                   [ 13%]
tests/test_crow_clustering.py::test_compute_distance_matrix_with_temporal PASSED [ 14%]
tests/test_crow_clustering.py::test_process_video_for_clustering 
-------------------------------- live log call --------------------------------
2025-05-21 07:17:06 [    INFO] Extracting embeddings for all crows... (crow_clustering.py:523)
2025-05-21 07:17:06 [    INFO] Best clustering parameters found: (crow_clustering.py:264)
2025-05-21 07:17:06 [    INFO] eps=0.200, min_samples=2 (crow_clustering.py:265)
2025-05-21 07:17:06 [    INFO] Metrics: (crow_clustering.py:266)
2025-05-21 07:17:06 [    INFO] - Combined score: 0.605 (crow_clustering.py:267)
2025-05-21 07:17:06 [    INFO] - Silhouette score: -0.004 (crow_clustering.py:268)
2025-05-21 07:17:06 [    INFO] - Valid cluster ratio: 1.000 (crow_clustering.py:269)
2025-05-21 07:17:06 [    INFO] - Number of clusters: 3 (crow_clustering.py:270)
2025-05-21 07:17:06 [    INFO] - Number of noise points: 0 (crow_clustering.py:271)
2025-05-21 07:17:07 [    INFO] Clustering with eps=0.250, min_samples=2 (crow_clustering.py:543)
2025-05-21 07:17:07 [    INFO] Clustering results: (crow_clustering.py:386)
2025-05-21 07:17:07 [    INFO] Total clusters: 3 (crow_clustering.py:387)
2025-05-21 07:17:07 [    INFO] Valid clusters: 3 (crow_clustering.py:388)
2025-05-21 07:17:07 [    INFO] Invalid clusters: 0 (crow_clustering.py:389)
2025-05-21 07:17:07 [    INFO] Valid cluster ratio: 1.000 (crow_clustering.py:390)
2025-05-21 07:17:07 [    INFO] Number of noise points: 0 (crow_clustering.py:391)
2025-05-21 07:17:07 [    INFO] Clustering results saved to C:\Users\ianfe\AppData\Local\Temp\pytest-of-ianfe\pytest-192\test_process_video_for_cluster0\clustering_results.json (crow_clustering.py:569)
PASSED                                                                   [ 14%]
tests/test_crow_clustering.py::test_visualization_functions PASSED       [ 15%]
tests/test_crow_clustering.py::test_error_handling PASSED                [ 16%]
tests/test_crow_tracking.py::test_tracker_initialization 
-------------------------------- live log call --------------------------------
2025-05-21 07:17:08 [    INFO] Loading detection model (Faster R-CNN) (crow_tracking.py:31)
2025-05-21 07:17:08 [    INFO] Using device: cuda (tracking.py:1502)
2025-05-21 07:17:08 [    INFO] Faster R-CNN model loaded successfully on cuda (tracking.py:1516)
2025-05-21 07:17:08 [    INFO] Loading embedding model (Triplet Network) (crow_tracking.py:33)
2025-05-21 07:17:08 [    INFO] Using device: cuda (tracking.py:1527)
2025-05-21 07:17:08 [    INFO] Using CUDA device: NVIDIA GeForce RTX 3080 (models.py:161)
2025-05-21 07:17:09 [    INFO] Model successfully moved to cuda (models.py:193)
2025-05-21 07:17:09 [    INFO] Removed fc layer weights from state dict (tracking.py:1542)
2025-05-21 07:17:09 [    INFO] Loaded trained triplet network model on cuda (tracking.py:1546)
2025-05-21 07:17:09 [    INFO] Triplet network model initialized successfully on cuda (tracking.py:1578)
2025-05-21 07:17:09 [    INFO] Created new tracking data (crow_tracking.py:61)
2025-05-21 07:17:09 [    INFO] Saved initial tracking data to C:\Users\ianfe\AppData\Local\Temp\pytest-of-ianfe\pytest-192\test_tracker_initialization0\crow_tracker_test\metadata\crow_tracking.json (crow_tracking.py:67)
2025-05-21 07:17:09 [    INFO] Initialized CrowTracker with 0 known crows (crow_tracking.py:40)
2025-05-21 07:17:09 [    INFO] Using base directory: C:\Users\ianfe\AppData\Local\Temp\pytest-of-ianfe\pytest-192\test_tracker_initialization0\crow_tracker_test (crow_tracking.py:41)
PASSED                                                                   [ 16%]
tests/test_crow_tracking.py::test_load_existing_tracking_data 
-------------------------------- live log call --------------------------------
2025-05-21 07:17:09 [    INFO] Loading detection model (Faster R-CNN) (crow_tracking.py:31)
2025-05-21 07:17:09 [    INFO] Using device: cuda (tracking.py:1502)
2025-05-21 07:17:09 [    INFO] Faster R-CNN model loaded successfully on cuda (tracking.py:1516)
2025-05-21 07:17:09 [    INFO] Loading embedding model (Triplet Network) (crow_tracking.py:33)
2025-05-21 07:17:09 [    INFO] Using device: cuda (tracking.py:1527)
2025-05-21 07:17:09 [    INFO] Using CUDA device: NVIDIA GeForce RTX 3080 (models.py:161)
2025-05-21 07:17:10 [    INFO] Model successfully moved to cuda (models.py:193)
2025-05-21 07:17:10 [    INFO] Removed fc layer weights from state dict (tracking.py:1542)
2025-05-21 07:17:10 [    INFO] Loaded trained triplet network model on cuda (tracking.py:1546)
2025-05-21 07:17:10 [    INFO] Triplet network model initialized successfully on cuda (tracking.py:1578)
2025-05-21 07:17:10 [    INFO] Created new tracking data (crow_tracking.py:61)
2025-05-21 07:17:10 [    INFO] Saved initial tracking data to C:\Users\ianfe\AppData\Local\Temp\pytest-of-ianfe\pytest-192\test_load_existing_tracking_da0\crow_tracker_test\metadata\crow_tracking.json (crow_tracking.py:67)
2025-05-21 07:17:10 [    INFO] Initialized CrowTracker with 0 known crows (crow_tracking.py:40)
2025-05-21 07:17:10 [    INFO] Using base directory: C:\Users\ianfe\AppData\Local\Temp\pytest-of-ianfe\pytest-192\test_load_existing_tracking_da0\crow_tracker_test (crow_tracking.py:41)
2025-05-21 07:17:10 [    INFO] Saved tracking data (crow_tracking.py:83)
2025-05-21 07:17:10 [    INFO] Loading detection model (Faster R-CNN) (crow_tracking.py:31)
2025-05-21 07:17:10 [    INFO] Using device: cuda (tracking.py:1502)
2025-05-21 07:17:10 [    INFO] Faster R-CNN model loaded successfully on cuda (tracking.py:1516)
2025-05-21 07:17:10 [    INFO] Loading embedding model (Triplet Network) (crow_tracking.py:33)
2025-05-21 07:17:10 [    INFO] Using device: cuda (tracking.py:1527)
2025-05-21 07:17:10 [    INFO] Using CUDA device: NVIDIA GeForce RTX 3080 (models.py:161)
2025-05-21 07:17:10 [    INFO] Model successfully moved to cuda (models.py:193)
2025-05-21 07:17:10 [    INFO] Removed fc layer weights from state dict (tracking.py:1542)
2025-05-21 07:17:10 [    INFO] Loaded trained triplet network model on cuda (tracking.py:1546)
2025-05-21 07:17:10 [    INFO] Triplet network model initialized successfully on cuda (tracking.py:1578)
2025-05-21 07:17:10 [    INFO] Loaded tracking data from C:\Users\ianfe\AppData\Local\Temp\pytest-of-ianfe\pytest-192\test_load_existing_tracking_da0\crow_tracker_test\metadata\crow_tracking.json (crow_tracking.py:49)
2025-05-21 07:17:10 [    INFO] Initialized CrowTracker with 0 known crows (crow_tracking.py:40)
2025-05-21 07:17:10 [    INFO] Using base directory: C:\Users\ianfe\AppData\Local\Temp\pytest-of-ianfe\pytest-192\test_load_existing_tracking_da0\crow_tracker_test (crow_tracking.py:41)
PASSED                                                                   [ 17%]
tests/test_crow_tracking.py::test_generate_crow_id 
------------------------------- live log setup --------------------------------
2025-05-21 07:17:11 [    INFO] Loading detection model (Faster R-CNN) (crow_tracking.py:31)
2025-05-21 07:17:11 [    INFO] Using device: cuda (tracking.py:1502)
2025-05-21 07:17:11 [    INFO] Faster R-CNN model loaded successfully on cuda (tracking.py:1516)
2025-05-21 07:17:11 [    INFO] Loading embedding model (Triplet Network) (crow_tracking.py:33)
2025-05-21 07:17:11 [    INFO] Using device: cuda (tracking.py:1527)
2025-05-21 07:17:11 [    INFO] Using CUDA device: NVIDIA GeForce RTX 3080 (models.py:161)
2025-05-21 07:17:11 [    INFO] Model successfully moved to cuda (models.py:193)
2025-05-21 07:17:11 [    INFO] Removed fc layer weights from state dict (tracking.py:1542)
2025-05-21 07:17:11 [    INFO] Loaded trained triplet network model on cuda (tracking.py:1546)
2025-05-21 07:17:11 [    INFO] Triplet network model initialized successfully on cuda (tracking.py:1578)
2025-05-21 07:17:11 [    INFO] Created new tracking data (crow_tracking.py:61)
2025-05-21 07:17:11 [    INFO] Saved initial tracking data to C:\Users\ianfe\AppData\Local\Temp\pytest-of-ianfe\pytest-192\test_generate_crow_id0\crow_tracker_test\metadata\crow_tracking.json (crow_tracking.py:67)
2025-05-21 07:17:11 [    INFO] Initialized CrowTracker with 0 known crows (crow_tracking.py:40)
2025-05-21 07:17:11 [    INFO] Using base directory: C:\Users\ianfe\AppData\Local\Temp\pytest-of-ianfe\pytest-192\test_generate_crow_id0\crow_tracker_test (crow_tracking.py:41)
-------------------------------- live log call --------------------------------
2025-05-21 07:17:11 [    INFO] Generated new crow ID: crow_0001 (crow_tracking.py:91)
2025-05-21 07:17:11 [    INFO] Generated new crow ID: crow_0002 (crow_tracking.py:91)
PASSED                                                                   [ 18%]
tests/test_crow_tracking.py::test_process_detection_new_crow 
------------------------------- live log setup --------------------------------
2025-05-21 07:17:11 [    INFO] Loading detection model (Faster R-CNN) (crow_tracking.py:31)
2025-05-21 07:17:11 [    INFO] Using device: cuda (tracking.py:1502)
2025-05-21 07:17:12 [    INFO] Faster R-CNN model loaded successfully on cuda (tracking.py:1516)
2025-05-21 07:17:12 [    INFO] Loading embedding model (Triplet Network) (crow_tracking.py:33)
2025-05-21 07:17:12 [    INFO] Using device: cuda (tracking.py:1527)
2025-05-21 07:17:12 [    INFO] Using CUDA device: NVIDIA GeForce RTX 3080 (models.py:161)
2025-05-21 07:17:12 [    INFO] Model successfully moved to cuda (models.py:193)
2025-05-21 07:17:12 [    INFO] Removed fc layer weights from state dict (tracking.py:1542)
2025-05-21 07:17:12 [    INFO] Loaded trained triplet network model on cuda (tracking.py:1546)
2025-05-21 07:17:12 [    INFO] Triplet network model initialized successfully on cuda (tracking.py:1578)
2025-05-21 07:17:12 [    INFO] Created new tracking data (crow_tracking.py:61)
2025-05-21 07:17:12 [    INFO] Saved initial tracking data to C:\Users\ianfe\AppData\Local\Temp\pytest-of-ianfe\pytest-192\test_process_detection_new_cro0\crow_tracker_test\metadata\crow_tracking.json (crow_tracking.py:67)
2025-05-21 07:17:12 [    INFO] Initialized CrowTracker with 0 known crows (crow_tracking.py:40)
2025-05-21 07:17:12 [    INFO] Using base directory: C:\Users\ianfe\AppData\Local\Temp\pytest-of-ianfe\pytest-192\test_process_detection_new_cro0\crow_tracker_test (crow_tracking.py:41)
-------------------------------- live log call --------------------------------
2025-05-21 07:17:12 [    INFO] Generated new crow ID: crow_0001 (crow_tracking.py:91)
2025-05-21 07:17:12 [    INFO] Generated new crow ID: crow_0001 (crow_tracking.py:200)
2025-05-21 07:17:12 [    INFO] Created new crow crow_0001 (crow_tracking.py:211)
PASSED                                                                   [ 18%]
tests/test_crow_tracking.py::test_process_detection_existing_crow 
------------------------------- live log setup --------------------------------
2025-05-21 07:17:12 [    INFO] Loading detection model (Faster R-CNN) (crow_tracking.py:31)
2025-05-21 07:17:12 [    INFO] Using device: cuda (tracking.py:1502)
2025-05-21 07:17:13 [    INFO] Faster R-CNN model loaded successfully on cuda (tracking.py:1516)
2025-05-21 07:17:13 [    INFO] Loading embedding model (Triplet Network) (crow_tracking.py:33)
2025-05-21 07:17:13 [    INFO] Using device: cuda (tracking.py:1527)
2025-05-21 07:17:13 [    INFO] Using CUDA device: NVIDIA GeForce RTX 3080 (models.py:161)
2025-05-21 07:17:13 [    INFO] Model successfully moved to cuda (models.py:193)
2025-05-21 07:17:13 [    INFO] Removed fc layer weights from state dict (tracking.py:1542)
2025-05-21 07:17:13 [    INFO] Loaded trained triplet network model on cuda (tracking.py:1546)
2025-05-21 07:17:13 [    INFO] Triplet network model initialized successfully on cuda (tracking.py:1578)
2025-05-21 07:17:13 [    INFO] Created new tracking data (crow_tracking.py:61)
2025-05-21 07:17:13 [    INFO] Saved initial tracking data to C:\Users\ianfe\AppData\Local\Temp\pytest-of-ianfe\pytest-192\test_process_detection_existin0\crow_tracker_test\metadata\crow_tracking.json (crow_tracking.py:67)
2025-05-21 07:17:13 [    INFO] Initialized CrowTracker with 0 known crows (crow_tracking.py:40)
2025-05-21 07:17:13 [    INFO] Using base directory: C:\Users\ianfe\AppData\Local\Temp\pytest-of-ianfe\pytest-192\test_process_detection_existin0\crow_tracker_test (crow_tracking.py:41)
-------------------------------- live log call --------------------------------
2025-05-21 07:17:13 [    INFO] Generated new crow ID: crow_0001 (crow_tracking.py:91)
2025-05-21 07:17:13 [    INFO] Generated new crow ID: crow_0001 (crow_tracking.py:200)
2025-05-21 07:17:13 [    INFO] Created new crow crow_0001 (crow_tracking.py:211)
2025-05-21 07:17:13 [    INFO] Found matching crow crow_0001 with similarity 1.000 (crow_tracking.py:131)
PASSED                                                                   [ 19%]
tests/test_crow_tracking.py::test_find_matching_crow 
------------------------------- live log setup --------------------------------
2025-05-21 07:17:13 [    INFO] Loading detection model (Faster R-CNN) (crow_tracking.py:31)
2025-05-21 07:17:13 [    INFO] Using device: cuda (tracking.py:1502)
2025-05-21 07:17:14 [    INFO] Faster R-CNN model loaded successfully on cuda (tracking.py:1516)
2025-05-21 07:17:14 [    INFO] Loading embedding model (Triplet Network) (crow_tracking.py:33)
2025-05-21 07:17:14 [    INFO] Using device: cuda (tracking.py:1527)
2025-05-21 07:17:14 [    INFO] Using CUDA device: NVIDIA GeForce RTX 3080 (models.py:161)
2025-05-21 07:17:14 [    INFO] Model successfully moved to cuda (models.py:193)
2025-05-21 07:17:14 [    INFO] Removed fc layer weights from state dict (tracking.py:1542)
2025-05-21 07:17:14 [    INFO] Loaded trained triplet network model on cuda (tracking.py:1546)
2025-05-21 07:17:14 [    INFO] Triplet network model initialized successfully on cuda (tracking.py:1578)
2025-05-21 07:17:14 [    INFO] Created new tracking data (crow_tracking.py:61)
2025-05-21 07:17:14 [    INFO] Saved initial tracking data to C:\Users\ianfe\AppData\Local\Temp\pytest-of-ianfe\pytest-192\test_find_matching_crow0\crow_tracker_test\metadata\crow_tracking.json (crow_tracking.py:67)
2025-05-21 07:17:14 [    INFO] Initialized CrowTracker with 0 known crows (crow_tracking.py:40)
2025-05-21 07:17:14 [    INFO] Using base directory: C:\Users\ianfe\AppData\Local\Temp\pytest-of-ianfe\pytest-192\test_find_matching_crow0\crow_tracker_test (crow_tracking.py:41)
-------------------------------- live log call --------------------------------
2025-05-21 07:17:14 [    INFO] Generated new crow ID: crow_0001 (crow_tracking.py:91)
2025-05-21 07:17:14 [    INFO] Generated new crow ID: crow_0001 (crow_tracking.py:200)
2025-05-21 07:17:14 [    INFO] Created new crow crow_0001 (crow_tracking.py:211)
2025-05-21 07:17:14 [    INFO] Found matching crow crow_0001 with similarity 0.998 (crow_tracking.py:131)
PASSED                                                                   [ 20%]
tests/test_crow_tracking.py::test_get_crow_info 
------------------------------- live log setup --------------------------------
2025-05-21 07:17:14 [    INFO] Loading detection model (Faster R-CNN) (crow_tracking.py:31)
2025-05-21 07:17:14 [    INFO] Using device: cuda (tracking.py:1502)
2025-05-21 07:17:15 [    INFO] Faster R-CNN model loaded successfully on cuda (tracking.py:1516)
2025-05-21 07:17:15 [    INFO] Loading embedding model (Triplet Network) (crow_tracking.py:33)
2025-05-21 07:17:15 [    INFO] Using device: cuda (tracking.py:1527)
2025-05-21 07:17:15 [    INFO] Using CUDA device: NVIDIA GeForce RTX 3080 (models.py:161)
2025-05-21 07:17:15 [    INFO] Model successfully moved to cuda (models.py:193)
2025-05-21 07:17:15 [    INFO] Removed fc layer weights from state dict (tracking.py:1542)
2025-05-21 07:17:15 [    INFO] Loaded trained triplet network model on cuda (tracking.py:1546)
2025-05-21 07:17:15 [    INFO] Triplet network model initialized successfully on cuda (tracking.py:1578)
2025-05-21 07:17:15 [    INFO] Created new tracking data (crow_tracking.py:61)
2025-05-21 07:17:15 [    INFO] Saved initial tracking data to C:\Users\ianfe\AppData\Local\Temp\pytest-of-ianfe\pytest-192\test_get_crow_info0\crow_tracker_test\metadata\crow_tracking.json (crow_tracking.py:67)
2025-05-21 07:17:15 [    INFO] Initialized CrowTracker with 0 known crows (crow_tracking.py:40)
2025-05-21 07:17:15 [    INFO] Using base directory: C:\Users\ianfe\AppData\Local\Temp\pytest-of-ianfe\pytest-192\test_get_crow_info0\crow_tracker_test (crow_tracking.py:41)
-------------------------------- live log call --------------------------------
2025-05-21 07:17:15 [    INFO] Generated new crow ID: crow_0001 (crow_tracking.py:91)
2025-05-21 07:17:15 [    INFO] Generated new crow ID: crow_0001 (crow_tracking.py:200)
2025-05-21 07:17:15 [    INFO] Created new crow crow_0001 (crow_tracking.py:211)
PASSED                                                                   [ 20%]
tests/test_crow_tracking.py::test_list_crows 
------------------------------- live log setup --------------------------------
2025-05-21 07:17:15 [    INFO] Loading detection model (Faster R-CNN) (crow_tracking.py:31)
2025-05-21 07:17:15 [    INFO] Using device: cuda (tracking.py:1502)
2025-05-21 07:17:16 [    INFO] Faster R-CNN model loaded successfully on cuda (tracking.py:1516)
2025-05-21 07:17:16 [    INFO] Loading embedding model (Triplet Network) (crow_tracking.py:33)
2025-05-21 07:17:16 [    INFO] Using device: cuda (tracking.py:1527)
2025-05-21 07:17:16 [    INFO] Using CUDA device: NVIDIA GeForce RTX 3080 (models.py:161)
2025-05-21 07:17:16 [    INFO] Model successfully moved to cuda (models.py:193)
2025-05-21 07:17:16 [    INFO] Removed fc layer weights from state dict (tracking.py:1542)
2025-05-21 07:17:16 [    INFO] Loaded trained triplet network model on cuda (tracking.py:1546)
2025-05-21 07:17:16 [    INFO] Triplet network model initialized successfully on cuda (tracking.py:1578)
2025-05-21 07:17:16 [    INFO] Created new tracking data (crow_tracking.py:61)
2025-05-21 07:17:16 [    INFO] Saved initial tracking data to C:\Users\ianfe\AppData\Local\Temp\pytest-of-ianfe\pytest-192\test_list_crows0\crow_tracker_test\metadata\crow_tracking.json (crow_tracking.py:67)
2025-05-21 07:17:16 [    INFO] Initialized CrowTracker with 0 known crows (crow_tracking.py:40)
2025-05-21 07:17:16 [    INFO] Using base directory: C:\Users\ianfe\AppData\Local\Temp\pytest-of-ianfe\pytest-192\test_list_crows0\crow_tracker_test (crow_tracking.py:41)
-------------------------------- live log call --------------------------------
2025-05-21 07:17:16 [    INFO] Generated new crow ID: crow_0001 (crow_tracking.py:91)
2025-05-21 07:17:16 [    INFO] Generated new crow ID: crow_0001 (crow_tracking.py:200)
2025-05-21 07:17:16 [    INFO] Created new crow crow_0001 (crow_tracking.py:211)
2025-05-21 07:17:16 [    INFO] No matching crow found above threshold 0.98. Best score was -1.000 (crow_tracking.py:133)
2025-05-21 07:17:16 [    INFO] Generated new crow ID: crow_0002 (crow_tracking.py:91)
2025-05-21 07:17:16 [    INFO] Generated new crow ID: crow_0002 (crow_tracking.py:200)
2025-05-21 07:17:16 [    INFO] Created new crow crow_0002 (crow_tracking.py:211)
PASSED                                                                   [ 21%]
tests/test_crow_tracking.py::test_processing_run_management 
------------------------------- live log setup --------------------------------
2025-05-21 07:17:16 [    INFO] Loading detection model (Faster R-CNN) (crow_tracking.py:31)
2025-05-21 07:17:16 [    INFO] Using device: cuda (tracking.py:1502)
2025-05-21 07:17:17 [    INFO] Faster R-CNN model loaded successfully on cuda (tracking.py:1516)
2025-05-21 07:17:17 [    INFO] Loading embedding model (Triplet Network) (crow_tracking.py:33)
2025-05-21 07:17:17 [    INFO] Using device: cuda (tracking.py:1527)
2025-05-21 07:17:17 [    INFO] Using CUDA device: NVIDIA GeForce RTX 3080 (models.py:161)
2025-05-21 07:17:17 [    INFO] Model successfully moved to cuda (models.py:193)
2025-05-21 07:17:17 [    INFO] Removed fc layer weights from state dict (tracking.py:1542)
2025-05-21 07:17:17 [    INFO] Loaded trained triplet network model on cuda (tracking.py:1546)
2025-05-21 07:17:17 [    INFO] Triplet network model initialized successfully on cuda (tracking.py:1578)
2025-05-21 07:17:17 [    INFO] Created new tracking data (crow_tracking.py:61)
2025-05-21 07:17:17 [    INFO] Saved initial tracking data to C:\Users\ianfe\AppData\Local\Temp\pytest-of-ianfe\pytest-192\test_processing_run_management0\crow_tracker_test\metadata\crow_tracking.json (crow_tracking.py:67)
2025-05-21 07:17:17 [    INFO] Initialized CrowTracker with 0 known crows (crow_tracking.py:40)
2025-05-21 07:17:17 [    INFO] Using base directory: C:\Users\ianfe\AppData\Local\Temp\pytest-of-ianfe\pytest-192\test_processing_run_management0\crow_tracker_test (crow_tracking.py:41)
-------------------------------- live log call --------------------------------
2025-05-21 07:17:17 [    INFO] Created processing run directory: C:\Users\ianfe\AppData\Local\Temp\pytest-of-ianfe\pytest-192\test_processing_run_management0\crow_tracker_test\processing\run_20250521_071717 (crow_tracking.py:264)
2025-05-21 07:17:17 [    INFO] Cleaned up processing directory: C:\Users\ianfe\AppData\Local\Temp\pytest-of-ianfe\pytest-192\test_processing_run_management0\crow_tracker_test\processing\run_20250521_071717 (crow_tracking.py:272)
PASSED                                                                   [ 22%]
tests/test_crow_tracking.py::test_invalid_detection_handling 
------------------------------- live log setup --------------------------------
2025-05-21 07:17:17 [    INFO] Loading detection model (Faster R-CNN) (crow_tracking.py:31)
2025-05-21 07:17:17 [    INFO] Using device: cuda (tracking.py:1502)
2025-05-21 07:17:18 [    INFO] Faster R-CNN model loaded successfully on cuda (tracking.py:1516)
2025-05-21 07:17:18 [    INFO] Loading embedding model (Triplet Network) (crow_tracking.py:33)
2025-05-21 07:17:18 [    INFO] Using device: cuda (tracking.py:1527)
2025-05-21 07:17:18 [    INFO] Using CUDA device: NVIDIA GeForce RTX 3080 (models.py:161)
2025-05-21 07:17:18 [    INFO] Model successfully moved to cuda (models.py:193)
2025-05-21 07:17:18 [    INFO] Removed fc layer weights from state dict (tracking.py:1542)
2025-05-21 07:17:18 [    INFO] Loaded trained triplet network model on cuda (tracking.py:1546)
2025-05-21 07:17:18 [    INFO] Triplet network model initialized successfully on cuda (tracking.py:1578)
2025-05-21 07:17:18 [    INFO] Created new tracking data (crow_tracking.py:61)
2025-05-21 07:17:18 [    INFO] Saved initial tracking data to C:\Users\ianfe\AppData\Local\Temp\pytest-of-ianfe\pytest-192\test_invalid_detection_handlin0\crow_tracker_test\metadata\crow_tracking.json (crow_tracking.py:67)
2025-05-21 07:17:18 [    INFO] Initialized CrowTracker with 0 known crows (crow_tracking.py:40)
2025-05-21 07:17:18 [    INFO] Using base directory: C:\Users\ianfe\AppData\Local\Temp\pytest-of-ianfe\pytest-192\test_invalid_detection_handlin0\crow_tracker_test (crow_tracking.py:41)
-------------------------------- live log call --------------------------------
2025-05-21 07:17:18 [ WARNING] Invalid box coordinates: [-100 -100    0    0] for frame size 400x400 (crow_tracking.py:172)
2025-05-21 07:17:18 [ WARNING] Invalid detection score: -0.5 (crow_tracking.py:157)
PASSED                                                                   [ 22%]
tests/test_crow_tracking.py::test_save_tracking_data 
------------------------------- live log setup --------------------------------
2025-05-21 07:17:18 [    INFO] Loading detection model (Faster R-CNN) (crow_tracking.py:31)
2025-05-21 07:17:18 [    INFO] Using device: cuda (tracking.py:1502)
2025-05-21 07:17:18 [    INFO] Faster R-CNN model loaded successfully on cuda (tracking.py:1516)
2025-05-21 07:17:18 [    INFO] Loading embedding model (Triplet Network) (crow_tracking.py:33)
2025-05-21 07:17:18 [    INFO] Using device: cuda (tracking.py:1527)
2025-05-21 07:17:18 [    INFO] Using CUDA device: NVIDIA GeForce RTX 3080 (models.py:161)
2025-05-21 07:17:19 [    INFO] Model successfully moved to cuda (models.py:193)
2025-05-21 07:17:19 [    INFO] Removed fc layer weights from state dict (tracking.py:1542)
2025-05-21 07:17:19 [    INFO] Loaded trained triplet network model on cuda (tracking.py:1546)
2025-05-21 07:17:19 [    INFO] Triplet network model initialized successfully on cuda (tracking.py:1578)
2025-05-21 07:17:19 [    INFO] Created new tracking data (crow_tracking.py:61)
2025-05-21 07:17:19 [    INFO] Saved initial tracking data to C:\Users\ianfe\AppData\Local\Temp\pytest-of-ianfe\pytest-192\test_save_tracking_data0\crow_tracker_test\metadata\crow_tracking.json (crow_tracking.py:67)
2025-05-21 07:17:19 [    INFO] Initialized CrowTracker with 0 known crows (crow_tracking.py:40)
2025-05-21 07:17:19 [    INFO] Using base directory: C:\Users\ianfe\AppData\Local\Temp\pytest-of-ianfe\pytest-192\test_save_tracking_data0\crow_tracker_test (crow_tracking.py:41)
-------------------------------- live log call --------------------------------
2025-05-21 07:17:19 [    INFO] Generated new crow ID: crow_0001 (crow_tracking.py:91)
2025-05-21 07:17:19 [    INFO] Generated new crow ID: crow_0001 (crow_tracking.py:200)
2025-05-21 07:17:19 [    INFO] Created new crow crow_0001 (crow_tracking.py:211)
2025-05-21 07:17:19 [    INFO] Saved tracking data (crow_tracking.py:83)
2025-05-21 07:17:19 [    INFO] Loading detection model (Faster R-CNN) (crow_tracking.py:31)
2025-05-21 07:17:19 [    INFO] Using device: cuda (tracking.py:1502)
2025-05-21 07:17:19 [    INFO] Faster R-CNN model loaded successfully on cuda (tracking.py:1516)
2025-05-21 07:17:19 [    INFO] Loading embedding model (Triplet Network) (crow_tracking.py:33)
2025-05-21 07:17:19 [    INFO] Using device: cuda (tracking.py:1527)
2025-05-21 07:17:19 [    INFO] Using CUDA device: NVIDIA GeForce RTX 3080 (models.py:161)
2025-05-21 07:17:20 [    INFO] Model successfully moved to cuda (models.py:193)
2025-05-21 07:17:20 [    INFO] Removed fc layer weights from state dict (tracking.py:1542)
2025-05-21 07:17:20 [    INFO] Loaded trained triplet network model on cuda (tracking.py:1546)
2025-05-21 07:17:20 [    INFO] Triplet network model initialized successfully on cuda (tracking.py:1578)
2025-05-21 07:17:20 [    INFO] Loaded tracking data from C:\Users\ianfe\AppData\Local\Temp\pytest-of-ianfe\pytest-192\test_save_tracking_data0\crow_tracker_test\metadata\crow_tracking.json (crow_tracking.py:49)
2025-05-21 07:17:20 [    INFO] Initialized CrowTracker with 1 known crows (crow_tracking.py:40)
2025-05-21 07:17:20 [    INFO] Using base directory: C:\Users\ianfe\AppData\Local\Temp\pytest-of-ianfe\pytest-192\test_save_tracking_data0\crow_tracker_test (crow_tracking.py:41)
PASSED                                                                   [ 23%]
tests/test_database.py::TestDatabaseOperations::test_backup_database 
-------------------------------- live log call --------------------------------
2025-05-21 07:17:20 [    INFO] Database initialized successfully (db.py:80)
2025-05-21 07:17:20 [    INFO] Created new crow with ID 1 (db.py:127)
2025-05-21 07:17:20 [    INFO] Successfully saved embedding for crow 1 (db.py:153)
2025-05-21 07:17:20 [    INFO] Database backup created: C:\Users\ianfe\.facebeak\backups\crow_embeddings_20250521_071720.db (db.py:536)
2025-05-21 07:17:20 [    INFO] Database cleared successfully (db.py:567)
2025-05-21 07:17:20 [    INFO] Database cleared successfully (db.py:567)
PASSED                                                                   [ 24%]
tests/test_database.py::TestDatabaseOperations::test_behavioral_markers 
-------------------------------- live log call --------------------------------
2025-05-21 07:17:20 [    INFO] Database initialized successfully (db.py:80)
2025-05-21 07:17:20 [    INFO] Created new crow with ID 1 (db.py:127)
2025-05-21 07:17:20 [    INFO] Successfully saved embedding for crow 1 (db.py:153)
2025-05-21 07:17:20 [    INFO] Added behavioral marker 103 for segment 1 (db.py:478)
2025-05-21 07:17:20 [    INFO] Database cleared successfully (db.py:567)
PASSED                                                                   [ 24%]
tests/test_database.py::TestDatabaseOperations::test_crow_matching 
-------------------------------- live log call --------------------------------
2025-05-21 07:17:20 [    INFO] Database initialized successfully (db.py:80)
2025-05-21 07:17:20 [    INFO] Created new crow with ID 1 (db.py:127)
2025-05-21 07:17:20 [    INFO] Successfully saved embedding for crow 1 (db.py:153)
2025-05-21 07:17:20 [    INFO] Found temporal match for crow 1 (similarity: 0.987, frame distance: 1.0, adjusted threshold: 0.673) (db.py:224)
2025-05-21 07:17:20 [    INFO] Updated existing crow 1 (db.py:136)
2025-05-21 07:17:20 [    INFO] Successfully saved embedding for crow 1 (db.py:153)
2025-05-21 07:17:20 [    INFO] Created new crow with ID 2 (db.py:127)
2025-05-21 07:17:20 [    INFO] Successfully saved embedding for crow 2 (db.py:153)
2025-05-21 07:17:20 [    INFO] Database cleared successfully (db.py:567)
PASSED                                                                   [ 25%]
tests/test_database.py::TestDatabaseOperations::test_crow_operations 
-------------------------------- live log call --------------------------------
2025-05-21 07:17:20 [    INFO] Database initialized successfully (db.py:80)
2025-05-21 07:17:20 [    INFO] Created new crow with ID 1 (db.py:127)
2025-05-21 07:17:20 [    INFO] Successfully saved embedding for crow 1 (db.py:153)
2025-05-21 07:17:20 [    INFO] Updated name for crow 1 to test_crow (db.py:401)
2025-05-21 07:17:20 [    INFO] Database cleared successfully (db.py:567)
PASSED                                                                   [ 25%]
tests/test_database.py::TestDatabaseOperations::test_database_initialization 
-------------------------------- live log call --------------------------------
2025-05-21 07:17:20 [    INFO] Database initialized successfully (db.py:80)
2025-05-21 07:17:20 [    INFO] Database cleared successfully (db.py:567)
PASSED                                                                   [ 26%]
tests/test_database.py::TestDatabaseSecurity::test_get_encryption_key 
-------------------------------- live log call --------------------------------
2025-05-21 07:17:20 [    INFO] Database initialized successfully (db.py:80)
2025-05-21 07:17:20 [    INFO] Generating new encryption key (db_security.py:61)
2025-05-21 07:17:20 [    INFO] Generating new encryption key (db_security.py:61)
PASSED                                                                   [ 27%]
tests/test_database.py::TestDatabaseSecurity::test_secure_connection_error_handling 
-------------------------------- live log call --------------------------------
2025-05-21 07:17:20 [    INFO] Database initialized successfully (db.py:80)
2025-05-21 07:17:20 [   ERROR] Failed to connect to database: Database file not found: C:\Users\ianfe\AppData\Local\Temp\tmps8f9g4l9\nonexistent.db (db_security.py:144)
PASSED                                                                   [ 27%]
tests/test_database.py::TestDatabaseSecurity::test_secure_database_connection 
-------------------------------- live log call --------------------------------
2025-05-21 07:17:20 [    INFO] Database initialized successfully (db.py:80)
PASSED                                                                   [ 28%]
tests/test_dataset.py::test_dataset_initialization 
-------------------------------- live log call --------------------------------
2025-05-21 07:17:30 [ WARNING] No audio files found for crow crow1 (dataset.py:82)
2025-05-21 07:17:30 [ WARNING] No audio files found for crow crow2 (dataset.py:82)
2025-05-21 07:17:30 [ WARNING] No audio files found for crow crow3 (dataset.py:82)
2025-05-21 07:17:30 [    INFO] Initialized dataset with 15 samples from 3 crows (dataset.py:116)
PASSED                                                                   [ 29%]
tests/test_dataset.py::test_dataset_getitem 
-------------------------------- live log call --------------------------------
2025-05-21 07:17:30 [ WARNING] No audio files found for crow crow1 (dataset.py:82)
2025-05-21 07:17:30 [ WARNING] No audio files found for crow crow2 (dataset.py:82)
2025-05-21 07:17:30 [ WARNING] No audio files found for crow crow3 (dataset.py:82)
2025-05-21 07:17:30 [    INFO] Initialized dataset with 15 samples from 3 crows (dataset.py:116)
PASSED                                                                   [ 29%]
tests/test_dataset.py::test_dataset_dataloader 
-------------------------------- live log call --------------------------------
2025-05-21 07:17:30 [ WARNING] No audio files found for crow crow1 (dataset.py:82)
2025-05-21 07:17:30 [ WARNING] No audio files found for crow crow2 (dataset.py:82)
2025-05-21 07:17:30 [ WARNING] No audio files found for crow crow3 (dataset.py:82)
2025-05-21 07:17:30 [    INFO] Initialized dataset with 15 samples from 3 crows (dataset.py:116)
PASSED                                                                   [ 30%]
tests/test_dataset.py::test_dataset_transforms 
-------------------------------- live log call --------------------------------
2025-05-21 07:17:30 [ WARNING] No audio files found for crow crow1 (dataset.py:82)
2025-05-21 07:17:30 [ WARNING] No audio files found for crow crow2 (dataset.py:82)
2025-05-21 07:17:30 [ WARNING] No audio files found for crow crow3 (dataset.py:82)
2025-05-21 07:17:30 [    INFO] Initialized dataset with 15 samples from 3 crows (dataset.py:116)
PASSED                                                                   [ 31%]
tests/test_dataset.py::test_dataset_temporal_consistency 
-------------------------------- live log call --------------------------------
2025-05-21 07:17:30 [ WARNING] No audio files found for crow crow1 (dataset.py:82)
2025-05-21 07:17:30 [ WARNING] No audio files found for crow crow2 (dataset.py:82)
2025-05-21 07:17:30 [ WARNING] No audio files found for crow crow3 (dataset.py:82)
2025-05-21 07:17:30 [    INFO] Initialized dataset with 15 samples from 3 crows (dataset.py:116)
PASSED                                                                   [ 31%]
tests/test_detection.py::test_merge_overlapping_detections_merges_boxes PASSED [ 32%]
tests/test_detection.py::test_merge_overlapping_detections_no_merge PASSED [ 33%]
tests/test_detection.py::test_merge_overlapping_detections_view_bonus PASSED [ 33%]
tests/test_detection.py::test_detect_crows_parallel_filters_by_class_and_score PASSED [ 34%]
tests/test_detection.py::test_detect_crows_parallel_empty PASSED         [ 35%]
tests/test_detection.py::test_detect_crows_parallel_invalid_input PASSED [ 35%]
tests/test_detection.py::test_extract_roi_and_iou PASSED                 [ 36%]
tests/test_detection.py::test_detect_crows_parallel_model_timeout 
-------------------------------- live log call --------------------------------
2025-05-21 07:17:30 [   ERROR] Error processing frame 0: Model inference timed out (detection.py:311)
Traceback (most recent call last):
  File "C:\Users\ianfe\OneDrive\Documents\GitHub\facebeak\detection.py", line 241, in detect_crows_parallel
    yolo_results = _run_model_inference(yolo_model, frame.copy(), conf=yolo_threshold)[0]  # Make a copy of the frame
                   ^^^^^^^^^^^^^^^^^^^^^^^^^^^^^^^^^^^^^^^^^^^^^^^^^^^^^^^^^^^^^^^^^^^
  File "C:\Users\ianfe\OneDrive\Documents\GitHub\facebeak\detection.py", line 183, in wrapper
    raise error[0]
  File "C:\Users\ianfe\OneDrive\Documents\GitHub\facebeak\detection.py", line 171, in target
    result.append(func(*args, **kwargs))
                  ^^^^^^^^^^^^^^^^^^^^^
  File "C:\Users\ianfe\OneDrive\Documents\GitHub\facebeak\detection.py", line 190, in _run_model_inference
    return model(*args, **kwargs)
           ^^^^^^^^^^^^^^^^^^^^^^
  File "C:\Users\ianfe\OneDrive\Documents\GitHub\facebeak\tests\test_detection.py", line 135, in timeout_model
    raise TimeoutError("Model inference timed out")
TimeoutError: Model inference timed out
PASSED                                                                   [ 37%]
tests/test_detection.py::test_detect_crows_parallel_multi_view_timeout 
-------------------------------- live log call --------------------------------
2025-05-21 07:17:30 [   ERROR] Error processing frame 0: Second view timed out (detection.py:311)
Traceback (most recent call last):
  File "C:\Users\ianfe\OneDrive\Documents\GitHub\facebeak\detection.py", line 223, in detect_crows_parallel
    yolo_results = _run_model_inference(yolo_model, view.copy(), conf=yolo_threshold)[0]  # Make a copy of the view
                   ^^^^^^^^^^^^^^^^^^^^^^^^^^^^^^^^^^^^^^^^^^^^^^^^^^^^^^^^^^^^^^^^^^
  File "C:\Users\ianfe\OneDrive\Documents\GitHub\facebeak\detection.py", line 183, in wrapper
    raise error[0]
  File "C:\Users\ianfe\OneDrive\Documents\GitHub\facebeak\detection.py", line 171, in target
    result.append(func(*args, **kwargs))
                  ^^^^^^^^^^^^^^^^^^^^^
  File "C:\Users\ianfe\OneDrive\Documents\GitHub\facebeak\detection.py", line 190, in _run_model_inference
    return model(*args, **kwargs)
           ^^^^^^^^^^^^^^^^^^^^^^
  File "C:\Users\ianfe\OneDrive\Documents\GitHub\facebeak\tests\test_detection.py", line 158, in timeout_on_second_view
    raise TimeoutError("Second view timed out")
TimeoutError: Second view timed out
PASSED                                                                   [ 37%]
tests/test_detection.py::test_detect_crows_parallel_error_recovery 
-------------------------------- live log call --------------------------------
2025-05-21 07:17:31 [   ERROR] Error processing frame 1: Simulated model error (detection.py:311)
Traceback (most recent call last):
  File "C:\Users\ianfe\OneDrive\Documents\GitHub\facebeak\detection.py", line 241, in detect_crows_parallel
    yolo_results = _run_model_inference(yolo_model, frame.copy(), conf=yolo_threshold)[0]  # Make a copy of the frame
                   ^^^^^^^^^^^^^^^^^^^^^^^^^^^^^^^^^^^^^^^^^^^^^^^^^^^^^^^^^^^^^^^^^^^
  File "C:\Users\ianfe\OneDrive\Documents\GitHub\facebeak\detection.py", line 183, in wrapper
    raise error[0]
  File "C:\Users\ianfe\OneDrive\Documents\GitHub\facebeak\detection.py", line 171, in target
    result.append(func(*args, **kwargs))
                  ^^^^^^^^^^^^^^^^^^^^^
  File "C:\Users\ianfe\OneDrive\Documents\GitHub\facebeak\detection.py", line 190, in _run_model_inference
    return model(*args, **kwargs)
           ^^^^^^^^^^^^^^^^^^^^^^
  File "C:\Users\ianfe\OneDrive\Documents\GitHub\facebeak\tests\test_detection.py", line 184, in alternating_fail_model
    raise Exception("Simulated model error")
Exception: Simulated model error
2025-05-21 07:17:31 [   ERROR] Error processing frame 3: Simulated model error (detection.py:311)
Traceback (most recent call last):
  File "C:\Users\ianfe\OneDrive\Documents\GitHub\facebeak\detection.py", line 241, in detect_crows_parallel
    yolo_results = _run_model_inference(yolo_model, frame.copy(), conf=yolo_threshold)[0]  # Make a copy of the frame
                   ^^^^^^^^^^^^^^^^^^^^^^^^^^^^^^^^^^^^^^^^^^^^^^^^^^^^^^^^^^^^^^^^^^^
  File "C:\Users\ianfe\OneDrive\Documents\GitHub\facebeak\detection.py", line 183, in wrapper
    raise error[0]
  File "C:\Users\ianfe\OneDrive\Documents\GitHub\facebeak\detection.py", line 171, in target
    result.append(func(*args, **kwargs))
                  ^^^^^^^^^^^^^^^^^^^^^
  File "C:\Users\ianfe\OneDrive\Documents\GitHub\facebeak\detection.py", line 190, in _run_model_inference
    return model(*args, **kwargs)
           ^^^^^^^^^^^^^^^^^^^^^^
  File "C:\Users\ianfe\OneDrive\Documents\GitHub\facebeak\tests\test_detection.py", line 184, in alternating_fail_model
    raise Exception("Simulated model error")
Exception: Simulated model error
PASSED                                                                   [ 38%]
tests/test_detection.py::test_detect_crows_parallel_large_batch PASSED   [ 38%]
tests/test_detection.py::test_detect_crows_parallel_memory_usage PASSED  [ 39%]
tests/test_detection.py::test_detect_crows_legacy PASSED                 [ 40%]
tests/test_detection.py::test_detect_crows_cascade_deprecated PASSED     [ 40%]
tests/test_detection.py::test_extract_roi_edge_cases PASSED              [ 41%]
tests/test_detection.py::test_compute_iou_edge_cases PASSED              [ 42%]
tests/test_detection.py::test_model_initialization PASSED                [ 42%]
tests/test_detection.py::test_timeout_decorator PASSED                   [ 43%]
tests/test_detection.py::test_multi_view_extractor_integration PASSED    [ 44%]
tests/test_detection.py::test_merge_overlapping_detections_empty PASSED  [ 44%]
tests/test_detection.py::test_merge_overlapping_detections_single PASSED [ 45%]
tests/test_detection.py::test_merge_overlapping_detections_temporal_consistency PASSED [ 46%]
tests/test_detection.py::test_merge_overlapping_detections_confidence_weighting PASSED [ 46%]
tests/test_detection.py::test_merge_overlapping_detections_view_diversity PASSED [ 47%]
tests/test_detection.py::test_merge_overlapping_detections_iou_threshold PASSED [ 48%]
tests/test_detection.py::test_merge_overlapping_detections_score_capping PASSED [ 48%]
tests/test_facebeak.py::TestFacebeak::test_audio_data_augmentation 
------------------------------- live log setup --------------------------------
2025-05-21 07:17:33 [ WARNING] No images found for crow crow1 (train_triplet_resnet.py:105)
2025-05-21 07:17:33 [ WARNING] No images found for crow crow2 (train_triplet_resnet.py:105)
2025-05-21 07:17:33 [ WARNING] No images found for crow crow3 (train_triplet_resnet.py:105)
2025-05-21 07:17:33 [ WARNING] No images found for crow crow4 (train_triplet_resnet.py:105)
2025-05-21 07:17:33 [    INFO] Loaded 0 samples from 0 crows (train_triplet_resnet.py:80)
SKIPPED (No valid video files found in test data)                        [ 49%]
tests/test_facebeak.py::TestFacebeak::test_dynamic_padding_truncation 
------------------------------- live log setup --------------------------------
2025-05-21 07:17:33 [ WARNING] No images found for crow crow1 (train_triplet_resnet.py:105)
2025-05-21 07:17:33 [ WARNING] No images found for crow crow2 (train_triplet_resnet.py:105)
2025-05-21 07:17:33 [ WARNING] No images found for crow crow3 (train_triplet_resnet.py:105)
2025-05-21 07:17:33 [ WARNING] No images found for crow crow4 (train_triplet_resnet.py:105)
2025-05-21 07:17:33 [    INFO] Loaded 0 samples from 0 crows (train_triplet_resnet.py:80)
SKIPPED (No valid video files found in test data)                        [ 50%]
tests/test_facebeak.py::TestFacebeak::test_merge_overlapping_detections_multi_view 
------------------------------- live log setup --------------------------------
2025-05-21 07:17:33 [ WARNING] No images found for crow crow1 (train_triplet_resnet.py:105)
2025-05-21 07:17:33 [ WARNING] No images found for crow crow2 (train_triplet_resnet.py:105)
2025-05-21 07:17:33 [ WARNING] No images found for crow crow3 (train_triplet_resnet.py:105)
2025-05-21 07:17:33 [ WARNING] No images found for crow crow4 (train_triplet_resnet.py:105)
2025-05-21 07:17:33 [    INFO] Loaded 0 samples from 0 crows (train_triplet_resnet.py:80)
SKIPPED (No valid video files found in test data)                        [ 50%]
tests/test_facebeak.py::TestFacebeak::test_temporal_consistency_clustering 
------------------------------- live log setup --------------------------------
2025-05-21 07:17:33 [ WARNING] No images found for crow crow1 (train_triplet_resnet.py:105)
2025-05-21 07:17:33 [ WARNING] No images found for crow crow2 (train_triplet_resnet.py:105)
2025-05-21 07:17:33 [ WARNING] No images found for crow crow3 (train_triplet_resnet.py:105)
2025-05-21 07:17:33 [ WARNING] No images found for crow crow4 (train_triplet_resnet.py:105)
2025-05-21 07:17:33 [    INFO] Loaded 0 samples from 0 crows (train_triplet_resnet.py:80)
SKIPPED (No valid video files found in test data)                        [ 51%]
tests/test_facebeak.py::TestFacebeak::test_weighting_embeddings_by_confidence 
------------------------------- live log setup --------------------------------
2025-05-21 07:17:33 [ WARNING] No images found for crow crow1 (train_triplet_resnet.py:105)
2025-05-21 07:17:33 [ WARNING] No images found for crow crow2 (train_triplet_resnet.py:105)
2025-05-21 07:17:33 [ WARNING] No images found for crow crow3 (train_triplet_resnet.py:105)
2025-05-21 07:17:33 [ WARNING] No images found for crow crow4 (train_triplet_resnet.py:105)
2025-05-21 07:17:33 [    INFO] Loaded 0 samples from 0 crows (train_triplet_resnet.py:80)
SKIPPED (No valid video files found in test data)                        [ 51%]
tests/test_gui_components.py::TestTrainingGUI::test_directory_selection PASSED [ 52%]
tests/test_gui_components.py::TestTrainingGUI::test_initialization PASSED [ 53%]
tests/test_gui_components.py::TestCrowExtractorGUI::test_directory_selection 
-------------------------------- live log call --------------------------------
2025-05-21 07:17:34 [    INFO] Starting Crow Training Data Extractor GUI (extract_training_gui.py:188)
2025-05-21 07:17:34 [    INFO] Loading detection model (Faster R-CNN) (crow_tracking.py:31)
2025-05-21 07:17:34 [    INFO] Using device: cuda (tracking.py:1502)
2025-05-21 07:17:35 [    INFO] Faster R-CNN model loaded successfully on cuda (tracking.py:1516)
2025-05-21 07:17:35 [    INFO] Loading embedding model (Triplet Network) (crow_tracking.py:33)
2025-05-21 07:17:35 [    INFO] Using device: cuda (tracking.py:1527)
2025-05-21 07:17:35 [    INFO] Using CUDA device: NVIDIA GeForce RTX 3080 (models.py:161)
2025-05-21 07:17:35 [    INFO] Model successfully moved to cuda (models.py:193)
2025-05-21 07:17:35 [    INFO] Removed fc layer weights from state dict (tracking.py:1542)
2025-05-21 07:17:35 [    INFO] Loaded trained triplet network model on cuda (tracking.py:1546)
2025-05-21 07:17:35 [    INFO] Triplet network model initialized successfully on cuda (tracking.py:1578)
2025-05-21 07:17:35 [    INFO] Loaded tracking data from \test\output\dir\metadata\crow_tracking.json (crow_tracking.py:49)
2025-05-21 07:17:35 [    INFO] Initialized CrowTracker with 0 known crows (crow_tracking.py:40)
2025-05-21 07:17:35 [    INFO] Using base directory: \test\output\dir (crow_tracking.py:41)
2025-05-21 07:17:35 [    INFO] Set output directory to: /test/output/dir (extract_training_gui.py:354)
PASSED                                                                   [ 53%]
tests/test_gui_components.py::TestCrowExtractorGUI::test_initialization 
-------------------------------- live log call --------------------------------
2025-05-21 07:17:35 [    INFO] Starting Crow Training Data Extractor GUI (extract_training_gui.py:188)
PASSED                                                                   [ 54%]
tests/test_gui_components.py::TestFacebeakGUI::test_browse_videos PASSED [ 55%]
tests/test_gui_components.py::TestFacebeakGUI::test_clear_videos PASSED  [ 55%]
tests/test_gui_components.py::TestFacebeakGUI::test_initialization PASSED [ 56%]
tests/test_gui_components.py::TestFacebeakGUI::test_remove_selected_videos PASSED [ 57%]
tests/test_gui_components.py::test_ensure_requirements PASSED            [ 57%]
tests/test_logging_config.py::TestLoggingConfig::test_error_handling PASSED [ 58%]
tests/test_logging_config.py::TestLoggingConfig::test_log_format PASSED  [ 59%]
tests/test_logging_config.py::TestLoggingConfig::test_logging_levels PASSED [ 59%]
tests/test_logging_config.py::TestLoggingConfig::test_multiple_loggers PASSED [ 60%]
tests/test_logging_config.py::TestLoggingConfig::test_setup_logging PASSED [ 61%]
tests/test_main.py::TestMainFunctions::test_parse_args PASSED            [ 61%]
tests/test_main.py::TestMainFunctions::test_parse_args_defaults PASSED   [ 62%]
tests/test_main.py::TestMainFunctions::test_process_video PASSED         [ 62%]
tests/test_main.py::TestMainFunctions::test_process_video_invalid_file PASSED [ 63%]
tests/test_model.py::test_audio_feature_extractor PASSED                 [ 64%]
tests/test_model.py::test_crow_resnet_embedder PASSED                    [ 64%]
tests/test_model.py::test_crow_multi_modal_embedder PASSED               [ 65%]
tests/test_model.py::test_model_gradients PASSED                         [ 66%]
tests/test_model.py::test_model_save_load PASSED                         [ 66%]
tests/test_model.py::test_model_consistency PASSED                       [ 67%]
tests/test_tracking.py::test_compute_embedding PASSED                    [ 68%]
tests/test_tracking.py::test_compute_embedding_gpu PASSED                [ 68%]
tests/test_tracking.py::test_extract_crow_image_valid PASSED             [ 69%]
tests/test_tracking.py::test_extract_crow_image_edge_cases PASSED        [ 70%]
tests/test_tracking.py::test_compute_iou PASSED                          [ 70%]
tests/test_tracking.py::test_enhanced_tracker_initialization PASSED      [ 71%]
tests/test_tracking.py::test_enhanced_tracker_model_initialization FAILED [ 72%]
tests/test_tracking.py::test_enhanced_tracker_update PASSED              [ 72%]
tests/test_tracking.py::test_enhanced_tracker_timeout FAILED             [ 73%]
tests/test_tracking.py::test_assign_crow_ids PASSED                      [ 74%]
tests/test_tracking.py::test_assign_crow_ids_empty_input PASSED          [ 74%]
tests/test_tracking.py::test_track_embedding_updates FAILED              [ 75%]
tests/test_tracking.py::test_track_embedding_limits FAILED               [ 75%]
tests/test_tracking.py::test_track_embedding_age_limits FAILED           [ 76%]
tests/test_tracking.py::test_track_embedding_error_handling FAILED       [ 77%]
tests/test_tracking.py::test_enhanced_tracker_model_loading_error FAILED [ 77%]
tests/test_tracking.py::test_enhanced_tracker_invalid_input FAILED       [ 78%]
tests/test_tracking.py::test_enhanced_tracker_processing_errors FAILED   [ 79%]
tests/test_tracking.py::test_enhanced_tracker_resource_cleanup FAILED    [ 79%]
tests/test_tracking.py::test_track_id_persistence_long_term FAILED       [ 80%]
tests/test_tracking.py::test_track_id_persistence_varying_confidence PASSED [ 81%]
tests/test_tracking.py::test_track_id_persistence_occlusion FAILED       [ 81%]
tests/test_tracking.py::test_track_id_persistence_multiple_objects FAILED [ 82%]
tests/test_tracking.py::test_track_id_persistence_varying_iou FAILED     [ 83%]
tests/test_tracking.py::test_track_id_persistence_frame_rate FAILED      [ 83%]
tests/test_tracking.py::test_device_synchronization SKIPPED (Device
transitions to CPU are not supported; GPU is enforced everywhere.)       [ 84%]
tests/test_tracking.py::test_temporal_consistency_tracking SKIPPED (No
tracks returned; tracker may have cleaned up tracks early.)              [ 85%]
tests/test_tracking.py::test_track_history_management PASSED             [ 85%]
tests/test_tracking.py::test_embedding_processing_amp FAILED             [ 86%]
tests/test_tracking.py::test_memory_management_deque PASSED              [ 87%]
tests/test_tracking.py::test_track_id_persistence_with_temporal_consistency PASSED [ 87%]
tests/test_training.py::test_triplet_loss PASSED                         [ 88%]
tests/test_training.py::test_triplet_loss_edge_cases PASSED              [ 88%]
tests/test_training.py::test_compute_metrics PASSED                      [ 89%]
tests/test_training.py::test_compute_metrics_edge_cases PASSED           [ 90%]
tests/test_training.py::test_training_step PASSED                        [ 90%]
tests/test_training.py::test_validation_step PASSED                      [ 91%]
tests/test_utils.py::TestUtils::test_extract_frames PASSED               [ 92%]
tests/test_utils.py::TestUtils::test_extract_frames_invalid_file PASSED  [ 92%]
tests/test_utils.py::TestUtils::test_extract_frames_with_callback PASSED [ 93%]
tests/test_utils.py::TestUtils::test_save_video_empty_frames PASSED      [ 94%]
tests/test_utils.py::TestUtils::test_save_video_invalid_labels PASSED    [ 94%]
tests/test_utils.py::TestUtils::test_save_video_mismatched_frames_labels PASSED [ 95%]
tests/test_utils.py::TestUtils::test_save_video_with_callback PASSED     [ 96%]
tests/test_utils.py::TestUtils::test_save_video_with_labels PASSED       [ 96%]
tests/test_video_data.py::test_video_frame_extraction PASSED             [ 97%]
tests/test_video_data.py::test_video_audio_extraction PASSED             [ 98%]
tests/test_video_data.py::test_audio_feature_extraction_video FAILED     [ 98%]
tests/test_video_data.py::test_dataset_with_video_data SKIPPED (No valid
video data available for dataset)                                        [ 99%]
tests/test_video_data.py::test_model_with_video_data FAILED              [100%]

================================== FAILURES ===================================
______________________ test_color_normalizer_base_class _______________________
tests\test_color_normalization.py:292: in test_color_normalizer_base_class
    with pytest.raises(NotImplementedError):
E   Failed: DID NOT RAISE <class 'NotImplementedError'>
---------------------------- Captured stderr call -----------------------------
2025-05-21 07:17:04,782 - INFO - [color_normalization.py:46] - Using GPU acceleration for color normalization
------------------------------ Captured log call ------------------------------
INFO     color_normalization:color_normalization.py:46 Using GPU acceleration for color normalization
_________________ test_enhanced_tracker_model_initialization __________________
tests\test_tracking.py:216: in test_enhanced_tracker_model_initialization
    with pytest.raises(ModelError):
E   Failed: DID NOT RAISE <class 'tracking.ModelError'>
---------------------------- Captured stderr call -----------------------------
2025-05-21 07:17:39,667 - tracking - DEBUG - Logger configured successfully
2025-05-21 07:17:39,669 - tracking - INFO - CUDA device initialized
2025-05-21 07:17:39,669 - tracking - INFO - SORT tracker initialized successfully
2025-05-21 07:17:39,861 - tracking - INFO - Multi-view extractor initialized successfully
2025-05-21 07:17:39,861 - tracking - INFO - Multi-view extractor initialized successfully
------------------------------ Captured log call ------------------------------
DEBUG    tracking:tracking.py:386 Logger configured successfully
INFO     tracking:tracking.py:331 CUDA device initialized
INFO     tracking:tracking.py:343 SORT tracker initialized successfully
INFO     tracking:tracking.py:1010 Multi-view extractor initialized successfully
INFO     tracking:tracking.py:1010 Multi-view extractor initialized successfully
________________________ test_enhanced_tracker_timeout ________________________
tests\test_tracking.py:253: in test_enhanced_tracker_timeout
    assert len(tracks) > 0
E   assert 0 > 0
E    +  where 0 = len(array([], shape=(0, 5), dtype=float64))
---------------------------- Captured stderr call -----------------------------
2025-05-21 07:17:40,324 - tracking - DEBUG - Logger configured successfully
2025-05-21 07:17:40,326 - tracking - INFO - CUDA device initialized
2025-05-21 07:17:40,326 - tracking - INFO - SORT tracker initialized successfully
2025-05-21 07:17:40,531 - tracking - WARNING - Failed to load model from test_model.pth, using default weights: [Errno 2] No such file or directory: 'test_model.pth'
2025-05-21 07:17:40,531 - tracking - INFO - Multi-view extractor initialized successfully
2025-05-21 07:17:40,531 - tracking - INFO - Multi-view extractor initialized successfully
2025-05-21 07:17:40,535 - tracking - ERROR - Error in embedding processing: Input must be uint8
2025-05-21 07:17:40,538 - tracking - ERROR - Error in embedding processing: Input must be uint8
2025-05-21 07:17:40,538 - tracking - ERROR - Error calculating embedding quality: 'dict' object has no attribute 'layout'
2025-05-21 07:17:40,538 - tracking - ERROR - Error updating track 3.0: 'EnhancedTracker' object has no attribute 'min_embedding_quality'
------------------------------ Captured log call ------------------------------
DEBUG    tracking:tracking.py:386 Logger configured successfully
INFO     tracking:tracking.py:331 CUDA device initialized
INFO     tracking:tracking.py:343 SORT tracker initialized successfully
INFO     color_normalization:color_normalization.py:46 Using GPU acceleration for color normalization
WARNING  tracking:tracking.py:984 Failed to load model from test_model.pth, using default weights: [Errno 2] No such file or directory: 'test_model.pth'
INFO     multi_view:multi_view.py:30 Initialized MultiViewExtractor with 2 rotations and 1 zoom factors
INFO     tracking:tracking.py:1010 Multi-view extractor initialized successfully
INFO     multi_view:multi_view.py:30 Initialized MultiViewExtractor with 2 rotations and 1 zoom factors
INFO     tracking:tracking.py:1010 Multi-view extractor initialized successfully
ERROR    tracking:tracking.py:1203 Error in embedding processing: Input must be uint8
ERROR    tracking:tracking.py:1203 Error in embedding processing: Input must be uint8
ERROR    tracking:tracking.py:1303 Error calculating embedding quality: 'dict' object has no attribute 'layout'
ERROR    tracking:tracking.py:624 Error updating track 3.0: 'EnhancedTracker' object has no attribute 'min_embedding_quality'
________________________ test_track_embedding_updates _________________________
tests\test_tracking.py:333: in test_track_embedding_updates
    track_id = int(tracks1[0][4])
E   KeyError: 0
---------------------------- Captured stderr call -----------------------------
2025-05-21 07:17:41,391 - tracking - DEBUG - Logger configured successfully
2025-05-21 07:17:41,393 - tracking - INFO - CUDA device initialized
2025-05-21 07:17:41,393 - tracking - INFO - SORT tracker initialized successfully
2025-05-21 07:17:41,571 - tracking - INFO - Multi-view extractor initialized successfully
2025-05-21 07:17:41,571 - tracking - INFO - Multi-view extractor initialized successfully
------------------------------ Captured log call ------------------------------
DEBUG    tracking:tracking.py:386 Logger configured successfully
INFO     tracking:tracking.py:331 CUDA device initialized
INFO     tracking:tracking.py:343 SORT tracker initialized successfully
INFO     color_normalization:color_normalization.py:46 Using GPU acceleration for color normalization
INFO     multi_view:multi_view.py:30 Initialized MultiViewExtractor with 2 rotations and 1 zoom factors
INFO     tracking:tracking.py:1010 Multi-view extractor initialized successfully
INFO     multi_view:multi_view.py:30 Initialized MultiViewExtractor with 2 rotations and 1 zoom factors
INFO     tracking:tracking.py:1010 Multi-view extractor initialized successfully
_________________________ test_track_embedding_limits _________________________
tests\test_tracking.py:376: in test_track_embedding_limits
    assert len(tracker.track_embeddings[track_id]) <= 5  # max_embeddings
E   UnboundLocalError: cannot access local variable 'track_id' where it is not associated with a value
---------------------------- Captured stderr call -----------------------------
2025-05-21 07:17:41,605 - tracking - DEBUG - Logger configured successfully
2025-05-21 07:17:41,606 - tracking - INFO - CUDA device initialized
2025-05-21 07:17:41,606 - tracking - INFO - SORT tracker initialized successfully
2025-05-21 07:17:41,802 - tracking - INFO - Multi-view extractor initialized successfully
2025-05-21 07:17:41,802 - tracking - INFO - Multi-view extractor initialized successfully
2025-05-21 07:17:41,805 - tracking - ERROR - Error in embedding processing: Input must be uint8
2025-05-21 07:17:41,807 - tracking - ERROR - Error in embedding processing: Input must be uint8
2025-05-21 07:17:41,807 - tracking - ERROR - Error calculating embedding quality: 'dict' object has no attribute 'layout'
2025-05-21 07:17:41,807 - tracking - ERROR - Error updating track 6.0: 'EnhancedTracker' object has no attribute 'min_embedding_quality'
2025-05-21 07:17:41,809 - tracking - ERROR - Error in embedding processing: Input must be uint8
2025-05-21 07:17:41,811 - tracking - ERROR - Error in embedding processing: Input must be uint8
2025-05-21 07:17:41,811 - tracking - ERROR - Error calculating embedding quality: 'dict' object has no attribute 'layout'
2025-05-21 07:17:41,811 - tracking - ERROR - Error updating track 6.0: 'EnhancedTracker' object has no attribute 'min_embedding_quality'
2025-05-21 07:17:41,812 - tracking - ERROR - Error in track cleanup: 'created_frame'
Traceback (most recent call last):
  File "C:\Users\ianfe\OneDrive\Documents\GitHub\facebeak\tracking.py", line 685, in _cleanup_old_tracks
    track_age = current_frame - history['created_frame']
                                ~~~~~~~^^^^^^^^^^^^^^^^^
KeyError: 'created_frame'
2025-05-21 07:17:41,814 - tracking - ERROR - Error in embedding processing: Input must be uint8
2025-05-21 07:17:41,817 - tracking - ERROR - Error in embedding processing: Input must be uint8
2025-05-21 07:17:41,818 - tracking - ERROR - Error calculating embedding quality: 'dict' object has no attribute 'layout'
2025-05-21 07:17:41,818 - tracking - ERROR - Error updating track 6.0: 'EnhancedTracker' object has no attribute 'min_embedding_quality'
2025-05-21 07:17:41,818 - tracking - ERROR - Error in track cleanup: 'created_frame'
Traceback (most recent call last):
  File "C:\Users\ianfe\OneDrive\Documents\GitHub\facebeak\tracking.py", line 685, in _cleanup_old_tracks
    track_age = current_frame - history['created_frame']
                                ~~~~~~~^^^^^^^^^^^^^^^^^
KeyError: 'created_frame'
2025-05-21 07:17:41,821 - tracking - ERROR - Error in embedding processing: Input must be uint8
2025-05-21 07:17:41,822 - tracking - ERROR - Error in embedding processing: Input must be uint8
2025-05-21 07:17:41,823 - tracking - ERROR - Error calculating embedding quality: 'dict' object has no attribute 'layout'
2025-05-21 07:17:41,823 - tracking - ERROR - Error updating track 6.0: 'EnhancedTracker' object has no attribute 'min_embedding_quality'
2025-05-21 07:17:41,823 - tracking - ERROR - Error in track cleanup: 'created_frame'
Traceback (most recent call last):
  File "C:\Users\ianfe\OneDrive\Documents\GitHub\facebeak\tracking.py", line 685, in _cleanup_old_tracks
    track_age = current_frame - history['created_frame']
                                ~~~~~~~^^^^^^^^^^^^^^^^^
KeyError: 'created_frame'
2025-05-21 07:17:41,826 - tracking - ERROR - Error in embedding processing: Input must be uint8
2025-05-21 07:17:41,826 - tracking - ERROR - Error in embedding processing: Input must be uint8
2025-05-21 07:17:41,828 - tracking - ERROR - Error calculating embedding quality: 'dict' object has no attribute 'layout'
2025-05-21 07:17:41,828 - tracking - ERROR - Error updating track 6.0: 'EnhancedTracker' object has no attribute 'min_embedding_quality'
2025-05-21 07:17:41,828 - tracking - ERROR - Error in track cleanup: 'created_frame'
Traceback (most recent call last):
  File "C:\Users\ianfe\OneDrive\Documents\GitHub\facebeak\tracking.py", line 685, in _cleanup_old_tracks
    track_age = current_frame - history['created_frame']
                                ~~~~~~~^^^^^^^^^^^^^^^^^
KeyError: 'created_frame'
2025-05-21 07:17:41,830 - tracking - ERROR - Error in embedding processing: Input must be uint8
2025-05-21 07:17:41,832 - tracking - ERROR - Error in embedding processing: Input must be uint8
2025-05-21 07:17:41,832 - tracking - ERROR - Error calculating embedding quality: 'dict' object has no attribute 'layout'
2025-05-21 07:17:41,832 - tracking - ERROR - Error updating track 6.0: 'EnhancedTracker' object has no attribute 'min_embedding_quality'
2025-05-21 07:17:41,832 - tracking - ERROR - Error in track cleanup: 'created_frame'
Traceback (most recent call last):
  File "C:\Users\ianfe\OneDrive\Documents\GitHub\facebeak\tracking.py", line 685, in _cleanup_old_tracks
    track_age = current_frame - history['created_frame']
                                ~~~~~~~^^^^^^^^^^^^^^^^^
KeyError: 'created_frame'
2025-05-21 07:17:41,834 - tracking - ERROR - Error in embedding processing: Input must be uint8
2025-05-21 07:17:41,837 - tracking - ERROR - Error in embedding processing: Input must be uint8
2025-05-21 07:17:41,837 - tracking - ERROR - Error calculating embedding quality: 'dict' object has no attribute 'layout'
2025-05-21 07:17:41,837 - tracking - ERROR - Error updating track 6.0: 'EnhancedTracker' object has no attribute 'min_embedding_quality'
2025-05-21 07:17:41,837 - tracking - ERROR - Error in track cleanup: 'created_frame'
Traceback (most recent call last):
  File "C:\Users\ianfe\OneDrive\Documents\GitHub\facebeak\tracking.py", line 685, in _cleanup_old_tracks
    track_age = current_frame - history['created_frame']
                                ~~~~~~~^^^^^^^^^^^^^^^^^
KeyError: 'created_frame'
2025-05-21 07:17:41,841 - tracking - ERROR - Error in embedding processing: Input must be uint8
2025-05-21 07:17:41,842 - tracking - ERROR - Error in embedding processing: Input must be uint8
2025-05-21 07:17:41,842 - tracking - ERROR - Error calculating embedding quality: 'dict' object has no attribute 'layout'
2025-05-21 07:17:41,842 - tracking - ERROR - Error updating track 6.0: 'EnhancedTracker' object has no attribute 'min_embedding_quality'
2025-05-21 07:17:41,842 - tracking - ERROR - Error in track cleanup: 'created_frame'
Traceback (most recent call last):
  File "C:\Users\ianfe\OneDrive\Documents\GitHub\facebeak\tracking.py", line 685, in _cleanup_old_tracks
    track_age = current_frame - history['created_frame']
                                ~~~~~~~^^^^^^^^^^^^^^^^^
KeyError: 'created_frame'
2025-05-21 07:17:41,845 - tracking - ERROR - Error in embedding processing: Input must be uint8
2025-05-21 07:17:41,847 - tracking - ERROR - Error in embedding processing: Input must be uint8
2025-05-21 07:17:41,847 - tracking - ERROR - Error calculating embedding quality: 'dict' object has no attribute 'layout'
2025-05-21 07:17:41,847 - tracking - ERROR - Error updating track 6.0: 'EnhancedTracker' object has no attribute 'min_embedding_quality'
2025-05-21 07:17:41,847 - tracking - ERROR - Error in track cleanup: 'created_frame'
Traceback (most recent call last):
  File "C:\Users\ianfe\OneDrive\Documents\GitHub\facebeak\tracking.py", line 685, in _cleanup_old_tracks
    track_age = current_frame - history['created_frame']
                                ~~~~~~~^^^^^^^^^^^^^^^^^
KeyError: 'created_frame'
2025-05-21 07:17:41,849 - tracking - WARNING - Invalid bbox coordinates: [        190         190         290         290] for frame size 400x400
2025-05-21 07:17:41,849 - tracking - ERROR - Error in track cleanup: 'created_frame'
Traceback (most recent call last):
  File "C:\Users\ianfe\OneDrive\Documents\GitHub\facebeak\tracking.py", line 685, in _cleanup_old_tracks
    track_age = current_frame - history['created_frame']
                                ~~~~~~~^^^^^^^^^^^^^^^^^
KeyError: 'created_frame'
------------------------------ Captured log call ------------------------------
DEBUG    tracking:tracking.py:386 Logger configured successfully
INFO     tracking:tracking.py:331 CUDA device initialized
INFO     tracking:tracking.py:343 SORT tracker initialized successfully
INFO     color_normalization:color_normalization.py:46 Using GPU acceleration for color normalization
INFO     multi_view:multi_view.py:30 Initialized MultiViewExtractor with 2 rotations and 1 zoom factors
INFO     tracking:tracking.py:1010 Multi-view extractor initialized successfully
INFO     multi_view:multi_view.py:30 Initialized MultiViewExtractor with 2 rotations and 1 zoom factors
INFO     tracking:tracking.py:1010 Multi-view extractor initialized successfully
ERROR    tracking:tracking.py:1203 Error in embedding processing: Input must be uint8
ERROR    tracking:tracking.py:1203 Error in embedding processing: Input must be uint8
ERROR    tracking:tracking.py:1303 Error calculating embedding quality: 'dict' object has no attribute 'layout'
ERROR    tracking:tracking.py:624 Error updating track 6.0: 'EnhancedTracker' object has no attribute 'min_embedding_quality'
ERROR    tracking:tracking.py:1203 Error in embedding processing: Input must be uint8
ERROR    tracking:tracking.py:1203 Error in embedding processing: Input must be uint8
ERROR    tracking:tracking.py:1303 Error calculating embedding quality: 'dict' object has no attribute 'layout'
ERROR    tracking:tracking.py:624 Error updating track 6.0: 'EnhancedTracker' object has no attribute 'min_embedding_quality'
ERROR    tracking:tracking.py:727 Error in track cleanup: 'created_frame'
Traceback (most recent call last):
  File "C:\Users\ianfe\OneDrive\Documents\GitHub\facebeak\tracking.py", line 685, in _cleanup_old_tracks
    track_age = current_frame - history['created_frame']
                                ~~~~~~~^^^^^^^^^^^^^^^^^
KeyError: 'created_frame'
ERROR    tracking:tracking.py:1203 Error in embedding processing: Input must be uint8
ERROR    tracking:tracking.py:1203 Error in embedding processing: Input must be uint8
ERROR    tracking:tracking.py:1303 Error calculating embedding quality: 'dict' object has no attribute 'layout'
ERROR    tracking:tracking.py:624 Error updating track 6.0: 'EnhancedTracker' object has no attribute 'min_embedding_quality'
ERROR    tracking:tracking.py:727 Error in track cleanup: 'created_frame'
Traceback (most recent call last):
  File "C:\Users\ianfe\OneDrive\Documents\GitHub\facebeak\tracking.py", line 685, in _cleanup_old_tracks
    track_age = current_frame - history['created_frame']
                                ~~~~~~~^^^^^^^^^^^^^^^^^
KeyError: 'created_frame'
ERROR    tracking:tracking.py:1203 Error in embedding processing: Input must be uint8
ERROR    tracking:tracking.py:1203 Error in embedding processing: Input must be uint8
ERROR    tracking:tracking.py:1303 Error calculating embedding quality: 'dict' object has no attribute 'layout'
ERROR    tracking:tracking.py:624 Error updating track 6.0: 'EnhancedTracker' object has no attribute 'min_embedding_quality'
ERROR    tracking:tracking.py:727 Error in track cleanup: 'created_frame'
Traceback (most recent call last):
  File "C:\Users\ianfe\OneDrive\Documents\GitHub\facebeak\tracking.py", line 685, in _cleanup_old_tracks
    track_age = current_frame - history['created_frame']
                                ~~~~~~~^^^^^^^^^^^^^^^^^
KeyError: 'created_frame'
ERROR    tracking:tracking.py:1203 Error in embedding processing: Input must be uint8
ERROR    tracking:tracking.py:1203 Error in embedding processing: Input must be uint8
ERROR    tracking:tracking.py:1303 Error calculating embedding quality: 'dict' object has no attribute 'layout'
ERROR    tracking:tracking.py:624 Error updating track 6.0: 'EnhancedTracker' object has no attribute 'min_embedding_quality'
ERROR    tracking:tracking.py:727 Error in track cleanup: 'created_frame'
Traceback (most recent call last):
  File "C:\Users\ianfe\OneDrive\Documents\GitHub\facebeak\tracking.py", line 685, in _cleanup_old_tracks
    track_age = current_frame - history['created_frame']
                                ~~~~~~~^^^^^^^^^^^^^^^^^
KeyError: 'created_frame'
ERROR    tracking:tracking.py:1203 Error in embedding processing: Input must be uint8
ERROR    tracking:tracking.py:1203 Error in embedding processing: Input must be uint8
ERROR    tracking:tracking.py:1303 Error calculating embedding quality: 'dict' object has no attribute 'layout'
ERROR    tracking:tracking.py:624 Error updating track 6.0: 'EnhancedTracker' object has no attribute 'min_embedding_quality'
ERROR    tracking:tracking.py:727 Error in track cleanup: 'created_frame'
Traceback (most recent call last):
  File "C:\Users\ianfe\OneDrive\Documents\GitHub\facebeak\tracking.py", line 685, in _cleanup_old_tracks
    track_age = current_frame - history['created_frame']
                                ~~~~~~~^^^^^^^^^^^^^^^^^
KeyError: 'created_frame'
ERROR    tracking:tracking.py:1203 Error in embedding processing: Input must be uint8
ERROR    tracking:tracking.py:1203 Error in embedding processing: Input must be uint8
ERROR    tracking:tracking.py:1303 Error calculating embedding quality: 'dict' object has no attribute 'layout'
ERROR    tracking:tracking.py:624 Error updating track 6.0: 'EnhancedTracker' object has no attribute 'min_embedding_quality'
ERROR    tracking:tracking.py:727 Error in track cleanup: 'created_frame'
Traceback (most recent call last):
  File "C:\Users\ianfe\OneDrive\Documents\GitHub\facebeak\tracking.py", line 685, in _cleanup_old_tracks
    track_age = current_frame - history['created_frame']
                                ~~~~~~~^^^^^^^^^^^^^^^^^
KeyError: 'created_frame'
ERROR    tracking:tracking.py:1203 Error in embedding processing: Input must be uint8
ERROR    tracking:tracking.py:1203 Error in embedding processing: Input must be uint8
ERROR    tracking:tracking.py:1303 Error calculating embedding quality: 'dict' object has no attribute 'layout'
ERROR    tracking:tracking.py:624 Error updating track 6.0: 'EnhancedTracker' object has no attribute 'min_embedding_quality'
ERROR    tracking:tracking.py:727 Error in track cleanup: 'created_frame'
Traceback (most recent call last):
  File "C:\Users\ianfe\OneDrive\Documents\GitHub\facebeak\tracking.py", line 685, in _cleanup_old_tracks
    track_age = current_frame - history['created_frame']
                                ~~~~~~~^^^^^^^^^^^^^^^^^
KeyError: 'created_frame'
ERROR    tracking:tracking.py:1203 Error in embedding processing: Input must be uint8
ERROR    tracking:tracking.py:1203 Error in embedding processing: Input must be uint8
ERROR    tracking:tracking.py:1303 Error calculating embedding quality: 'dict' object has no attribute 'layout'
ERROR    tracking:tracking.py:624 Error updating track 6.0: 'EnhancedTracker' object has no attribute 'min_embedding_quality'
ERROR    tracking:tracking.py:727 Error in track cleanup: 'created_frame'
Traceback (most recent call last):
  File "C:\Users\ianfe\OneDrive\Documents\GitHub\facebeak\tracking.py", line 685, in _cleanup_old_tracks
    track_age = current_frame - history['created_frame']
                                ~~~~~~~^^^^^^^^^^^^^^^^^
KeyError: 'created_frame'
WARNING  tracking:tracking.py:236 Invalid bbox coordinates: [        190         190         290         290] for frame size 400x400
ERROR    tracking:tracking.py:727 Error in track cleanup: 'created_frame'
Traceback (most recent call last):
  File "C:\Users\ianfe\OneDrive\Documents\GitHub\facebeak\tracking.py", line 685, in _cleanup_old_tracks
    track_age = current_frame - history['created_frame']
                                ~~~~~~~^^^^^^^^^^^^^^^^^
KeyError: 'created_frame'
_______________________ test_track_embedding_age_limits _______________________
tests\test_tracking.py:397: in test_track_embedding_age_limits
    track_id = int(tracks[0][4])
E   KeyError: 0
---------------------------- Captured stderr call -----------------------------
2025-05-21 07:17:42,015 - tracking - DEBUG - Logger configured successfully
2025-05-21 07:17:42,015 - tracking - INFO - CUDA device initialized
2025-05-21 07:17:42,015 - tracking - INFO - SORT tracker initialized successfully
2025-05-21 07:17:42,192 - tracking - INFO - Multi-view extractor initialized successfully
2025-05-21 07:17:42,192 - tracking - INFO - Multi-view extractor initialized successfully
------------------------------ Captured log call ------------------------------
DEBUG    tracking:tracking.py:386 Logger configured successfully
INFO     tracking:tracking.py:331 CUDA device initialized
INFO     tracking:tracking.py:343 SORT tracker initialized successfully
INFO     color_normalization:color_normalization.py:46 Using GPU acceleration for color normalization
INFO     multi_view:multi_view.py:30 Initialized MultiViewExtractor with 2 rotations and 1 zoom factors
INFO     tracking:tracking.py:1010 Multi-view extractor initialized successfully
INFO     multi_view:multi_view.py:30 Initialized MultiViewExtractor with 2 rotations and 1 zoom factors
INFO     tracking:tracking.py:1010 Multi-view extractor initialized successfully
_____________________ test_track_embedding_error_handling _____________________
tests\test_tracking.py:421: in test_track_embedding_error_handling
    assert len(tracks) > 0
E   assert 0 > 0
E    +  where 0 = len(array([], shape=(0, 5), dtype=float64))
---------------------------- Captured stderr call -----------------------------
2025-05-21 07:17:42,223 - tracking - DEBUG - Logger configured successfully
2025-05-21 07:17:42,223 - tracking - INFO - CUDA device initialized
2025-05-21 07:17:42,223 - tracking - INFO - SORT tracker initialized successfully
2025-05-21 07:17:42,409 - tracking - INFO - Multi-view extractor initialized successfully
2025-05-21 07:17:42,409 - tracking - INFO - Multi-view extractor initialized successfully
2025-05-21 07:17:42,409 - tracking - ERROR - Error in update: Test error
Traceback (most recent call last):
  File "C:\Users\ianfe\OneDrive\Documents\GitHub\facebeak\tracking.py", line 913, in update
    processed_tracks = self._process_detection_batch(frame, detections, self.frame_count)
                       ^^^^^^^^^^^^^^^^^^^^^^^^^^^^^^^^^^^^^^^^^^^^^^^^^^^^^^^^^^^^^^^^^^
  File "C:\Users\ianfe\AppData\Local\Programs\Python\Python311\Lib\unittest\mock.py", line 1124, in __call__
    return self._mock_call(*args, **kwargs)
           ^^^^^^^^^^^^^^^^^^^^^^^^^^^^^^^^
  File "C:\Users\ianfe\AppData\Local\Programs\Python\Python311\Lib\unittest\mock.py", line 1128, in _mock_call
    return self._execute_mock_call(*args, **kwargs)
           ^^^^^^^^^^^^^^^^^^^^^^^^^^^^^^^^^^^^^^^^
  File "C:\Users\ianfe\AppData\Local\Programs\Python\Python311\Lib\unittest\mock.py", line 1183, in _execute_mock_call
    raise effect
Exception: Test error
------------------------------ Captured log call ------------------------------
DEBUG    tracking:tracking.py:386 Logger configured successfully
INFO     tracking:tracking.py:331 CUDA device initialized
INFO     tracking:tracking.py:343 SORT tracker initialized successfully
INFO     color_normalization:color_normalization.py:46 Using GPU acceleration for color normalization
INFO     multi_view:multi_view.py:30 Initialized MultiViewExtractor with 2 rotations and 1 zoom factors
INFO     tracking:tracking.py:1010 Multi-view extractor initialized successfully
INFO     multi_view:multi_view.py:30 Initialized MultiViewExtractor with 2 rotations and 1 zoom factors
INFO     tracking:tracking.py:1010 Multi-view extractor initialized successfully
ERROR    tracking:tracking.py:925 Error in update: Test error
Traceback (most recent call last):
  File "C:\Users\ianfe\OneDrive\Documents\GitHub\facebeak\tracking.py", line 913, in update
    processed_tracks = self._process_detection_batch(frame, detections, self.frame_count)
                       ^^^^^^^^^^^^^^^^^^^^^^^^^^^^^^^^^^^^^^^^^^^^^^^^^^^^^^^^^^^^^^^^^^
  File "C:\Users\ianfe\AppData\Local\Programs\Python\Python311\Lib\unittest\mock.py", line 1124, in __call__
    return self._mock_call(*args, **kwargs)
           ^^^^^^^^^^^^^^^^^^^^^^^^^^^^^^^^
  File "C:\Users\ianfe\AppData\Local\Programs\Python\Python311\Lib\unittest\mock.py", line 1128, in _mock_call
    return self._execute_mock_call(*args, **kwargs)
           ^^^^^^^^^^^^^^^^^^^^^^^^^^^^^^^^^^^^^^^^
  File "C:\Users\ianfe\AppData\Local\Programs\Python\Python311\Lib\unittest\mock.py", line 1183, in _execute_mock_call
    raise effect
Exception: Test error
__________________ test_enhanced_tracker_model_loading_error __________________
tests\test_tracking.py:436: in test_enhanced_tracker_model_loading_error
    assert "Model initialization failed" in str(exc_info.value)
E   assert 'Model initialization failed' in "Failed to load model from invalid_path.pth: [Errno 2] No such file or directory: 'invalid_path.pth'"
E    +  where "Failed to load model from invalid_path.pth: [Errno 2] No such file or directory: 'invalid_path.pth'" = str(ModelError("Failed to load model from invalid_path.pth: [Errno 2] No such file or directory: 'invalid_path.pth'"))
E    +    where ModelError("Failed to load model from invalid_path.pth: [Errno 2] No such file or directory: 'invalid_path.pth'") = <ExceptionInfo ModelError("Failed to load model from invalid_path.pth: [Errno 2] No such file or directory: 'invalid_path.pth'") tblen=3>.value
---------------------------- Captured stderr call -----------------------------
2025-05-21 07:17:42,446 - tracking - DEBUG - Logger configured successfully
2025-05-21 07:17:42,447 - tracking - INFO - CUDA device initialized
2025-05-21 07:17:42,447 - tracking - INFO - SORT tracker initialized successfully
2025-05-21 07:17:42,620 - tracking - ERROR - Failed to initialize tracker: Failed to load model from invalid_path.pth: [Errno 2] No such file or directory: 'invalid_path.pth'
------------------------------ Captured log call ------------------------------
DEBUG    tracking:tracking.py:386 Logger configured successfully
INFO     tracking:tracking.py:331 CUDA device initialized
INFO     tracking:tracking.py:343 SORT tracker initialized successfully
INFO     color_normalization:color_normalization.py:46 Using GPU acceleration for color normalization
ERROR    tracking:tracking.py:363 Failed to initialize tracker: Failed to load model from invalid_path.pth: [Errno 2] No such file or directory: 'invalid_path.pth'
_____________________ test_enhanced_tracker_invalid_input _____________________
tests\test_tracking.py:450: in test_enhanced_tracker_invalid_input
    assert len(tracks) > 0  # Should return a track with zero embedding
E   assert 0 > 0
E    +  where 0 = len(array([], shape=(0, 5), dtype=float64))
---------------------------- Captured stderr call -----------------------------
2025-05-21 07:17:42,652 - tracking - DEBUG - Logger configured successfully
2025-05-21 07:17:42,652 - tracking - INFO - CUDA device initialized
2025-05-21 07:17:42,652 - tracking - INFO - SORT tracker initialized successfully
2025-05-21 07:17:42,868 - tracking - INFO - Multi-view extractor initialized successfully
2025-05-21 07:17:42,868 - tracking - INFO - Multi-view extractor initialized successfully
2025-05-21 07:17:42,868 - tracking - ERROR - Error in update: Invalid frame format: expected 3D numpy array
Traceback (most recent call last):
  File "C:\Users\ianfe\OneDrive\Documents\GitHub\facebeak\tracking.py", line 887, in update
    raise ValueError("Invalid frame format: expected 3D numpy array")
ValueError: Invalid frame format: expected 3D numpy array
------------------------------ Captured log call ------------------------------
DEBUG    tracking:tracking.py:386 Logger configured successfully
INFO     tracking:tracking.py:331 CUDA device initialized
INFO     tracking:tracking.py:343 SORT tracker initialized successfully
INFO     color_normalization:color_normalization.py:46 Using GPU acceleration for color normalization
INFO     multi_view:multi_view.py:30 Initialized MultiViewExtractor with 2 rotations and 1 zoom factors
INFO     tracking:tracking.py:1010 Multi-view extractor initialized successfully
INFO     multi_view:multi_view.py:30 Initialized MultiViewExtractor with 2 rotations and 1 zoom factors
INFO     tracking:tracking.py:1010 Multi-view extractor initialized successfully
ERROR    tracking:tracking.py:925 Error in update: Invalid frame format: expected 3D numpy array
Traceback (most recent call last):
  File "C:\Users\ianfe\OneDrive\Documents\GitHub\facebeak\tracking.py", line 887, in update
    raise ValueError("Invalid frame format: expected 3D numpy array")
ValueError: Invalid frame format: expected 3D numpy array
___________________ test_enhanced_tracker_processing_errors ___________________
tests\test_tracking.py:478: in test_enhanced_tracker_processing_errors
    assert len(tracks) > 0  # Should return tracks with zero embeddings
E   assert 0 > 0
E    +  where 0 = len(array([], shape=(0, 5), dtype=float64))
---------------------------- Captured stderr call -----------------------------
2025-05-21 07:17:42,901 - tracking - DEBUG - Logger configured successfully
2025-05-21 07:17:42,901 - tracking - INFO - CUDA device initialized
2025-05-21 07:17:42,901 - tracking - INFO - SORT tracker initialized successfully
2025-05-21 07:17:43,108 - tracking - INFO - Multi-view extractor initialized successfully
2025-05-21 07:17:43,108 - tracking - INFO - Multi-view extractor initialized successfully
2025-05-21 07:17:43,109 - tracking - ERROR - Error in update: Test timeout
Traceback (most recent call last):
  File "C:\Users\ianfe\OneDrive\Documents\GitHub\facebeak\tracking.py", line 913, in update
    processed_tracks = self._process_detection_batch(frame, detections, self.frame_count)
                       ^^^^^^^^^^^^^^^^^^^^^^^^^^^^^^^^^^^^^^^^^^^^^^^^^^^^^^^^^^^^^^^^^^
  File "C:\Users\ianfe\AppData\Local\Programs\Python\Python311\Lib\unittest\mock.py", line 1124, in __call__
    return self._mock_call(*args, **kwargs)
           ^^^^^^^^^^^^^^^^^^^^^^^^^^^^^^^^
  File "C:\Users\ianfe\AppData\Local\Programs\Python\Python311\Lib\unittest\mock.py", line 1128, in _mock_call
    return self._execute_mock_call(*args, **kwargs)
           ^^^^^^^^^^^^^^^^^^^^^^^^^^^^^^^^^^^^^^^^
  File "C:\Users\ianfe\AppData\Local\Programs\Python\Python311\Lib\unittest\mock.py", line 1183, in _execute_mock_call
    raise effect
tracking.TimeoutException: Test timeout
------------------------------ Captured log call ------------------------------
DEBUG    tracking:tracking.py:386 Logger configured successfully
INFO     tracking:tracking.py:331 CUDA device initialized
INFO     tracking:tracking.py:343 SORT tracker initialized successfully
INFO     color_normalization:color_normalization.py:46 Using GPU acceleration for color normalization
INFO     multi_view:multi_view.py:30 Initialized MultiViewExtractor with 2 rotations and 1 zoom factors
INFO     tracking:tracking.py:1010 Multi-view extractor initialized successfully
INFO     multi_view:multi_view.py:30 Initialized MultiViewExtractor with 2 rotations and 1 zoom factors
INFO     tracking:tracking.py:1010 Multi-view extractor initialized successfully
ERROR    tracking:tracking.py:925 Error in update: Test timeout
Traceback (most recent call last):
  File "C:\Users\ianfe\OneDrive\Documents\GitHub\facebeak\tracking.py", line 913, in update
    processed_tracks = self._process_detection_batch(frame, detections, self.frame_count)
                       ^^^^^^^^^^^^^^^^^^^^^^^^^^^^^^^^^^^^^^^^^^^^^^^^^^^^^^^^^^^^^^^^^^
  File "C:\Users\ianfe\AppData\Local\Programs\Python\Python311\Lib\unittest\mock.py", line 1124, in __call__
    return self._mock_call(*args, **kwargs)
           ^^^^^^^^^^^^^^^^^^^^^^^^^^^^^^^^
  File "C:\Users\ianfe\AppData\Local\Programs\Python\Python311\Lib\unittest\mock.py", line 1128, in _mock_call
    return self._execute_mock_call(*args, **kwargs)
           ^^^^^^^^^^^^^^^^^^^^^^^^^^^^^^^^^^^^^^^^
  File "C:\Users\ianfe\AppData\Local\Programs\Python\Python311\Lib\unittest\mock.py", line 1183, in _execute_mock_call
    raise effect
tracking.TimeoutException: Test timeout
___________________ test_enhanced_tracker_resource_cleanup ____________________
tests\test_tracking.py:525: in test_enhanced_tracker_resource_cleanup
    track_id = int(tracks[0][4])
E   IndexError: index 0 is out of bounds for axis 0 with size 0
---------------------------- Captured stderr call -----------------------------
2025-05-21 07:17:43,147 - tracking - DEBUG - Logger configured successfully
2025-05-21 07:17:43,147 - tracking - INFO - CUDA device initialized
2025-05-21 07:17:43,148 - tracking - INFO - SORT tracker initialized successfully
2025-05-21 07:17:43,348 - tracking - INFO - Multi-view extractor initialized successfully
2025-05-21 07:17:43,348 - tracking - INFO - Multi-view extractor initialized successfully
2025-05-21 07:17:43,351 - tracking - ERROR - Error in embedding processing: Input must be uint8
2025-05-21 07:17:43,353 - tracking - ERROR - Error in embedding processing: Input must be uint8
2025-05-21 07:17:43,354 - tracking - ERROR - Error calculating embedding quality: 'dict' object has no attribute 'layout'
2025-05-21 07:17:43,354 - tracking - ERROR - Error updating track 7.0: 'EnhancedTracker' object has no attribute 'min_embedding_quality'
2025-05-21 07:17:43,357 - tracking - ERROR - Error in embedding processing: Input must be uint8
2025-05-21 07:17:43,358 - tracking - ERROR - Error in embedding processing: Input must be uint8
2025-05-21 07:17:43,360 - tracking - ERROR - Error calculating embedding quality: 'dict' object has no attribute 'layout'
2025-05-21 07:17:43,360 - tracking - ERROR - Error updating track 7.0: 'EnhancedTracker' object has no attribute 'min_embedding_quality'
2025-05-21 07:17:43,360 - tracking - ERROR - Error in track cleanup: 'created_frame'
Traceback (most recent call last):
  File "C:\Users\ianfe\OneDrive\Documents\GitHub\facebeak\tracking.py", line 685, in _cleanup_old_tracks
    track_age = current_frame - history['created_frame']
                                ~~~~~~~^^^^^^^^^^^^^^^^^
KeyError: 'created_frame'
2025-05-21 07:17:43,362 - tracking - ERROR - Error in embedding processing: Input must be uint8
2025-05-21 07:17:43,364 - tracking - ERROR - Error in embedding processing: Input must be uint8
2025-05-21 07:17:43,365 - tracking - ERROR - Error calculating embedding quality: 'dict' object has no attribute 'layout'
2025-05-21 07:17:43,365 - tracking - ERROR - Error updating track 7.0: 'EnhancedTracker' object has no attribute 'min_embedding_quality'
2025-05-21 07:17:43,365 - tracking - ERROR - Error in track cleanup: 'created_frame'
Traceback (most recent call last):
  File "C:\Users\ianfe\OneDrive\Documents\GitHub\facebeak\tracking.py", line 685, in _cleanup_old_tracks
    track_age = current_frame - history['created_frame']
                                ~~~~~~~^^^^^^^^^^^^^^^^^
KeyError: 'created_frame'
2025-05-21 07:17:43,368 - tracking - ERROR - Error in embedding processing: Input must be uint8
2025-05-21 07:17:43,370 - tracking - ERROR - Error in embedding processing: Input must be uint8
2025-05-21 07:17:43,372 - tracking - ERROR - Error calculating embedding quality: 'dict' object has no attribute 'layout'
2025-05-21 07:17:43,372 - tracking - ERROR - Error updating track 7.0: 'EnhancedTracker' object has no attribute 'min_embedding_quality'
2025-05-21 07:17:43,372 - tracking - ERROR - Error in track cleanup: 'created_frame'
Traceback (most recent call last):
  File "C:\Users\ianfe\OneDrive\Documents\GitHub\facebeak\tracking.py", line 685, in _cleanup_old_tracks
    track_age = current_frame - history['created_frame']
                                ~~~~~~~^^^^^^^^^^^^^^^^^
KeyError: 'created_frame'
2025-05-21 07:17:43,376 - tracking - ERROR - Error in embedding processing: Input must be uint8
2025-05-21 07:17:43,378 - tracking - ERROR - Error in embedding processing: Input must be uint8
2025-05-21 07:17:43,379 - tracking - ERROR - Error calculating embedding quality: 'dict' object has no attribute 'layout'
2025-05-21 07:17:43,379 - tracking - ERROR - Error updating track 7.0: 'EnhancedTracker' object has no attribute 'min_embedding_quality'
2025-05-21 07:17:43,379 - tracking - ERROR - Error in track cleanup: 'created_frame'
Traceback (most recent call last):
  File "C:\Users\ianfe\OneDrive\Documents\GitHub\facebeak\tracking.py", line 685, in _cleanup_old_tracks
    track_age = current_frame - history['created_frame']
                                ~~~~~~~^^^^^^^^^^^^^^^^^
KeyError: 'created_frame'
2025-05-21 07:17:43,514 - tracking - ERROR - Error in embedding processing: Input must be uint8
2025-05-21 07:17:43,516 - tracking - ERROR - Error in embedding processing: Input must be uint8
2025-05-21 07:17:43,517 - tracking - ERROR - Error calculating embedding quality: 'dict' object has no attribute 'layout'
2025-05-21 07:17:43,517 - tracking - ERROR - Error updating track 7.0: 'EnhancedTracker' object has no attribute 'min_embedding_quality'
2025-05-21 07:17:43,517 - tracking - ERROR - Error in track cleanup: 'created_frame'
Traceback (most recent call last):
  File "C:\Users\ianfe\OneDrive\Documents\GitHub\facebeak\tracking.py", line 685, in _cleanup_old_tracks
    track_age = current_frame - history['created_frame']
                                ~~~~~~~^^^^^^^^^^^^^^^^^
KeyError: 'created_frame'
------------------------------ Captured log call ------------------------------
DEBUG    tracking:tracking.py:386 Logger configured successfully
INFO     tracking:tracking.py:331 CUDA device initialized
INFO     tracking:tracking.py:343 SORT tracker initialized successfully
INFO     color_normalization:color_normalization.py:46 Using GPU acceleration for color normalization
INFO     multi_view:multi_view.py:30 Initialized MultiViewExtractor with 2 rotations and 1 zoom factors
INFO     tracking:tracking.py:1010 Multi-view extractor initialized successfully
INFO     multi_view:multi_view.py:30 Initialized MultiViewExtractor with 2 rotations and 1 zoom factors
INFO     tracking:tracking.py:1010 Multi-view extractor initialized successfully
ERROR    tracking:tracking.py:1203 Error in embedding processing: Input must be uint8
ERROR    tracking:tracking.py:1203 Error in embedding processing: Input must be uint8
ERROR    tracking:tracking.py:1303 Error calculating embedding quality: 'dict' object has no attribute 'layout'
ERROR    tracking:tracking.py:624 Error updating track 7.0: 'EnhancedTracker' object has no attribute 'min_embedding_quality'
ERROR    tracking:tracking.py:1203 Error in embedding processing: Input must be uint8
ERROR    tracking:tracking.py:1203 Error in embedding processing: Input must be uint8
ERROR    tracking:tracking.py:1303 Error calculating embedding quality: 'dict' object has no attribute 'layout'
ERROR    tracking:tracking.py:624 Error updating track 7.0: 'EnhancedTracker' object has no attribute 'min_embedding_quality'
ERROR    tracking:tracking.py:727 Error in track cleanup: 'created_frame'
Traceback (most recent call last):
  File "C:\Users\ianfe\OneDrive\Documents\GitHub\facebeak\tracking.py", line 685, in _cleanup_old_tracks
    track_age = current_frame - history['created_frame']
                                ~~~~~~~^^^^^^^^^^^^^^^^^
KeyError: 'created_frame'
ERROR    tracking:tracking.py:1203 Error in embedding processing: Input must be uint8
ERROR    tracking:tracking.py:1203 Error in embedding processing: Input must be uint8
ERROR    tracking:tracking.py:1303 Error calculating embedding quality: 'dict' object has no attribute 'layout'
ERROR    tracking:tracking.py:624 Error updating track 7.0: 'EnhancedTracker' object has no attribute 'min_embedding_quality'
ERROR    tracking:tracking.py:727 Error in track cleanup: 'created_frame'
Traceback (most recent call last):
  File "C:\Users\ianfe\OneDrive\Documents\GitHub\facebeak\tracking.py", line 685, in _cleanup_old_tracks
    track_age = current_frame - history['created_frame']
                                ~~~~~~~^^^^^^^^^^^^^^^^^
KeyError: 'created_frame'
ERROR    tracking:tracking.py:1203 Error in embedding processing: Input must be uint8
ERROR    tracking:tracking.py:1203 Error in embedding processing: Input must be uint8
ERROR    tracking:tracking.py:1303 Error calculating embedding quality: 'dict' object has no attribute 'layout'
ERROR    tracking:tracking.py:624 Error updating track 7.0: 'EnhancedTracker' object has no attribute 'min_embedding_quality'
ERROR    tracking:tracking.py:727 Error in track cleanup: 'created_frame'
Traceback (most recent call last):
  File "C:\Users\ianfe\OneDrive\Documents\GitHub\facebeak\tracking.py", line 685, in _cleanup_old_tracks
    track_age = current_frame - history['created_frame']
                                ~~~~~~~^^^^^^^^^^^^^^^^^
KeyError: 'created_frame'
ERROR    tracking:tracking.py:1203 Error in embedding processing: Input must be uint8
ERROR    tracking:tracking.py:1203 Error in embedding processing: Input must be uint8
ERROR    tracking:tracking.py:1303 Error calculating embedding quality: 'dict' object has no attribute 'layout'
ERROR    tracking:tracking.py:624 Error updating track 7.0: 'EnhancedTracker' object has no attribute 'min_embedding_quality'
ERROR    tracking:tracking.py:727 Error in track cleanup: 'created_frame'
Traceback (most recent call last):
  File "C:\Users\ianfe\OneDrive\Documents\GitHub\facebeak\tracking.py", line 685, in _cleanup_old_tracks
    track_age = current_frame - history['created_frame']
                                ~~~~~~~^^^^^^^^^^^^^^^^^
KeyError: 'created_frame'
ERROR    tracking:tracking.py:1203 Error in embedding processing: Input must be uint8
ERROR    tracking:tracking.py:1203 Error in embedding processing: Input must be uint8
ERROR    tracking:tracking.py:1303 Error calculating embedding quality: 'dict' object has no attribute 'layout'
ERROR    tracking:tracking.py:624 Error updating track 7.0: 'EnhancedTracker' object has no attribute 'min_embedding_quality'
ERROR    tracking:tracking.py:727 Error in track cleanup: 'created_frame'
Traceback (most recent call last):
  File "C:\Users\ianfe\OneDrive\Documents\GitHub\facebeak\tracking.py", line 685, in _cleanup_old_tracks
    track_age = current_frame - history['created_frame']
                                ~~~~~~~^^^^^^^^^^^^^^^^^
KeyError: 'created_frame'
_____________________ test_track_id_persistence_long_term _____________________
tests\test_tracking.py:562: in test_track_id_persistence_long_term
    assert len(track_ids) == 1, f"Expected single track ID, got {len(track_ids)} different IDs: {track_ids}"
E   AssertionError: Expected single track ID, got 0 different IDs: set()
E   assert 0 == 1
E    +  where 0 = len(set())
---------------------------- Captured stderr call -----------------------------
2025-05-21 07:17:43,555 - tracking - DEBUG - Logger configured successfully
2025-05-21 07:17:43,555 - tracking - INFO - CUDA device initialized
2025-05-21 07:17:43,555 - tracking - INFO - SORT tracker initialized successfully
2025-05-21 07:17:43,748 - tracking - INFO - Multi-view extractor initialized successfully
2025-05-21 07:17:43,749 - tracking - INFO - Multi-view extractor initialized successfully
2025-05-21 07:17:43,751 - tracking - ERROR - Error in embedding processing: Input must be uint8
2025-05-21 07:17:43,754 - tracking - ERROR - Error in embedding processing: Input must be uint8
2025-05-21 07:17:43,757 - tracking - ERROR - Error calculating embedding quality: 'dict' object has no attribute 'layout'
2025-05-21 07:17:43,757 - tracking - ERROR - Error updating track 8.0: 'EnhancedTracker' object has no attribute 'min_embedding_quality'
2025-05-21 07:17:43,758 - tracking - ERROR - Error in embedding processing: Input must be uint8
2025-05-21 07:17:43,761 - tracking - ERROR - Error in embedding processing: Input must be uint8
2025-05-21 07:17:43,761 - tracking - ERROR - Error calculating embedding quality: 'dict' object has no attribute 'layout'
2025-05-21 07:17:43,761 - tracking - ERROR - Error updating track 8.0: 'EnhancedTracker' object has no attribute 'min_embedding_quality'
2025-05-21 07:17:43,764 - tracking - ERROR - Error in embedding processing: Input must be uint8
2025-05-21 07:17:43,766 - tracking - ERROR - Error in embedding processing: Input must be uint8
2025-05-21 07:17:43,766 - tracking - ERROR - Error calculating embedding quality: 'dict' object has no attribute 'layout'
2025-05-21 07:17:43,766 - tracking - ERROR - Error updating track 8.0: 'EnhancedTracker' object has no attribute 'min_embedding_quality'
2025-05-21 07:17:43,768 - tracking - WARNING - Invalid bbox coordinates: [        106         106         206         206] for frame size 400x400
2025-05-21 07:17:43,769 - tracking - WARNING - Invalid bbox coordinates: [        108         108         208         208] for frame size 400x400
2025-05-21 07:17:43,769 - tracking - ERROR - Error in track cleanup: 'created_frame'
Traceback (most recent call last):
  File "C:\Users\ianfe\OneDrive\Documents\GitHub\facebeak\tracking.py", line 685, in _cleanup_old_tracks
    track_age = current_frame - history['created_frame']
                                ~~~~~~~^^^^^^^^^^^^^^^^^
KeyError: 'created_frame'
2025-05-21 07:17:43,771 - tracking - WARNING - Invalid bbox coordinates: [        110         110         210         210] for frame size 400x400
2025-05-21 07:17:43,771 - tracking - ERROR - Error in track cleanup: 'created_frame'
Traceback (most recent call last):
  File "C:\Users\ianfe\OneDrive\Documents\GitHub\facebeak\tracking.py", line 685, in _cleanup_old_tracks
    track_age = current_frame - history['created_frame']
                                ~~~~~~~^^^^^^^^^^^^^^^^^
KeyError: 'created_frame'
2025-05-21 07:17:43,774 - tracking - ERROR - Error in embedding processing: Input must be uint8
2025-05-21 07:17:43,775 - tracking - ERROR - Error in embedding processing: Input must be uint8
2025-05-21 07:17:43,777 - tracking - ERROR - Error calculating embedding quality: 'dict' object has no attribute 'layout'
2025-05-21 07:17:43,777 - tracking - ERROR - Error updating track 8.0: 'EnhancedTracker' object has no attribute 'min_embedding_quality'
2025-05-21 07:17:43,777 - tracking - ERROR - Error in track cleanup: 'created_frame'
Traceback (most recent call last):
  File "C:\Users\ianfe\OneDrive\Documents\GitHub\facebeak\tracking.py", line 685, in _cleanup_old_tracks
    track_age = current_frame - history['created_frame']
                                ~~~~~~~^^^^^^^^^^^^^^^^^
KeyError: 'created_frame'
2025-05-21 07:17:43,778 - tracking - WARNING - Invalid bbox coordinates: [        114         114         214         214] for frame size 400x400
2025-05-21 07:17:43,778 - tracking - ERROR - Error in track cleanup: 'created_frame'
Traceback (most recent call last):
  File "C:\Users\ianfe\OneDrive\Documents\GitHub\facebeak\tracking.py", line 685, in _cleanup_old_tracks
    track_age = current_frame - history['created_frame']
                                ~~~~~~~^^^^^^^^^^^^^^^^^
KeyError: 'created_frame'
2025-05-21 07:17:43,781 - tracking - ERROR - Error in embedding processing: Input must be uint8
2025-05-21 07:17:43,783 - tracking - ERROR - Error in embedding processing: Input must be uint8
2025-05-21 07:17:43,783 - tracking - ERROR - Error calculating embedding quality: 'dict' object has no attribute 'layout'
2025-05-21 07:17:43,783 - tracking - ERROR - Error updating track 8.0: 'EnhancedTracker' object has no attribute 'min_embedding_quality'
2025-05-21 07:17:43,783 - tracking - ERROR - Error in track cleanup: 'created_frame'
Traceback (most recent call last):
  File "C:\Users\ianfe\OneDrive\Documents\GitHub\facebeak\tracking.py", line 685, in _cleanup_old_tracks
    track_age = current_frame - history['created_frame']
                                ~~~~~~~^^^^^^^^^^^^^^^^^
KeyError: 'created_frame'
2025-05-21 07:17:43,786 - tracking - ERROR - Error in embedding processing: Input must be uint8
2025-05-21 07:17:43,787 - tracking - ERROR - Error in embedding processing: Input must be uint8
2025-05-21 07:17:43,789 - tracking - ERROR - Error calculating embedding quality: 'dict' object has no attribute 'layout'
2025-05-21 07:17:43,790 - tracking - ERROR - Error updating track 8.0: 'EnhancedTracker' object has no attribute 'min_embedding_quality'
2025-05-21 07:17:43,790 - tracking - ERROR - Error in track cleanup: 'created_frame'
Traceback (most recent call last):
  File "C:\Users\ianfe\OneDrive\Documents\GitHub\facebeak\tracking.py", line 685, in _cleanup_old_tracks
    track_age = current_frame - history['created_frame']
                                ~~~~~~~^^^^^^^^^^^^^^^^^
KeyError: 'created_frame'
2025-05-21 07:17:43,793 - tracking - ERROR - Error in embedding processing: Input must be uint8
2025-05-21 07:17:43,795 - tracking - ERROR - Error in embedding processing: Input must be uint8
2025-05-21 07:17:43,796 - tracking - ERROR - Error calculating embedding quality: 'dict' object has no attribute 'layout'
2025-05-21 07:17:43,796 - tracking - ERROR - Error updating track 8.0: 'EnhancedTracker' object has no attribute 'min_embedding_quality'
2025-05-21 07:17:43,796 - tracking - ERROR - Error in track cleanup: 'created_frame'
Traceback (most recent call last):
  File "C:\Users\ianfe\OneDrive\Documents\GitHub\facebeak\tracking.py", line 685, in _cleanup_old_tracks
    track_age = current_frame - history['created_frame']
                                ~~~~~~~^^^^^^^^^^^^^^^^^
KeyError: 'created_frame'
2025-05-21 07:17:43,799 - tracking - ERROR - Error in embedding processing: Input must be uint8
2025-05-21 07:17:43,801 - tracking - ERROR - Error in embedding processing: Input must be uint8
2025-05-21 07:17:43,802 - tracking - ERROR - Error calculating embedding quality: 'dict' object has no attribute 'layout'
2025-05-21 07:17:43,802 - tracking - ERROR - Error updating track 8.0: 'EnhancedTracker' object has no attribute 'min_embedding_quality'
2025-05-21 07:17:43,802 - tracking - ERROR - Error in track cleanup: 'created_frame'
Traceback (most recent call last):
  File "C:\Users\ianfe\OneDrive\Documents\GitHub\facebeak\tracking.py", line 685, in _cleanup_old_tracks
    track_age = current_frame - history['created_frame']
                                ~~~~~~~^^^^^^^^^^^^^^^^^
KeyError: 'created_frame'
2025-05-21 07:17:43,803 - tracking - WARNING - Invalid bbox coordinates: [        124         124         224         224] for frame size 400x400
2025-05-21 07:17:43,804 - tracking - ERROR - Error in track cleanup: 'created_frame'
Traceback (most recent call last):
  File "C:\Users\ianfe\OneDrive\Documents\GitHub\facebeak\tracking.py", line 685, in _cleanup_old_tracks
    track_age = current_frame - history['created_frame']
                                ~~~~~~~^^^^^^^^^^^^^^^^^
KeyError: 'created_frame'
2025-05-21 07:17:43,804 - tracking - WARNING - Invalid bbox coordinates: [        126         126         226         226] for frame size 400x400
2025-05-21 07:17:43,805 - tracking - ERROR - Error in track cleanup: 'created_frame'
Traceback (most recent call last):
  File "C:\Users\ianfe\OneDrive\Documents\GitHub\facebeak\tracking.py", line 685, in _cleanup_old_tracks
    track_age = current_frame - history['created_frame']
                                ~~~~~~~^^^^^^^^^^^^^^^^^
KeyError: 'created_frame'
2025-05-21 07:17:43,805 - tracking - WARNING - Invalid bbox coordinates: [        128         128         228         228] for frame size 400x400
2025-05-21 07:17:43,805 - tracking - ERROR - Error in track cleanup: 'created_frame'
Traceback (most recent call last):
  File "C:\Users\ianfe\OneDrive\Documents\GitHub\facebeak\tracking.py", line 685, in _cleanup_old_tracks
    track_age = current_frame - history['created_frame']
                                ~~~~~~~^^^^^^^^^^^^^^^^^
KeyError: 'created_frame'
2025-05-21 07:17:43,808 - tracking - ERROR - Error in embedding processing: Input must be uint8
2025-05-21 07:17:43,811 - tracking - ERROR - Error in embedding processing: Input must be uint8
2025-05-21 07:17:43,812 - tracking - ERROR - Error calculating embedding quality: 'dict' object has no attribute 'layout'
2025-05-21 07:17:43,812 - tracking - ERROR - Error updating track 8.0: 'EnhancedTracker' object has no attribute 'min_embedding_quality'
2025-05-21 07:17:43,812 - tracking - ERROR - Error in track cleanup: 'created_frame'
Traceback (most recent call last):
  File "C:\Users\ianfe\OneDrive\Documents\GitHub\facebeak\tracking.py", line 685, in _cleanup_old_tracks
    track_age = current_frame - history['created_frame']
                                ~~~~~~~^^^^^^^^^^^^^^^^^
KeyError: 'created_frame'
2025-05-21 07:17:43,814 - tracking - ERROR - Error in embedding processing: Input must be uint8
2025-05-21 07:17:43,817 - tracking - ERROR - Error in embedding processing: Input must be uint8
2025-05-21 07:17:43,818 - tracking - ERROR - Error calculating embedding quality: 'dict' object has no attribute 'layout'
2025-05-21 07:17:43,818 - tracking - ERROR - Error updating track 8.0: 'EnhancedTracker' object has no attribute 'min_embedding_quality'
2025-05-21 07:17:43,818 - tracking - ERROR - Error in track cleanup: 'created_frame'
Traceback (most recent call last):
  File "C:\Users\ianfe\OneDrive\Documents\GitHub\facebeak\tracking.py", line 685, in _cleanup_old_tracks
    track_age = current_frame - history['created_frame']
                                ~~~~~~~^^^^^^^^^^^^^^^^^
KeyError: 'created_frame'
2025-05-21 07:17:43,820 - tracking - ERROR - Error in embedding processing: Input must be uint8
2025-05-21 07:17:43,822 - tracking - ERROR - Error in embedding processing: Input must be uint8
2025-05-21 07:17:43,822 - tracking - ERROR - Error calculating embedding quality: 'dict' object has no attribute 'layout'
2025-05-21 07:17:43,822 - tracking - ERROR - Error updating track 8.0: 'EnhancedTracker' object has no attribute 'min_embedding_quality'
2025-05-21 07:17:43,822 - tracking - ERROR - Error in track cleanup: 'created_frame'
Traceback (most recent call last):
  File "C:\Users\ianfe\OneDrive\Documents\GitHub\facebeak\tracking.py", line 685, in _cleanup_old_tracks
    track_age = current_frame - history['created_frame']
                                ~~~~~~~^^^^^^^^^^^^^^^^^
KeyError: 'created_frame'
2025-05-21 07:17:43,826 - tracking - ERROR - Error in embedding processing: Input must be uint8
2025-05-21 07:17:43,828 - tracking - ERROR - Error in embedding processing: Input must be uint8
2025-05-21 07:17:43,829 - tracking - ERROR - Error calculating embedding quality: 'dict' object has no attribute 'layout'
2025-05-21 07:17:43,829 - tracking - ERROR - Error updating track 8.0: 'EnhancedTracker' object has no attribute 'min_embedding_quality'
2025-05-21 07:17:43,829 - tracking - ERROR - Error in track cleanup: 'created_frame'
Traceback (most recent call last):
  File "C:\Users\ianfe\OneDrive\Documents\GitHub\facebeak\tracking.py", line 685, in _cleanup_old_tracks
    track_age = current_frame - history['created_frame']
                                ~~~~~~~^^^^^^^^^^^^^^^^^
KeyError: 'created_frame'
2025-05-21 07:17:43,832 - tracking - ERROR - Error in embedding processing: Input must be uint8
2025-05-21 07:17:43,834 - tracking - ERROR - Error in embedding processing: Input must be uint8
2025-05-21 07:17:43,835 - tracking - ERROR - Error calculating embedding quality: 'dict' object has no attribute 'layout'
2025-05-21 07:17:43,835 - tracking - ERROR - Error updating track 8.0: 'EnhancedTracker' object has no attribute 'min_embedding_quality'
2025-05-21 07:17:43,836 - tracking - ERROR - Error in track cleanup: 'created_frame'
Traceback (most recent call last):
  File "C:\Users\ianfe\OneDrive\Documents\GitHub\facebeak\tracking.py", line 685, in _cleanup_old_tracks
    track_age = current_frame - history['created_frame']
                                ~~~~~~~^^^^^^^^^^^^^^^^^
KeyError: 'created_frame'
2025-05-21 07:17:43,838 - tracking - ERROR - Error in embedding processing: Input must be uint8
2025-05-21 07:17:43,840 - tracking - ERROR - Error in embedding processing: Input must be uint8
2025-05-21 07:17:43,841 - tracking - ERROR - Error calculating embedding quality: 'dict' object has no attribute 'layout'
2025-05-21 07:17:43,841 - tracking - ERROR - Error updating track 8.0: 'EnhancedTracker' object has no attribute 'min_embedding_quality'
2025-05-21 07:17:43,841 - tracking - ERROR - Error in track cleanup: 'created_frame'
Traceback (most recent call last):
  File "C:\Users\ianfe\OneDrive\Documents\GitHub\facebeak\tracking.py", line 685, in _cleanup_old_tracks
    track_age = current_frame - history['created_frame']
                                ~~~~~~~^^^^^^^^^^^^^^^^^
KeyError: 'created_frame'
2025-05-21 07:17:43,844 - tracking - ERROR - Error in embedding processing: Input must be uint8
2025-05-21 07:17:43,846 - tracking - ERROR - Error in embedding processing: Input must be uint8
2025-05-21 07:17:43,847 - tracking - ERROR - Error calculating embedding quality: 'dict' object has no attribute 'layout'
2025-05-21 07:17:43,847 - tracking - ERROR - Error updating track 8.0: 'EnhancedTracker' object has no attribute 'min_embedding_quality'
2025-05-21 07:17:43,847 - tracking - ERROR - Error in track cleanup: 'created_frame'
Traceback (most recent call last):
  File "C:\Users\ianfe\OneDrive\Documents\GitHub\facebeak\tracking.py", line 685, in _cleanup_old_tracks
    track_age = current_frame - history['created_frame']
                                ~~~~~~~^^^^^^^^^^^^^^^^^
KeyError: 'created_frame'
2025-05-21 07:17:43,850 - tracking - ERROR - Error in embedding processing: Input must be uint8
2025-05-21 07:17:43,852 - tracking - ERROR - Error in embedding processing: Input must be uint8
2025-05-21 07:17:43,852 - tracking - ERROR - Error calculating embedding quality: 'dict' object has no attribute 'layout'
2025-05-21 07:17:43,852 - tracking - ERROR - Error updating track 8.0: 'EnhancedTracker' object has no attribute 'min_embedding_quality'
2025-05-21 07:17:43,852 - tracking - ERROR - Error in track cleanup: 'created_frame'
Traceback (most recent call last):
  File "C:\Users\ianfe\OneDrive\Documents\GitHub\facebeak\tracking.py", line 685, in _cleanup_old_tracks
    track_age = current_frame - history['created_frame']
                                ~~~~~~~^^^^^^^^^^^^^^^^^
KeyError: 'created_frame'
2025-05-21 07:17:43,856 - tracking - ERROR - Error in embedding processing: Input must be uint8
2025-05-21 07:17:43,858 - tracking - ERROR - Error in embedding processing: Input must be uint8
2025-05-21 07:17:43,858 - tracking - ERROR - Error calculating embedding quality: 'dict' object has no attribute 'layout'
2025-05-21 07:17:43,858 - tracking - ERROR - Error updating track 8.0: 'EnhancedTracker' object has no attribute 'min_embedding_quality'
2025-05-21 07:17:43,859 - tracking - ERROR - Error in track cleanup: 'created_frame'
Traceback (most recent call last):
  File "C:\Users\ianfe\OneDrive\Documents\GitHub\facebeak\tracking.py", line 685, in _cleanup_old_tracks
    track_age = current_frame - history['created_frame']
                                ~~~~~~~^^^^^^^^^^^^^^^^^
KeyError: 'created_frame'
2025-05-21 07:17:43,861 - tracking - ERROR - Error in embedding processing: Input must be uint8
2025-05-21 07:17:43,862 - tracking - ERROR - Error in embedding processing: Input must be uint8
2025-05-21 07:17:43,864 - tracking - ERROR - Error calculating embedding quality: 'dict' object has no attribute 'layout'
2025-05-21 07:17:43,864 - tracking - ERROR - Error updating track 8.0: 'EnhancedTracker' object has no attribute 'min_embedding_quality'
2025-05-21 07:17:43,864 - tracking - ERROR - Error in track cleanup: 'created_frame'
Traceback (most recent call last):
  File "C:\Users\ianfe\OneDrive\Documents\GitHub\facebeak\tracking.py", line 685, in _cleanup_old_tracks
    track_age = current_frame - history['created_frame']
                                ~~~~~~~^^^^^^^^^^^^^^^^^
KeyError: 'created_frame'
2025-05-21 07:17:43,865 - tracking - ERROR - Error in embedding processing: Input must be uint8
2025-05-21 07:17:43,867 - tracking - ERROR - Error in embedding processing: Input must be uint8
2025-05-21 07:17:43,868 - tracking - ERROR - Error calculating embedding quality: 'dict' object has no attribute 'layout'
2025-05-21 07:17:43,868 - tracking - ERROR - Error updating track 8.0: 'EnhancedTracker' object has no attribute 'min_embedding_quality'
2025-05-21 07:17:43,869 - tracking - ERROR - Error in track cleanup: 'created_frame'
Traceback (most recent call last):
  File "C:\Users\ianfe\OneDrive\Documents\GitHub\facebeak\tracking.py", line 685, in _cleanup_old_tracks
    track_age = current_frame - history['created_frame']
                                ~~~~~~~^^^^^^^^^^^^^^^^^
KeyError: 'created_frame'
2025-05-21 07:17:43,871 - tracking - ERROR - Error in embedding processing: Input must be uint8
2025-05-21 07:17:43,873 - tracking - ERROR - Error in embedding processing: Input must be uint8
2025-05-21 07:17:43,874 - tracking - ERROR - Error calculating embedding quality: 'dict' object has no attribute 'layout'
2025-05-21 07:17:43,874 - tracking - ERROR - Error updating track 8.0: 'EnhancedTracker' object has no attribute 'min_embedding_quality'
2025-05-21 07:17:43,874 - tracking - ERROR - Error in track cleanup: 'created_frame'
Traceback (most recent call last):
  File "C:\Users\ianfe\OneDrive\Documents\GitHub\facebeak\tracking.py", line 685, in _cleanup_old_tracks
    track_age = current_frame - history['created_frame']
                                ~~~~~~~^^^^^^^^^^^^^^^^^
KeyError: 'created_frame'
2025-05-21 07:17:43,876 - tracking - ERROR - Error in embedding processing: Input must be uint8
2025-05-21 07:17:43,878 - tracking - ERROR - Error in embedding processing: Input must be uint8
2025-05-21 07:17:43,879 - tracking - ERROR - Error calculating embedding quality: 'dict' object has no attribute 'layout'
2025-05-21 07:17:43,879 - tracking - ERROR - Error updating track 8.0: 'EnhancedTracker' object has no attribute 'min_embedding_quality'
2025-05-21 07:17:43,879 - tracking - ERROR - Error in track cleanup: 'created_frame'
Traceback (most recent call last):
  File "C:\Users\ianfe\OneDrive\Documents\GitHub\facebeak\tracking.py", line 685, in _cleanup_old_tracks
    track_age = current_frame - history['created_frame']
                                ~~~~~~~^^^^^^^^^^^^^^^^^
KeyError: 'created_frame'
2025-05-21 07:17:43,882 - tracking - ERROR - Error in embedding processing: Input must be uint8
2025-05-21 07:17:43,884 - tracking - ERROR - Error in embedding processing: Input must be uint8
2025-05-21 07:17:43,884 - tracking - ERROR - Error calculating embedding quality: 'dict' object has no attribute 'layout'
2025-05-21 07:17:43,884 - tracking - ERROR - Error updating track 8.0: 'EnhancedTracker' object has no attribute 'min_embedding_quality'
2025-05-21 07:17:43,885 - tracking - ERROR - Error in track cleanup: 'created_frame'
Traceback (most recent call last):
  File "C:\Users\ianfe\OneDrive\Documents\GitHub\facebeak\tracking.py", line 685, in _cleanup_old_tracks
    track_age = current_frame - history['created_frame']
                                ~~~~~~~^^^^^^^^^^^^^^^^^
KeyError: 'created_frame'
2025-05-21 07:17:43,887 - tracking - ERROR - Error in embedding processing: Input must be uint8
2025-05-21 07:17:43,889 - tracking - ERROR - Error in embedding processing: Input must be uint8
2025-05-21 07:17:43,890 - tracking - ERROR - Error calculating embedding quality: 'dict' object has no attribute 'layout'
2025-05-21 07:17:43,890 - tracking - ERROR - Error updating track 8.0: 'EnhancedTracker' object has no attribute 'min_embedding_quality'
2025-05-21 07:17:43,892 - tracking - ERROR - Error in track cleanup: 'created_frame'
Traceback (most recent call last):
  File "C:\Users\ianfe\OneDrive\Documents\GitHub\facebeak\tracking.py", line 685, in _cleanup_old_tracks
    track_age = current_frame - history['created_frame']
                                ~~~~~~~^^^^^^^^^^^^^^^^^
KeyError: 'created_frame'
2025-05-21 07:17:43,893 - tracking - ERROR - Error in embedding processing: Input must be uint8
2025-05-21 07:17:43,895 - tracking - ERROR - Error in embedding processing: Input must be uint8
2025-05-21 07:17:43,896 - tracking - ERROR - Error calculating embedding quality: 'dict' object has no attribute 'layout'
2025-05-21 07:17:43,896 - tracking - ERROR - Error updating track 8.0: 'EnhancedTracker' object has no attribute 'min_embedding_quality'
2025-05-21 07:17:43,896 - tracking - ERROR - Error in track cleanup: 'created_frame'
Traceback (most recent call last):
  File "C:\Users\ianfe\OneDrive\Documents\GitHub\facebeak\tracking.py", line 685, in _cleanup_old_tracks
    track_age = current_frame - history['created_frame']
                                ~~~~~~~^^^^^^^^^^^^^^^^^
KeyError: 'created_frame'
2025-05-21 07:17:43,899 - tracking - ERROR - Error in embedding processing: Input must be uint8
2025-05-21 07:17:43,901 - tracking - ERROR - Error in embedding processing: Input must be uint8
2025-05-21 07:17:43,902 - tracking - ERROR - Error calculating embedding quality: 'dict' object has no attribute 'layout'
2025-05-21 07:17:43,902 - tracking - ERROR - Error updating track 8.0: 'EnhancedTracker' object has no attribute 'min_embedding_quality'
2025-05-21 07:17:43,902 - tracking - ERROR - Error in track cleanup: 'created_frame'
Traceback (most recent call last):
  File "C:\Users\ianfe\OneDrive\Documents\GitHub\facebeak\tracking.py", line 685, in _cleanup_old_tracks
    track_age = current_frame - history['created_frame']
                                ~~~~~~~^^^^^^^^^^^^^^^^^
KeyError: 'created_frame'
2025-05-21 07:17:43,905 - tracking - ERROR - Error in embedding processing: Input must be uint8
2025-05-21 07:17:43,906 - tracking - ERROR - Error in embedding processing: Input must be uint8
2025-05-21 07:17:43,908 - tracking - ERROR - Error calculating embedding quality: 'dict' object has no attribute 'layout'
2025-05-21 07:17:43,908 - tracking - ERROR - Error updating track 8.0: 'EnhancedTracker' object has no attribute 'min_embedding_quality'
2025-05-21 07:17:43,908 - tracking - ERROR - Error in track cleanup: 'created_frame'
Traceback (most recent call last):
  File "C:\Users\ianfe\OneDrive\Documents\GitHub\facebeak\tracking.py", line 685, in _cleanup_old_tracks
    track_age = current_frame - history['created_frame']
                                ~~~~~~~^^^^^^^^^^^^^^^^^
KeyError: 'created_frame'
2025-05-21 07:17:43,910 - tracking - ERROR - Error in embedding processing: Input must be uint8
2025-05-21 07:17:43,912 - tracking - ERROR - Error in embedding processing: Input must be uint8
2025-05-21 07:17:43,912 - tracking - ERROR - Error calculating embedding quality: 'dict' object has no attribute 'layout'
2025-05-21 07:17:43,912 - tracking - ERROR - Error updating track 8.0: 'EnhancedTracker' object has no attribute 'min_embedding_quality'
2025-05-21 07:17:43,912 - tracking - ERROR - Error in track cleanup: 'created_frame'
Traceback (most recent call last):
  File "C:\Users\ianfe\OneDrive\Documents\GitHub\facebeak\tracking.py", line 685, in _cleanup_old_tracks
    track_age = current_frame - history['created_frame']
                                ~~~~~~~^^^^^^^^^^^^^^^^^
KeyError: 'created_frame'
2025-05-21 07:17:43,915 - tracking - ERROR - Error in embedding processing: Input must be uint8
2025-05-21 07:17:43,917 - tracking - ERROR - Error in embedding processing: Input must be uint8
2025-05-21 07:17:43,918 - tracking - ERROR - Error calculating embedding quality: 'dict' object has no attribute 'layout'
2025-05-21 07:17:43,918 - tracking - ERROR - Error updating track 8.0: 'EnhancedTracker' object has no attribute 'min_embedding_quality'
2025-05-21 07:17:43,918 - tracking - ERROR - Error in track cleanup: 'created_frame'
Traceback (most recent call last):
  File "C:\Users\ianfe\OneDrive\Documents\GitHub\facebeak\tracking.py", line 685, in _cleanup_old_tracks
    track_age = current_frame - history['created_frame']
                                ~~~~~~~^^^^^^^^^^^^^^^^^
KeyError: 'created_frame'
2025-05-21 07:17:43,921 - tracking - ERROR - Error in embedding processing: Input must be uint8
2025-05-21 07:17:43,922 - tracking - ERROR - Error in embedding processing: Input must be uint8
2025-05-21 07:17:43,923 - tracking - ERROR - Error calculating embedding quality: 'dict' object has no attribute 'layout'
2025-05-21 07:17:43,923 - tracking - ERROR - Error updating track 8.0: 'EnhancedTracker' object has no attribute 'min_embedding_quality'
2025-05-21 07:17:43,923 - tracking - ERROR - Error in track cleanup: 'created_frame'
Traceback (most recent call last):
  File "C:\Users\ianfe\OneDrive\Documents\GitHub\facebeak\tracking.py", line 685, in _cleanup_old_tracks
    track_age = current_frame - history['created_frame']
                                ~~~~~~~^^^^^^^^^^^^^^^^^
KeyError: 'created_frame'
2025-05-21 07:17:43,925 - tracking - ERROR - Error in embedding processing: Input must be uint8
2025-05-21 07:17:43,928 - tracking - ERROR - Error in embedding processing: Input must be uint8
2025-05-21 07:17:43,928 - tracking - ERROR - Error calculating embedding quality: 'dict' object has no attribute 'layout'
2025-05-21 07:17:43,928 - tracking - ERROR - Error updating track 8.0: 'EnhancedTracker' object has no attribute 'min_embedding_quality'
2025-05-21 07:17:43,928 - tracking - ERROR - Error in track cleanup: 'created_frame'
Traceback (most recent call last):
  File "C:\Users\ianfe\OneDrive\Documents\GitHub\facebeak\tracking.py", line 685, in _cleanup_old_tracks
    track_age = current_frame - history['created_frame']
                                ~~~~~~~^^^^^^^^^^^^^^^^^
KeyError: 'created_frame'
2025-05-21 07:17:43,931 - tracking - ERROR - Error in embedding processing: Input must be uint8
2025-05-21 07:17:43,933 - tracking - ERROR - Error in embedding processing: Input must be uint8
2025-05-21 07:17:43,935 - tracking - ERROR - Error calculating embedding quality: 'dict' object has no attribute 'layout'
2025-05-21 07:17:43,935 - tracking - ERROR - Error updating track 8.0: 'EnhancedTracker' object has no attribute 'min_embedding_quality'
2025-05-21 07:17:43,935 - tracking - ERROR - Error in track cleanup: 'created_frame'
Traceback (most recent call last):
  File "C:\Users\ianfe\OneDrive\Documents\GitHub\facebeak\tracking.py", line 685, in _cleanup_old_tracks
    track_age = current_frame - history['created_frame']
                                ~~~~~~~^^^^^^^^^^^^^^^^^
KeyError: 'created_frame'
2025-05-21 07:17:43,938 - tracking - ERROR - Error in embedding processing: Input must be uint8
2025-05-21 07:17:43,939 - tracking - ERROR - Error in embedding processing: Input must be uint8
2025-05-21 07:17:43,940 - tracking - ERROR - Error calculating embedding quality: 'dict' object has no attribute 'layout'
2025-05-21 07:17:43,940 - tracking - ERROR - Error updating track 8.0: 'EnhancedTracker' object has no attribute 'min_embedding_quality'
2025-05-21 07:17:43,940 - tracking - ERROR - Error in track cleanup: 'created_frame'
Traceback (most recent call last):
  File "C:\Users\ianfe\OneDrive\Documents\GitHub\facebeak\tracking.py", line 685, in _cleanup_old_tracks
    track_age = current_frame - history['created_frame']
                                ~~~~~~~^^^^^^^^^^^^^^^^^
KeyError: 'created_frame'
2025-05-21 07:17:43,944 - tracking - ERROR - Error in embedding processing: Input must be uint8
2025-05-21 07:17:43,945 - tracking - ERROR - Error in embedding processing: Input must be uint8
2025-05-21 07:17:43,945 - tracking - ERROR - Error calculating embedding quality: 'dict' object has no attribute 'layout'
2025-05-21 07:17:43,947 - tracking - ERROR - Error updating track 8.0: 'EnhancedTracker' object has no attribute 'min_embedding_quality'
2025-05-21 07:17:43,947 - tracking - ERROR - Error in track cleanup: 'created_frame'
Traceback (most recent call last):
  File "C:\Users\ianfe\OneDrive\Documents\GitHub\facebeak\tracking.py", line 685, in _cleanup_old_tracks
    track_age = current_frame - history['created_frame']
                                ~~~~~~~^^^^^^^^^^^^^^^^^
KeyError: 'created_frame'
2025-05-21 07:17:43,950 - tracking - ERROR - Error in embedding processing: Input must be uint8
2025-05-21 07:17:43,951 - tracking - ERROR - Error in embedding processing: Input must be uint8
2025-05-21 07:17:43,951 - tracking - ERROR - Error calculating embedding quality: 'dict' object has no attribute 'layout'
2025-05-21 07:17:43,951 - tracking - ERROR - Error updating track 8.0: 'EnhancedTracker' object has no attribute 'min_embedding_quality'
2025-05-21 07:17:43,951 - tracking - ERROR - Error in track cleanup: 'created_frame'
Traceback (most recent call last):
  File "C:\Users\ianfe\OneDrive\Documents\GitHub\facebeak\tracking.py", line 685, in _cleanup_old_tracks
    track_age = current_frame - history['created_frame']
                                ~~~~~~~^^^^^^^^^^^^^^^^^
KeyError: 'created_frame'
2025-05-21 07:17:43,954 - tracking - ERROR - Error in embedding processing: Input must be uint8
2025-05-21 07:17:43,956 - tracking - ERROR - Error in embedding processing: Input must be uint8
2025-05-21 07:17:43,957 - tracking - ERROR - Error calculating embedding quality: 'dict' object has no attribute 'layout'
2025-05-21 07:17:43,957 - tracking - ERROR - Error updating track 8.0: 'EnhancedTracker' object has no attribute 'min_embedding_quality'
2025-05-21 07:17:43,957 - tracking - ERROR - Error in track cleanup: 'created_frame'
Traceback (most recent call last):
  File "C:\Users\ianfe\OneDrive\Documents\GitHub\facebeak\tracking.py", line 685, in _cleanup_old_tracks
    track_age = current_frame - history['created_frame']
                                ~~~~~~~^^^^^^^^^^^^^^^^^
KeyError: 'created_frame'
2025-05-21 07:17:43,959 - tracking - ERROR - Error in embedding processing: Input must be uint8
2025-05-21 07:17:43,960 - tracking - ERROR - Error in embedding processing: Input must be uint8
2025-05-21 07:17:43,962 - tracking - ERROR - Error calculating embedding quality: 'dict' object has no attribute 'layout'
2025-05-21 07:17:43,962 - tracking - ERROR - Error updating track 8.0: 'EnhancedTracker' object has no attribute 'min_embedding_quality'
2025-05-21 07:17:43,962 - tracking - ERROR - Error in track cleanup: 'created_frame'
Traceback (most recent call last):
  File "C:\Users\ianfe\OneDrive\Documents\GitHub\facebeak\tracking.py", line 685, in _cleanup_old_tracks
    track_age = current_frame - history['created_frame']
                                ~~~~~~~^^^^^^^^^^^^^^^^^
KeyError: 'created_frame'
2025-05-21 07:17:43,965 - tracking - ERROR - Error in embedding processing: Input must be uint8
2025-05-21 07:17:43,966 - tracking - ERROR - Error in embedding processing: Input must be uint8
2025-05-21 07:17:43,966 - tracking - ERROR - Error calculating embedding quality: 'dict' object has no attribute 'layout'
2025-05-21 07:17:43,968 - tracking - ERROR - Error updating track 8.0: 'EnhancedTracker' object has no attribute 'min_embedding_quality'
2025-05-21 07:17:43,968 - tracking - ERROR - Error in track cleanup: 'created_frame'
Traceback (most recent call last):
  File "C:\Users\ianfe\OneDrive\Documents\GitHub\facebeak\tracking.py", line 685, in _cleanup_old_tracks
    track_age = current_frame - history['created_frame']
                                ~~~~~~~^^^^^^^^^^^^^^^^^
KeyError: 'created_frame'
2025-05-21 07:17:43,970 - tracking - ERROR - Error in embedding processing: Input must be uint8
2025-05-21 07:17:43,971 - tracking - ERROR - Error in embedding processing: Input must be uint8
2025-05-21 07:17:43,972 - tracking - ERROR - Error calculating embedding quality: 'dict' object has no attribute 'layout'
2025-05-21 07:17:43,972 - tracking - ERROR - Error updating track 8.0: 'EnhancedTracker' object has no attribute 'min_embedding_quality'
2025-05-21 07:17:43,973 - tracking - ERROR - Error in track cleanup: 'created_frame'
Traceback (most recent call last):
  File "C:\Users\ianfe\OneDrive\Documents\GitHub\facebeak\tracking.py", line 685, in _cleanup_old_tracks
    track_age = current_frame - history['created_frame']
                                ~~~~~~~^^^^^^^^^^^^^^^^^
KeyError: 'created_frame'
2025-05-21 07:17:43,975 - tracking - ERROR - Error in embedding processing: Input must be uint8
2025-05-21 07:17:43,977 - tracking - ERROR - Error in embedding processing: Input must be uint8
2025-05-21 07:17:43,978 - tracking - ERROR - Error calculating embedding quality: 'dict' object has no attribute 'layout'
2025-05-21 07:17:43,978 - tracking - ERROR - Error updating track 8.0: 'EnhancedTracker' object has no attribute 'min_embedding_quality'
2025-05-21 07:17:43,978 - tracking - ERROR - Error in track cleanup: 'created_frame'
Traceback (most recent call last):
  File "C:\Users\ianfe\OneDrive\Documents\GitHub\facebeak\tracking.py", line 685, in _cleanup_old_tracks
    track_age = current_frame - history['created_frame']
                                ~~~~~~~^^^^^^^^^^^^^^^^^
KeyError: 'created_frame'
2025-05-21 07:17:43,980 - tracking - ERROR - Error in embedding processing: Input must be uint8
2025-05-21 07:17:43,982 - tracking - ERROR - Error in embedding processing: Input must be uint8
2025-05-21 07:17:43,984 - tracking - ERROR - Error calculating embedding quality: 'dict' object has no attribute 'layout'
2025-05-21 07:17:43,984 - tracking - ERROR - Error updating track 8.0: 'EnhancedTracker' object has no attribute 'min_embedding_quality'
2025-05-21 07:17:43,984 - tracking - ERROR - Error in track cleanup: 'created_frame'
Traceback (most recent call last):
  File "C:\Users\ianfe\OneDrive\Documents\GitHub\facebeak\tracking.py", line 685, in _cleanup_old_tracks
    track_age = current_frame - history['created_frame']
                                ~~~~~~~^^^^^^^^^^^^^^^^^
KeyError: 'created_frame'
2025-05-21 07:17:43,987 - tracking - ERROR - Error in embedding processing: Input must be uint8
2025-05-21 07:17:43,988 - tracking - ERROR - Error in embedding processing: Input must be uint8
2025-05-21 07:17:43,990 - tracking - ERROR - Error calculating embedding quality: 'dict' object has no attribute 'layout'
2025-05-21 07:17:43,990 - tracking - ERROR - Error updating track 8.0: 'EnhancedTracker' object has no attribute 'min_embedding_quality'
2025-05-21 07:17:43,990 - tracking - ERROR - Error in track cleanup: 'created_frame'
Traceback (most recent call last):
  File "C:\Users\ianfe\OneDrive\Documents\GitHub\facebeak\tracking.py", line 685, in _cleanup_old_tracks
    track_age = current_frame - history['created_frame']
                                ~~~~~~~^^^^^^^^^^^^^^^^^
KeyError: 'created_frame'
2025-05-21 07:17:43,993 - tracking - ERROR - Error in embedding processing: Input must be uint8
2025-05-21 07:17:43,996 - tracking - ERROR - Error in embedding processing: Input must be uint8
2025-05-21 07:17:43,996 - tracking - ERROR - Error calculating embedding quality: 'dict' object has no attribute 'layout'
2025-05-21 07:17:43,996 - tracking - ERROR - Error updating track 8.0: 'EnhancedTracker' object has no attribute 'min_embedding_quality'
2025-05-21 07:17:43,996 - tracking - ERROR - Error in track cleanup: 'created_frame'
Traceback (most recent call last):
  File "C:\Users\ianfe\OneDrive\Documents\GitHub\facebeak\tracking.py", line 685, in _cleanup_old_tracks
    track_age = current_frame - history['created_frame']
                                ~~~~~~~^^^^^^^^^^^^^^^^^
KeyError: 'created_frame'
2025-05-21 07:17:43,999 - tracking - ERROR - Error in embedding processing: Input must be uint8
2025-05-21 07:17:44,001 - tracking - ERROR - Error in embedding processing: Input must be uint8
2025-05-21 07:17:44,001 - tracking - ERROR - Error calculating embedding quality: 'dict' object has no attribute 'layout'
2025-05-21 07:17:44,001 - tracking - ERROR - Error updating track 8.0: 'EnhancedTracker' object has no attribute 'min_embedding_quality'
2025-05-21 07:17:44,002 - tracking - ERROR - Error in track cleanup: 'created_frame'
Traceback (most recent call last):
  File "C:\Users\ianfe\OneDrive\Documents\GitHub\facebeak\tracking.py", line 685, in _cleanup_old_tracks
    track_age = current_frame - history['created_frame']
                                ~~~~~~~^^^^^^^^^^^^^^^^^
KeyError: 'created_frame'
------------------------------ Captured log call ------------------------------
DEBUG    tracking:tracking.py:386 Logger configured successfully
INFO     tracking:tracking.py:331 CUDA device initialized
INFO     tracking:tracking.py:343 SORT tracker initialized successfully
INFO     color_normalization:color_normalization.py:46 Using GPU acceleration for color normalization
INFO     multi_view:multi_view.py:30 Initialized MultiViewExtractor with 2 rotations and 1 zoom factors
INFO     tracking:tracking.py:1010 Multi-view extractor initialized successfully
INFO     multi_view:multi_view.py:30 Initialized MultiViewExtractor with 2 rotations and 1 zoom factors
INFO     tracking:tracking.py:1010 Multi-view extractor initialized successfully
ERROR    tracking:tracking.py:1203 Error in embedding processing: Input must be uint8
ERROR    tracking:tracking.py:1203 Error in embedding processing: Input must be uint8
ERROR    tracking:tracking.py:1303 Error calculating embedding quality: 'dict' object has no attribute 'layout'
ERROR    tracking:tracking.py:624 Error updating track 8.0: 'EnhancedTracker' object has no attribute 'min_embedding_quality'
ERROR    tracking:tracking.py:1203 Error in embedding processing: Input must be uint8
ERROR    tracking:tracking.py:1203 Error in embedding processing: Input must be uint8
ERROR    tracking:tracking.py:1303 Error calculating embedding quality: 'dict' object has no attribute 'layout'
ERROR    tracking:tracking.py:624 Error updating track 8.0: 'EnhancedTracker' object has no attribute 'min_embedding_quality'
ERROR    tracking:tracking.py:1203 Error in embedding processing: Input must be uint8
ERROR    tracking:tracking.py:1203 Error in embedding processing: Input must be uint8
ERROR    tracking:tracking.py:1303 Error calculating embedding quality: 'dict' object has no attribute 'layout'
ERROR    tracking:tracking.py:624 Error updating track 8.0: 'EnhancedTracker' object has no attribute 'min_embedding_quality'
WARNING  tracking:tracking.py:236 Invalid bbox coordinates: [        106         106         206         206] for frame size 400x400
WARNING  tracking:tracking.py:236 Invalid bbox coordinates: [        108         108         208         208] for frame size 400x400
ERROR    tracking:tracking.py:727 Error in track cleanup: 'created_frame'
Traceback (most recent call last):
  File "C:\Users\ianfe\OneDrive\Documents\GitHub\facebeak\tracking.py", line 685, in _cleanup_old_tracks
    track_age = current_frame - history['created_frame']
                                ~~~~~~~^^^^^^^^^^^^^^^^^
KeyError: 'created_frame'
WARNING  tracking:tracking.py:236 Invalid bbox coordinates: [        110         110         210         210] for frame size 400x400
ERROR    tracking:tracking.py:727 Error in track cleanup: 'created_frame'
Traceback (most recent call last):
  File "C:\Users\ianfe\OneDrive\Documents\GitHub\facebeak\tracking.py", line 685, in _cleanup_old_tracks
    track_age = current_frame - history['created_frame']
                                ~~~~~~~^^^^^^^^^^^^^^^^^
KeyError: 'created_frame'
ERROR    tracking:tracking.py:1203 Error in embedding processing: Input must be uint8
ERROR    tracking:tracking.py:1203 Error in embedding processing: Input must be uint8
ERROR    tracking:tracking.py:1303 Error calculating embedding quality: 'dict' object has no attribute 'layout'
ERROR    tracking:tracking.py:624 Error updating track 8.0: 'EnhancedTracker' object has no attribute 'min_embedding_quality'
ERROR    tracking:tracking.py:727 Error in track cleanup: 'created_frame'
Traceback (most recent call last):
  File "C:\Users\ianfe\OneDrive\Documents\GitHub\facebeak\tracking.py", line 685, in _cleanup_old_tracks
    track_age = current_frame - history['created_frame']
                                ~~~~~~~^^^^^^^^^^^^^^^^^
KeyError: 'created_frame'
WARNING  tracking:tracking.py:236 Invalid bbox coordinates: [        114         114         214         214] for frame size 400x400
ERROR    tracking:tracking.py:727 Error in track cleanup: 'created_frame'
Traceback (most recent call last):
  File "C:\Users\ianfe\OneDrive\Documents\GitHub\facebeak\tracking.py", line 685, in _cleanup_old_tracks
    track_age = current_frame - history['created_frame']
                                ~~~~~~~^^^^^^^^^^^^^^^^^
KeyError: 'created_frame'
ERROR    tracking:tracking.py:1203 Error in embedding processing: Input must be uint8
ERROR    tracking:tracking.py:1203 Error in embedding processing: Input must be uint8
ERROR    tracking:tracking.py:1303 Error calculating embedding quality: 'dict' object has no attribute 'layout'
ERROR    tracking:tracking.py:624 Error updating track 8.0: 'EnhancedTracker' object has no attribute 'min_embedding_quality'
ERROR    tracking:tracking.py:727 Error in track cleanup: 'created_frame'
Traceback (most recent call last):
  File "C:\Users\ianfe\OneDrive\Documents\GitHub\facebeak\tracking.py", line 685, in _cleanup_old_tracks
    track_age = current_frame - history['created_frame']
                                ~~~~~~~^^^^^^^^^^^^^^^^^
KeyError: 'created_frame'
ERROR    tracking:tracking.py:1203 Error in embedding processing: Input must be uint8
ERROR    tracking:tracking.py:1203 Error in embedding processing: Input must be uint8
ERROR    tracking:tracking.py:1303 Error calculating embedding quality: 'dict' object has no attribute 'layout'
ERROR    tracking:tracking.py:624 Error updating track 8.0: 'EnhancedTracker' object has no attribute 'min_embedding_quality'
ERROR    tracking:tracking.py:727 Error in track cleanup: 'created_frame'
Traceback (most recent call last):
  File "C:\Users\ianfe\OneDrive\Documents\GitHub\facebeak\tracking.py", line 685, in _cleanup_old_tracks
    track_age = current_frame - history['created_frame']
                                ~~~~~~~^^^^^^^^^^^^^^^^^
KeyError: 'created_frame'
ERROR    tracking:tracking.py:1203 Error in embedding processing: Input must be uint8
ERROR    tracking:tracking.py:1203 Error in embedding processing: Input must be uint8
ERROR    tracking:tracking.py:1303 Error calculating embedding quality: 'dict' object has no attribute 'layout'
ERROR    tracking:tracking.py:624 Error updating track 8.0: 'EnhancedTracker' object has no attribute 'min_embedding_quality'
ERROR    tracking:tracking.py:727 Error in track cleanup: 'created_frame'
Traceback (most recent call last):
  File "C:\Users\ianfe\OneDrive\Documents\GitHub\facebeak\tracking.py", line 685, in _cleanup_old_tracks
    track_age = current_frame - history['created_frame']
                                ~~~~~~~^^^^^^^^^^^^^^^^^
KeyError: 'created_frame'
ERROR    tracking:tracking.py:1203 Error in embedding processing: Input must be uint8
ERROR    tracking:tracking.py:1203 Error in embedding processing: Input must be uint8
ERROR    tracking:tracking.py:1303 Error calculating embedding quality: 'dict' object has no attribute 'layout'
ERROR    tracking:tracking.py:624 Error updating track 8.0: 'EnhancedTracker' object has no attribute 'min_embedding_quality'
ERROR    tracking:tracking.py:727 Error in track cleanup: 'created_frame'
Traceback (most recent call last):
  File "C:\Users\ianfe\OneDrive\Documents\GitHub\facebeak\tracking.py", line 685, in _cleanup_old_tracks
    track_age = current_frame - history['created_frame']
                                ~~~~~~~^^^^^^^^^^^^^^^^^
KeyError: 'created_frame'
WARNING  tracking:tracking.py:236 Invalid bbox coordinates: [        124         124         224         224] for frame size 400x400
ERROR    tracking:tracking.py:727 Error in track cleanup: 'created_frame'
Traceback (most recent call last):
  File "C:\Users\ianfe\OneDrive\Documents\GitHub\facebeak\tracking.py", line 685, in _cleanup_old_tracks
    track_age = current_frame - history['created_frame']
                                ~~~~~~~^^^^^^^^^^^^^^^^^
KeyError: 'created_frame'
WARNING  tracking:tracking.py:236 Invalid bbox coordinates: [        126         126         226         226] for frame size 400x400
ERROR    tracking:tracking.py:727 Error in track cleanup: 'created_frame'
Traceback (most recent call last):
  File "C:\Users\ianfe\OneDrive\Documents\GitHub\facebeak\tracking.py", line 685, in _cleanup_old_tracks
    track_age = current_frame - history['created_frame']
                                ~~~~~~~^^^^^^^^^^^^^^^^^
KeyError: 'created_frame'
WARNING  tracking:tracking.py:236 Invalid bbox coordinates: [        128         128         228         228] for frame size 400x400
ERROR    tracking:tracking.py:727 Error in track cleanup: 'created_frame'
Traceback (most recent call last):
  File "C:\Users\ianfe\OneDrive\Documents\GitHub\facebeak\tracking.py", line 685, in _cleanup_old_tracks
    track_age = current_frame - history['created_frame']
                                ~~~~~~~^^^^^^^^^^^^^^^^^
KeyError: 'created_frame'
ERROR    tracking:tracking.py:1203 Error in embedding processing: Input must be uint8
ERROR    tracking:tracking.py:1203 Error in embedding processing: Input must be uint8
ERROR    tracking:tracking.py:1303 Error calculating embedding quality: 'dict' object has no attribute 'layout'
ERROR    tracking:tracking.py:624 Error updating track 8.0: 'EnhancedTracker' object has no attribute 'min_embedding_quality'
ERROR    tracking:tracking.py:727 Error in track cleanup: 'created_frame'
Traceback (most recent call last):
  File "C:\Users\ianfe\OneDrive\Documents\GitHub\facebeak\tracking.py", line 685, in _cleanup_old_tracks
    track_age = current_frame - history['created_frame']
                                ~~~~~~~^^^^^^^^^^^^^^^^^
KeyError: 'created_frame'
ERROR    tracking:tracking.py:1203 Error in embedding processing: Input must be uint8
ERROR    tracking:tracking.py:1203 Error in embedding processing: Input must be uint8
ERROR    tracking:tracking.py:1303 Error calculating embedding quality: 'dict' object has no attribute 'layout'
ERROR    tracking:tracking.py:624 Error updating track 8.0: 'EnhancedTracker' object has no attribute 'min_embedding_quality'
ERROR    tracking:tracking.py:727 Error in track cleanup: 'created_frame'
Traceback (most recent call last):
  File "C:\Users\ianfe\OneDrive\Documents\GitHub\facebeak\tracking.py", line 685, in _cleanup_old_tracks
    track_age = current_frame - history['created_frame']
                                ~~~~~~~^^^^^^^^^^^^^^^^^
KeyError: 'created_frame'
ERROR    tracking:tracking.py:1203 Error in embedding processing: Input must be uint8
ERROR    tracking:tracking.py:1203 Error in embedding processing: Input must be uint8
ERROR    tracking:tracking.py:1303 Error calculating embedding quality: 'dict' object has no attribute 'layout'
ERROR    tracking:tracking.py:624 Error updating track 8.0: 'EnhancedTracker' object has no attribute 'min_embedding_quality'
ERROR    tracking:tracking.py:727 Error in track cleanup: 'created_frame'
Traceback (most recent call last):
  File "C:\Users\ianfe\OneDrive\Documents\GitHub\facebeak\tracking.py", line 685, in _cleanup_old_tracks
    track_age = current_frame - history['created_frame']
                                ~~~~~~~^^^^^^^^^^^^^^^^^
KeyError: 'created_frame'
ERROR    tracking:tracking.py:1203 Error in embedding processing: Input must be uint8
ERROR    tracking:tracking.py:1203 Error in embedding processing: Input must be uint8
ERROR    tracking:tracking.py:1303 Error calculating embedding quality: 'dict' object has no attribute 'layout'
ERROR    tracking:tracking.py:624 Error updating track 8.0: 'EnhancedTracker' object has no attribute 'min_embedding_quality'
ERROR    tracking:tracking.py:727 Error in track cleanup: 'created_frame'
Traceback (most recent call last):
  File "C:\Users\ianfe\OneDrive\Documents\GitHub\facebeak\tracking.py", line 685, in _cleanup_old_tracks
    track_age = current_frame - history['created_frame']
                                ~~~~~~~^^^^^^^^^^^^^^^^^
KeyError: 'created_frame'
ERROR    tracking:tracking.py:1203 Error in embedding processing: Input must be uint8
ERROR    tracking:tracking.py:1203 Error in embedding processing: Input must be uint8
ERROR    tracking:tracking.py:1303 Error calculating embedding quality: 'dict' object has no attribute 'layout'
ERROR    tracking:tracking.py:624 Error updating track 8.0: 'EnhancedTracker' object has no attribute 'min_embedding_quality'
ERROR    tracking:tracking.py:727 Error in track cleanup: 'created_frame'
Traceback (most recent call last):
  File "C:\Users\ianfe\OneDrive\Documents\GitHub\facebeak\tracking.py", line 685, in _cleanup_old_tracks
    track_age = current_frame - history['created_frame']
                                ~~~~~~~^^^^^^^^^^^^^^^^^
KeyError: 'created_frame'
ERROR    tracking:tracking.py:1203 Error in embedding processing: Input must be uint8
ERROR    tracking:tracking.py:1203 Error in embedding processing: Input must be uint8
ERROR    tracking:tracking.py:1303 Error calculating embedding quality: 'dict' object has no attribute 'layout'
ERROR    tracking:tracking.py:624 Error updating track 8.0: 'EnhancedTracker' object has no attribute 'min_embedding_quality'
ERROR    tracking:tracking.py:727 Error in track cleanup: 'created_frame'
Traceback (most recent call last):
  File "C:\Users\ianfe\OneDrive\Documents\GitHub\facebeak\tracking.py", line 685, in _cleanup_old_tracks
    track_age = current_frame - history['created_frame']
                                ~~~~~~~^^^^^^^^^^^^^^^^^
KeyError: 'created_frame'
ERROR    tracking:tracking.py:1203 Error in embedding processing: Input must be uint8
ERROR    tracking:tracking.py:1203 Error in embedding processing: Input must be uint8
ERROR    tracking:tracking.py:1303 Error calculating embedding quality: 'dict' object has no attribute 'layout'
ERROR    tracking:tracking.py:624 Error updating track 8.0: 'EnhancedTracker' object has no attribute 'min_embedding_quality'
ERROR    tracking:tracking.py:727 Error in track cleanup: 'created_frame'
Traceback (most recent call last):
  File "C:\Users\ianfe\OneDrive\Documents\GitHub\facebeak\tracking.py", line 685, in _cleanup_old_tracks
    track_age = current_frame - history['created_frame']
                                ~~~~~~~^^^^^^^^^^^^^^^^^
KeyError: 'created_frame'
ERROR    tracking:tracking.py:1203 Error in embedding processing: Input must be uint8
ERROR    tracking:tracking.py:1203 Error in embedding processing: Input must be uint8
ERROR    tracking:tracking.py:1303 Error calculating embedding quality: 'dict' object has no attribute 'layout'
ERROR    tracking:tracking.py:624 Error updating track 8.0: 'EnhancedTracker' object has no attribute 'min_embedding_quality'
ERROR    tracking:tracking.py:727 Error in track cleanup: 'created_frame'
Traceback (most recent call last):
  File "C:\Users\ianfe\OneDrive\Documents\GitHub\facebeak\tracking.py", line 685, in _cleanup_old_tracks
    track_age = current_frame - history['created_frame']
                                ~~~~~~~^^^^^^^^^^^^^^^^^
KeyError: 'created_frame'
ERROR    tracking:tracking.py:1203 Error in embedding processing: Input must be uint8
ERROR    tracking:tracking.py:1203 Error in embedding processing: Input must be uint8
ERROR    tracking:tracking.py:1303 Error calculating embedding quality: 'dict' object has no attribute 'layout'
ERROR    tracking:tracking.py:624 Error updating track 8.0: 'EnhancedTracker' object has no attribute 'min_embedding_quality'
ERROR    tracking:tracking.py:727 Error in track cleanup: 'created_frame'
Traceback (most recent call last):
  File "C:\Users\ianfe\OneDrive\Documents\GitHub\facebeak\tracking.py", line 685, in _cleanup_old_tracks
    track_age = current_frame - history['created_frame']
                                ~~~~~~~^^^^^^^^^^^^^^^^^
KeyError: 'created_frame'
ERROR    tracking:tracking.py:1203 Error in embedding processing: Input must be uint8
ERROR    tracking:tracking.py:1203 Error in embedding processing: Input must be uint8
ERROR    tracking:tracking.py:1303 Error calculating embedding quality: 'dict' object has no attribute 'layout'
ERROR    tracking:tracking.py:624 Error updating track 8.0: 'EnhancedTracker' object has no attribute 'min_embedding_quality'
ERROR    tracking:tracking.py:727 Error in track cleanup: 'created_frame'
Traceback (most recent call last):
  File "C:\Users\ianfe\OneDrive\Documents\GitHub\facebeak\tracking.py", line 685, in _cleanup_old_tracks
    track_age = current_frame - history['created_frame']
                                ~~~~~~~^^^^^^^^^^^^^^^^^
KeyError: 'created_frame'
ERROR    tracking:tracking.py:1203 Error in embedding processing: Input must be uint8
ERROR    tracking:tracking.py:1203 Error in embedding processing: Input must be uint8
ERROR    tracking:tracking.py:1303 Error calculating embedding quality: 'dict' object has no attribute 'layout'
ERROR    tracking:tracking.py:624 Error updating track 8.0: 'EnhancedTracker' object has no attribute 'min_embedding_quality'
ERROR    tracking:tracking.py:727 Error in track cleanup: 'created_frame'
Traceback (most recent call last):
  File "C:\Users\ianfe\OneDrive\Documents\GitHub\facebeak\tracking.py", line 685, in _cleanup_old_tracks
    track_age = current_frame - history['created_frame']
                                ~~~~~~~^^^^^^^^^^^^^^^^^
KeyError: 'created_frame'
ERROR    tracking:tracking.py:1203 Error in embedding processing: Input must be uint8
ERROR    tracking:tracking.py:1203 Error in embedding processing: Input must be uint8
ERROR    tracking:tracking.py:1303 Error calculating embedding quality: 'dict' object has no attribute 'layout'
ERROR    tracking:tracking.py:624 Error updating track 8.0: 'EnhancedTracker' object has no attribute 'min_embedding_quality'
ERROR    tracking:tracking.py:727 Error in track cleanup: 'created_frame'
Traceback (most recent call last):
  File "C:\Users\ianfe\OneDrive\Documents\GitHub\facebeak\tracking.py", line 685, in _cleanup_old_tracks
    track_age = current_frame - history['created_frame']
                                ~~~~~~~^^^^^^^^^^^^^^^^^
KeyError: 'created_frame'
ERROR    tracking:tracking.py:1203 Error in embedding processing: Input must be uint8
ERROR    tracking:tracking.py:1203 Error in embedding processing: Input must be uint8
ERROR    tracking:tracking.py:1303 Error calculating embedding quality: 'dict' object has no attribute 'layout'
ERROR    tracking:tracking.py:624 Error updating track 8.0: 'EnhancedTracker' object has no attribute 'min_embedding_quality'
ERROR    tracking:tracking.py:727 Error in track cleanup: 'created_frame'
Traceback (most recent call last):
  File "C:\Users\ianfe\OneDrive\Documents\GitHub\facebeak\tracking.py", line 685, in _cleanup_old_tracks
    track_age = current_frame - history['created_frame']
                                ~~~~~~~^^^^^^^^^^^^^^^^^
KeyError: 'created_frame'
ERROR    tracking:tracking.py:1203 Error in embedding processing: Input must be uint8
ERROR    tracking:tracking.py:1203 Error in embedding processing: Input must be uint8
ERROR    tracking:tracking.py:1303 Error calculating embedding quality: 'dict' object has no attribute 'layout'
ERROR    tracking:tracking.py:624 Error updating track 8.0: 'EnhancedTracker' object has no attribute 'min_embedding_quality'
ERROR    tracking:tracking.py:727 Error in track cleanup: 'created_frame'
Traceback (most recent call last):
  File "C:\Users\ianfe\OneDrive\Documents\GitHub\facebeak\tracking.py", line 685, in _cleanup_old_tracks
    track_age = current_frame - history['created_frame']
                                ~~~~~~~^^^^^^^^^^^^^^^^^
KeyError: 'created_frame'
ERROR    tracking:tracking.py:1203 Error in embedding processing: Input must be uint8
ERROR    tracking:tracking.py:1203 Error in embedding processing: Input must be uint8
ERROR    tracking:tracking.py:1303 Error calculating embedding quality: 'dict' object has no attribute 'layout'
ERROR    tracking:tracking.py:624 Error updating track 8.0: 'EnhancedTracker' object has no attribute 'min_embedding_quality'
ERROR    tracking:tracking.py:727 Error in track cleanup: 'created_frame'
Traceback (most recent call last):
  File "C:\Users\ianfe\OneDrive\Documents\GitHub\facebeak\tracking.py", line 685, in _cleanup_old_tracks
    track_age = current_frame - history['created_frame']
                                ~~~~~~~^^^^^^^^^^^^^^^^^
KeyError: 'created_frame'
ERROR    tracking:tracking.py:1203 Error in embedding processing: Input must be uint8
ERROR    tracking:tracking.py:1203 Error in embedding processing: Input must be uint8
ERROR    tracking:tracking.py:1303 Error calculating embedding quality: 'dict' object has no attribute 'layout'
ERROR    tracking:tracking.py:624 Error updating track 8.0: 'EnhancedTracker' object has no attribute 'min_embedding_quality'
ERROR    tracking:tracking.py:727 Error in track cleanup: 'created_frame'
Traceback (most recent call last):
  File "C:\Users\ianfe\OneDrive\Documents\GitHub\facebeak\tracking.py", line 685, in _cleanup_old_tracks
    track_age = current_frame - history['created_frame']
                                ~~~~~~~^^^^^^^^^^^^^^^^^
KeyError: 'created_frame'
ERROR    tracking:tracking.py:1203 Error in embedding processing: Input must be uint8
ERROR    tracking:tracking.py:1203 Error in embedding processing: Input must be uint8
ERROR    tracking:tracking.py:1303 Error calculating embedding quality: 'dict' object has no attribute 'layout'
ERROR    tracking:tracking.py:624 Error updating track 8.0: 'EnhancedTracker' object has no attribute 'min_embedding_quality'
ERROR    tracking:tracking.py:727 Error in track cleanup: 'created_frame'
Traceback (most recent call last):
  File "C:\Users\ianfe\OneDrive\Documents\GitHub\facebeak\tracking.py", line 685, in _cleanup_old_tracks
    track_age = current_frame - history['created_frame']
                                ~~~~~~~^^^^^^^^^^^^^^^^^
KeyError: 'created_frame'
ERROR    tracking:tracking.py:1203 Error in embedding processing: Input must be uint8
ERROR    tracking:tracking.py:1203 Error in embedding processing: Input must be uint8
ERROR    tracking:tracking.py:1303 Error calculating embedding quality: 'dict' object has no attribute 'layout'
ERROR    tracking:tracking.py:624 Error updating track 8.0: 'EnhancedTracker' object has no attribute 'min_embedding_quality'
ERROR    tracking:tracking.py:727 Error in track cleanup: 'created_frame'
Traceback (most recent call last):
  File "C:\Users\ianfe\OneDrive\Documents\GitHub\facebeak\tracking.py", line 685, in _cleanup_old_tracks
    track_age = current_frame - history['created_frame']
                                ~~~~~~~^^^^^^^^^^^^^^^^^
KeyError: 'created_frame'
ERROR    tracking:tracking.py:1203 Error in embedding processing: Input must be uint8
ERROR    tracking:tracking.py:1203 Error in embedding processing: Input must be uint8
ERROR    tracking:tracking.py:1303 Error calculating embedding quality: 'dict' object has no attribute 'layout'
ERROR    tracking:tracking.py:624 Error updating track 8.0: 'EnhancedTracker' object has no attribute 'min_embedding_quality'
ERROR    tracking:tracking.py:727 Error in track cleanup: 'created_frame'
Traceback (most recent call last):
  File "C:\Users\ianfe\OneDrive\Documents\GitHub\facebeak\tracking.py", line 685, in _cleanup_old_tracks
    track_age = current_frame - history['created_frame']
                                ~~~~~~~^^^^^^^^^^^^^^^^^
KeyError: 'created_frame'
ERROR    tracking:tracking.py:1203 Error in embedding processing: Input must be uint8
ERROR    tracking:tracking.py:1203 Error in embedding processing: Input must be uint8
ERROR    tracking:tracking.py:1303 Error calculating embedding quality: 'dict' object has no attribute 'layout'
ERROR    tracking:tracking.py:624 Error updating track 8.0: 'EnhancedTracker' object has no attribute 'min_embedding_quality'
ERROR    tracking:tracking.py:727 Error in track cleanup: 'created_frame'
Traceback (most recent call last):
  File "C:\Users\ianfe\OneDrive\Documents\GitHub\facebeak\tracking.py", line 685, in _cleanup_old_tracks
    track_age = current_frame - history['created_frame']
                                ~~~~~~~^^^^^^^^^^^^^^^^^
KeyError: 'created_frame'
ERROR    tracking:tracking.py:1203 Error in embedding processing: Input must be uint8
ERROR    tracking:tracking.py:1203 Error in embedding processing: Input must be uint8
ERROR    tracking:tracking.py:1303 Error calculating embedding quality: 'dict' object has no attribute 'layout'
ERROR    tracking:tracking.py:624 Error updating track 8.0: 'EnhancedTracker' object has no attribute 'min_embedding_quality'
ERROR    tracking:tracking.py:727 Error in track cleanup: 'created_frame'
Traceback (most recent call last):
  File "C:\Users\ianfe\OneDrive\Documents\GitHub\facebeak\tracking.py", line 685, in _cleanup_old_tracks
    track_age = current_frame - history['created_frame']
                                ~~~~~~~^^^^^^^^^^^^^^^^^
KeyError: 'created_frame'
ERROR    tracking:tracking.py:1203 Error in embedding processing: Input must be uint8
ERROR    tracking:tracking.py:1203 Error in embedding processing: Input must be uint8
ERROR    tracking:tracking.py:1303 Error calculating embedding quality: 'dict' object has no attribute 'layout'
ERROR    tracking:tracking.py:624 Error updating track 8.0: 'EnhancedTracker' object has no attribute 'min_embedding_quality'
ERROR    tracking:tracking.py:727 Error in track cleanup: 'created_frame'
Traceback (most recent call last):
  File "C:\Users\ianfe\OneDrive\Documents\GitHub\facebeak\tracking.py", line 685, in _cleanup_old_tracks
    track_age = current_frame - history['created_frame']
                                ~~~~~~~^^^^^^^^^^^^^^^^^
KeyError: 'created_frame'
ERROR    tracking:tracking.py:1203 Error in embedding processing: Input must be uint8
ERROR    tracking:tracking.py:1203 Error in embedding processing: Input must be uint8
ERROR    tracking:tracking.py:1303 Error calculating embedding quality: 'dict' object has no attribute 'layout'
ERROR    tracking:tracking.py:624 Error updating track 8.0: 'EnhancedTracker' object has no attribute 'min_embedding_quality'
ERROR    tracking:tracking.py:727 Error in track cleanup: 'created_frame'
Traceback (most recent call last):
  File "C:\Users\ianfe\OneDrive\Documents\GitHub\facebeak\tracking.py", line 685, in _cleanup_old_tracks
    track_age = current_frame - history['created_frame']
                                ~~~~~~~^^^^^^^^^^^^^^^^^
KeyError: 'created_frame'
ERROR    tracking:tracking.py:1203 Error in embedding processing: Input must be uint8
ERROR    tracking:tracking.py:1203 Error in embedding processing: Input must be uint8
ERROR    tracking:tracking.py:1303 Error calculating embedding quality: 'dict' object has no attribute 'layout'
ERROR    tracking:tracking.py:624 Error updating track 8.0: 'EnhancedTracker' object has no attribute 'min_embedding_quality'
ERROR    tracking:tracking.py:727 Error in track cleanup: 'created_frame'
Traceback (most recent call last):
  File "C:\Users\ianfe\OneDrive\Documents\GitHub\facebeak\tracking.py", line 685, in _cleanup_old_tracks
    track_age = current_frame - history['created_frame']
                                ~~~~~~~^^^^^^^^^^^^^^^^^
KeyError: 'created_frame'
ERROR    tracking:tracking.py:1203 Error in embedding processing: Input must be uint8
ERROR    tracking:tracking.py:1203 Error in embedding processing: Input must be uint8
ERROR    tracking:tracking.py:1303 Error calculating embedding quality: 'dict' object has no attribute 'layout'
ERROR    tracking:tracking.py:624 Error updating track 8.0: 'EnhancedTracker' object has no attribute 'min_embedding_quality'
ERROR    tracking:tracking.py:727 Error in track cleanup: 'created_frame'
Traceback (most recent call last):
  File "C:\Users\ianfe\OneDrive\Documents\GitHub\facebeak\tracking.py", line 685, in _cleanup_old_tracks
    track_age = current_frame - history['created_frame']
                                ~~~~~~~^^^^^^^^^^^^^^^^^
KeyError: 'created_frame'
ERROR    tracking:tracking.py:1203 Error in embedding processing: Input must be uint8
ERROR    tracking:tracking.py:1203 Error in embedding processing: Input must be uint8
ERROR    tracking:tracking.py:1303 Error calculating embedding quality: 'dict' object has no attribute 'layout'
ERROR    tracking:tracking.py:624 Error updating track 8.0: 'EnhancedTracker' object has no attribute 'min_embedding_quality'
ERROR    tracking:tracking.py:727 Error in track cleanup: 'created_frame'
Traceback (most recent call last):
  File "C:\Users\ianfe\OneDrive\Documents\GitHub\facebeak\tracking.py", line 685, in _cleanup_old_tracks
    track_age = current_frame - history['created_frame']
                                ~~~~~~~^^^^^^^^^^^^^^^^^
KeyError: 'created_frame'
ERROR    tracking:tracking.py:1203 Error in embedding processing: Input must be uint8
ERROR    tracking:tracking.py:1203 Error in embedding processing: Input must be uint8
ERROR    tracking:tracking.py:1303 Error calculating embedding quality: 'dict' object has no attribute 'layout'
ERROR    tracking:tracking.py:624 Error updating track 8.0: 'EnhancedTracker' object has no attribute 'min_embedding_quality'
ERROR    tracking:tracking.py:727 Error in track cleanup: 'created_frame'
Traceback (most recent call last):
  File "C:\Users\ianfe\OneDrive\Documents\GitHub\facebeak\tracking.py", line 685, in _cleanup_old_tracks
    track_age = current_frame - history['created_frame']
                                ~~~~~~~^^^^^^^^^^^^^^^^^
KeyError: 'created_frame'
ERROR    tracking:tracking.py:1203 Error in embedding processing: Input must be uint8
ERROR    tracking:tracking.py:1203 Error in embedding processing: Input must be uint8
ERROR    tracking:tracking.py:1303 Error calculating embedding quality: 'dict' object has no attribute 'layout'
ERROR    tracking:tracking.py:624 Error updating track 8.0: 'EnhancedTracker' object has no attribute 'min_embedding_quality'
ERROR    tracking:tracking.py:727 Error in track cleanup: 'created_frame'
Traceback (most recent call last):
  File "C:\Users\ianfe\OneDrive\Documents\GitHub\facebeak\tracking.py", line 685, in _cleanup_old_tracks
    track_age = current_frame - history['created_frame']
                                ~~~~~~~^^^^^^^^^^^^^^^^^
KeyError: 'created_frame'
ERROR    tracking:tracking.py:1203 Error in embedding processing: Input must be uint8
ERROR    tracking:tracking.py:1203 Error in embedding processing: Input must be uint8
ERROR    tracking:tracking.py:1303 Error calculating embedding quality: 'dict' object has no attribute 'layout'
ERROR    tracking:tracking.py:624 Error updating track 8.0: 'EnhancedTracker' object has no attribute 'min_embedding_quality'
ERROR    tracking:tracking.py:727 Error in track cleanup: 'created_frame'
Traceback (most recent call last):
  File "C:\Users\ianfe\OneDrive\Documents\GitHub\facebeak\tracking.py", line 685, in _cleanup_old_tracks
    track_age = current_frame - history['created_frame']
                                ~~~~~~~^^^^^^^^^^^^^^^^^
KeyError: 'created_frame'
ERROR    tracking:tracking.py:1203 Error in embedding processing: Input must be uint8
ERROR    tracking:tracking.py:1203 Error in embedding processing: Input must be uint8
ERROR    tracking:tracking.py:1303 Error calculating embedding quality: 'dict' object has no attribute 'layout'
ERROR    tracking:tracking.py:624 Error updating track 8.0: 'EnhancedTracker' object has no attribute 'min_embedding_quality'
ERROR    tracking:tracking.py:727 Error in track cleanup: 'created_frame'
Traceback (most recent call last):
  File "C:\Users\ianfe\OneDrive\Documents\GitHub\facebeak\tracking.py", line 685, in _cleanup_old_tracks
    track_age = current_frame - history['created_frame']
                                ~~~~~~~^^^^^^^^^^^^^^^^^
KeyError: 'created_frame'
ERROR    tracking:tracking.py:1203 Error in embedding processing: Input must be uint8
ERROR    tracking:tracking.py:1203 Error in embedding processing: Input must be uint8
ERROR    tracking:tracking.py:1303 Error calculating embedding quality: 'dict' object has no attribute 'layout'
ERROR    tracking:tracking.py:624 Error updating track 8.0: 'EnhancedTracker' object has no attribute 'min_embedding_quality'
ERROR    tracking:tracking.py:727 Error in track cleanup: 'created_frame'
Traceback (most recent call last):
  File "C:\Users\ianfe\OneDrive\Documents\GitHub\facebeak\tracking.py", line 685, in _cleanup_old_tracks
    track_age = current_frame - history['created_frame']
                                ~~~~~~~^^^^^^^^^^^^^^^^^
KeyError: 'created_frame'
ERROR    tracking:tracking.py:1203 Error in embedding processing: Input must be uint8
ERROR    tracking:tracking.py:1203 Error in embedding processing: Input must be uint8
ERROR    tracking:tracking.py:1303 Error calculating embedding quality: 'dict' object has no attribute 'layout'
ERROR    tracking:tracking.py:624 Error updating track 8.0: 'EnhancedTracker' object has no attribute 'min_embedding_quality'
ERROR    tracking:tracking.py:727 Error in track cleanup: 'created_frame'
Traceback (most recent call last):
  File "C:\Users\ianfe\OneDrive\Documents\GitHub\facebeak\tracking.py", line 685, in _cleanup_old_tracks
    track_age = current_frame - history['created_frame']
                                ~~~~~~~^^^^^^^^^^^^^^^^^
KeyError: 'created_frame'
ERROR    tracking:tracking.py:1203 Error in embedding processing: Input must be uint8
ERROR    tracking:tracking.py:1203 Error in embedding processing: Input must be uint8
ERROR    tracking:tracking.py:1303 Error calculating embedding quality: 'dict' object has no attribute 'layout'
ERROR    tracking:tracking.py:624 Error updating track 8.0: 'EnhancedTracker' object has no attribute 'min_embedding_quality'
ERROR    tracking:tracking.py:727 Error in track cleanup: 'created_frame'
Traceback (most recent call last):
  File "C:\Users\ianfe\OneDrive\Documents\GitHub\facebeak\tracking.py", line 685, in _cleanup_old_tracks
    track_age = current_frame - history['created_frame']
                                ~~~~~~~^^^^^^^^^^^^^^^^^
KeyError: 'created_frame'
ERROR    tracking:tracking.py:1203 Error in embedding processing: Input must be uint8
ERROR    tracking:tracking.py:1203 Error in embedding processing: Input must be uint8
ERROR    tracking:tracking.py:1303 Error calculating embedding quality: 'dict' object has no attribute 'layout'
ERROR    tracking:tracking.py:624 Error updating track 8.0: 'EnhancedTracker' object has no attribute 'min_embedding_quality'
ERROR    tracking:tracking.py:727 Error in track cleanup: 'created_frame'
Traceback (most recent call last):
  File "C:\Users\ianfe\OneDrive\Documents\GitHub\facebeak\tracking.py", line 685, in _cleanup_old_tracks
    track_age = current_frame - history['created_frame']
                                ~~~~~~~^^^^^^^^^^^^^^^^^
KeyError: 'created_frame'
ERROR    tracking:tracking.py:1203 Error in embedding processing: Input must be uint8
ERROR    tracking:tracking.py:1203 Error in embedding processing: Input must be uint8
ERROR    tracking:tracking.py:1303 Error calculating embedding quality: 'dict' object has no attribute 'layout'
ERROR    tracking:tracking.py:624 Error updating track 8.0: 'EnhancedTracker' object has no attribute 'min_embedding_quality'
ERROR    tracking:tracking.py:727 Error in track cleanup: 'created_frame'
Traceback (most recent call last):
  File "C:\Users\ianfe\OneDrive\Documents\GitHub\facebeak\tracking.py", line 685, in _cleanup_old_tracks
    track_age = current_frame - history['created_frame']
                                ~~~~~~~^^^^^^^^^^^^^^^^^
KeyError: 'created_frame'
_____________________ test_track_id_persistence_occlusion _____________________
tests\test_tracking.py:642: in test_track_id_persistence_occlusion
    assert len(track_ids) == 1, f"Expected single track ID through occlusion, got {len(track_ids)} different IDs: {track_ids}"
E   AssertionError: Expected single track ID through occlusion, got 0 different IDs: set()
E   assert 0 == 1
E    +  where 0 = len(set())
---------------------------- Captured stderr call -----------------------------
2025-05-21 07:17:44,272 - tracking - DEBUG - Logger configured successfully
2025-05-21 07:17:44,272 - tracking - INFO - CUDA device initialized
2025-05-21 07:17:44,273 - tracking - INFO - SORT tracker initialized successfully
2025-05-21 07:17:44,488 - tracking - INFO - Multi-view extractor initialized successfully
2025-05-21 07:17:44,488 - tracking - INFO - Multi-view extractor initialized successfully
2025-05-21 07:17:44,490 - tracking - ERROR - Error in embedding processing: Input must be uint8
2025-05-21 07:17:44,493 - tracking - ERROR - Error in embedding processing: Input must be uint8
2025-05-21 07:17:44,493 - tracking - ERROR - Error calculating embedding quality: 'dict' object has no attribute 'layout'
2025-05-21 07:17:44,493 - tracking - ERROR - Error updating track 10.0: 'EnhancedTracker' object has no attribute 'min_embedding_quality'
2025-05-21 07:17:44,494 - tracking - WARNING - Invalid bbox coordinates: [        105         105         205         205] for frame size 400x400
2025-05-21 07:17:44,496 - tracking - ERROR - Error in embedding processing: Input must be uint8
2025-05-21 07:17:44,498 - tracking - ERROR - Error in embedding processing: Input must be uint8
2025-05-21 07:17:44,499 - tracking - ERROR - Error calculating embedding quality: 'dict' object has no attribute 'layout'
2025-05-21 07:17:44,499 - tracking - ERROR - Error updating track 10.0: 'EnhancedTracker' object has no attribute 'min_embedding_quality'
2025-05-21 07:17:44,500 - tracking - ERROR - Error in embedding processing: Input must be uint8
2025-05-21 07:17:44,501 - tracking - ERROR - Error in embedding processing: Input must be uint8
2025-05-21 07:17:44,503 - tracking - ERROR - Error calculating embedding quality: 'dict' object has no attribute 'layout'
2025-05-21 07:17:44,503 - tracking - ERROR - Error updating track 10.0: 'EnhancedTracker' object has no attribute 'min_embedding_quality'
2025-05-21 07:17:44,505 - tracking - ERROR - Error in embedding processing: Input must be uint8
2025-05-21 07:17:44,506 - tracking - ERROR - Error in embedding processing: Input must be uint8
2025-05-21 07:17:44,506 - tracking - ERROR - Error calculating embedding quality: 'dict' object has no attribute 'layout'
2025-05-21 07:17:44,506 - tracking - ERROR - Error updating track 10.0: 'EnhancedTracker' object has no attribute 'min_embedding_quality'
2025-05-21 07:17:44,506 - tracking - ERROR - Error in track cleanup: 'created_frame'
Traceback (most recent call last):
  File "C:\Users\ianfe\OneDrive\Documents\GitHub\facebeak\tracking.py", line 685, in _cleanup_old_tracks
    track_age = current_frame - history['created_frame']
                                ~~~~~~~^^^^^^^^^^^^^^^^^
KeyError: 'created_frame'
2025-05-21 07:17:44,508 - tracking - ERROR - Detection batch processing failed: Invalid detections format: expected 2D numpy array
2025-05-21 07:17:44,508 - tracking - ERROR - Error in track cleanup: 'created_frame'
Traceback (most recent call last):
  File "C:\Users\ianfe\OneDrive\Documents\GitHub\facebeak\tracking.py", line 685, in _cleanup_old_tracks
    track_age = current_frame - history['created_frame']
                                ~~~~~~~^^^^^^^^^^^^^^^^^
KeyError: 'created_frame'
2025-05-21 07:17:44,508 - tracking - ERROR - Detection batch processing failed: Invalid detections format: expected 2D numpy array
2025-05-21 07:17:44,508 - tracking - ERROR - Error in track cleanup: 'created_frame'
Traceback (most recent call last):
  File "C:\Users\ianfe\OneDrive\Documents\GitHub\facebeak\tracking.py", line 685, in _cleanup_old_tracks
    track_age = current_frame - history['created_frame']
                                ~~~~~~~^^^^^^^^^^^^^^^^^
KeyError: 'created_frame'
2025-05-21 07:17:44,508 - tracking - ERROR - Detection batch processing failed: Invalid detections format: expected 2D numpy array
2025-05-21 07:17:44,508 - tracking - ERROR - Error in track cleanup: 'created_frame'
Traceback (most recent call last):
  File "C:\Users\ianfe\OneDrive\Documents\GitHub\facebeak\tracking.py", line 685, in _cleanup_old_tracks
    track_age = current_frame - history['created_frame']
                                ~~~~~~~^^^^^^^^^^^^^^^^^
KeyError: 'created_frame'
2025-05-21 07:17:44,509 - tracking - ERROR - Detection batch processing failed: Invalid detections format: expected 2D numpy array
2025-05-21 07:17:44,509 - tracking - ERROR - Error in track cleanup: 'created_frame'
Traceback (most recent call last):
  File "C:\Users\ianfe\OneDrive\Documents\GitHub\facebeak\tracking.py", line 685, in _cleanup_old_tracks
    track_age = current_frame - history['created_frame']
                                ~~~~~~~^^^^^^^^^^^^^^^^^
KeyError: 'created_frame'
2025-05-21 07:17:44,510 - tracking - ERROR - Detection batch processing failed: Invalid detections format: expected 2D numpy array
2025-05-21 07:17:44,510 - tracking - ERROR - Error in track cleanup: 'created_frame'
Traceback (most recent call last):
  File "C:\Users\ianfe\OneDrive\Documents\GitHub\facebeak\tracking.py", line 685, in _cleanup_old_tracks
    track_age = current_frame - history['created_frame']
                                ~~~~~~~^^^^^^^^^^^^^^^^^
KeyError: 'created_frame'
2025-05-21 07:17:44,511 - tracking - ERROR - Detection batch processing failed: Invalid detections format: expected 2D numpy array
2025-05-21 07:17:44,511 - tracking - ERROR - Error in track cleanup: 'created_frame'
Traceback (most recent call last):
  File "C:\Users\ianfe\OneDrive\Documents\GitHub\facebeak\tracking.py", line 685, in _cleanup_old_tracks
    track_age = current_frame - history['created_frame']
                                ~~~~~~~^^^^^^^^^^^^^^^^^
KeyError: 'created_frame'
2025-05-21 07:17:44,511 - tracking - ERROR - Detection batch processing failed: Invalid detections format: expected 2D numpy array
2025-05-21 07:17:44,511 - tracking - ERROR - Error in track cleanup: 'created_frame'
Traceback (most recent call last):
  File "C:\Users\ianfe\OneDrive\Documents\GitHub\facebeak\tracking.py", line 685, in _cleanup_old_tracks
    track_age = current_frame - history['created_frame']
                                ~~~~~~~^^^^^^^^^^^^^^^^^
KeyError: 'created_frame'
2025-05-21 07:17:44,511 - tracking - ERROR - Detection batch processing failed: Invalid detections format: expected 2D numpy array
2025-05-21 07:17:44,512 - tracking - ERROR - Error in track cleanup: 'created_frame'
Traceback (most recent call last):
  File "C:\Users\ianfe\OneDrive\Documents\GitHub\facebeak\tracking.py", line 685, in _cleanup_old_tracks
    track_age = current_frame - history['created_frame']
                                ~~~~~~~^^^^^^^^^^^^^^^^^
KeyError: 'created_frame'
2025-05-21 07:17:44,514 - tracking - ERROR - Error in embedding processing: Input must be uint8
2025-05-21 07:17:44,517 - tracking - ERROR - Error in embedding processing: Input must be uint8
2025-05-21 07:17:44,517 - tracking - ERROR - Error calculating embedding quality: 'dict' object has no attribute 'layout'
2025-05-21 07:17:44,517 - tracking - ERROR - Error updating track 10.0: 'EnhancedTracker' object has no attribute 'min_embedding_quality'
2025-05-21 07:17:44,517 - tracking - ERROR - Error in track cleanup: 'created_frame'
Traceback (most recent call last):
  File "C:\Users\ianfe\OneDrive\Documents\GitHub\facebeak\tracking.py", line 685, in _cleanup_old_tracks
    track_age = current_frame - history['created_frame']
                                ~~~~~~~^^^^^^^^^^^^^^^^^
KeyError: 'created_frame'
2025-05-21 07:17:44,521 - tracking - ERROR - Error in embedding processing: Input must be uint8
2025-05-21 07:17:44,522 - tracking - ERROR - Error in embedding processing: Input must be uint8
2025-05-21 07:17:44,523 - tracking - ERROR - Error calculating embedding quality: 'dict' object has no attribute 'layout'
2025-05-21 07:17:44,523 - tracking - ERROR - Error updating track 10.0: 'EnhancedTracker' object has no attribute 'min_embedding_quality'
2025-05-21 07:17:44,523 - tracking - ERROR - Error in track cleanup: 'created_frame'
Traceback (most recent call last):
  File "C:\Users\ianfe\OneDrive\Documents\GitHub\facebeak\tracking.py", line 685, in _cleanup_old_tracks
    track_age = current_frame - history['created_frame']
                                ~~~~~~~^^^^^^^^^^^^^^^^^
KeyError: 'created_frame'
2025-05-21 07:17:44,525 - tracking - WARNING - Invalid bbox coordinates: [     177.37      177.37      277.37      277.37] for frame size 400x400
2025-05-21 07:17:44,525 - tracking - ERROR - Error in track cleanup: 'created_frame'
Traceback (most recent call last):
  File "C:\Users\ianfe\OneDrive\Documents\GitHub\facebeak\tracking.py", line 685, in _cleanup_old_tracks
    track_age = current_frame - history['created_frame']
                                ~~~~~~~^^^^^^^^^^^^^^^^^
KeyError: 'created_frame'
2025-05-21 07:17:44,527 - tracking - ERROR - Error in embedding processing: Input must be uint8
2025-05-21 07:17:44,529 - tracking - ERROR - Error in embedding processing: Input must be uint8
2025-05-21 07:17:44,530 - tracking - ERROR - Error calculating embedding quality: 'dict' object has no attribute 'layout'
2025-05-21 07:17:44,530 - tracking - ERROR - Error updating track 10.0: 'EnhancedTracker' object has no attribute 'min_embedding_quality'
2025-05-21 07:17:44,530 - tracking - ERROR - Error in track cleanup: 'created_frame'
Traceback (most recent call last):
  File "C:\Users\ianfe\OneDrive\Documents\GitHub\facebeak\tracking.py", line 685, in _cleanup_old_tracks
    track_age = current_frame - history['created_frame']
                                ~~~~~~~^^^^^^^^^^^^^^^^^
KeyError: 'created_frame'
2025-05-21 07:17:44,532 - tracking - ERROR - Error in embedding processing: Input must be uint8
2025-05-21 07:17:44,536 - tracking - ERROR - Error in embedding processing: Input must be uint8
2025-05-21 07:17:44,537 - tracking - ERROR - Error calculating embedding quality: 'dict' object has no attribute 'layout'
2025-05-21 07:17:44,537 - tracking - ERROR - Error updating track 10.0: 'EnhancedTracker' object has no attribute 'min_embedding_quality'
2025-05-21 07:17:44,537 - tracking - ERROR - Error in track cleanup: 'created_frame'
Traceback (most recent call last):
  File "C:\Users\ianfe\OneDrive\Documents\GitHub\facebeak\tracking.py", line 685, in _cleanup_old_tracks
    track_age = current_frame - history['created_frame']
                                ~~~~~~~^^^^^^^^^^^^^^^^^
KeyError: 'created_frame'
------------------------------ Captured log call ------------------------------
DEBUG    tracking:tracking.py:386 Logger configured successfully
INFO     tracking:tracking.py:331 CUDA device initialized
INFO     tracking:tracking.py:343 SORT tracker initialized successfully
INFO     color_normalization:color_normalization.py:46 Using GPU acceleration for color normalization
INFO     multi_view:multi_view.py:30 Initialized MultiViewExtractor with 2 rotations and 1 zoom factors
INFO     tracking:tracking.py:1010 Multi-view extractor initialized successfully
INFO     multi_view:multi_view.py:30 Initialized MultiViewExtractor with 2 rotations and 1 zoom factors
INFO     tracking:tracking.py:1010 Multi-view extractor initialized successfully
ERROR    tracking:tracking.py:1203 Error in embedding processing: Input must be uint8
ERROR    tracking:tracking.py:1203 Error in embedding processing: Input must be uint8
ERROR    tracking:tracking.py:1303 Error calculating embedding quality: 'dict' object has no attribute 'layout'
ERROR    tracking:tracking.py:624 Error updating track 10.0: 'EnhancedTracker' object has no attribute 'min_embedding_quality'
WARNING  tracking:tracking.py:236 Invalid bbox coordinates: [        105         105         205         205] for frame size 400x400
ERROR    tracking:tracking.py:1203 Error in embedding processing: Input must be uint8
ERROR    tracking:tracking.py:1203 Error in embedding processing: Input must be uint8
ERROR    tracking:tracking.py:1303 Error calculating embedding quality: 'dict' object has no attribute 'layout'
ERROR    tracking:tracking.py:624 Error updating track 10.0: 'EnhancedTracker' object has no attribute 'min_embedding_quality'
ERROR    tracking:tracking.py:1203 Error in embedding processing: Input must be uint8
ERROR    tracking:tracking.py:1203 Error in embedding processing: Input must be uint8
ERROR    tracking:tracking.py:1303 Error calculating embedding quality: 'dict' object has no attribute 'layout'
ERROR    tracking:tracking.py:624 Error updating track 10.0: 'EnhancedTracker' object has no attribute 'min_embedding_quality'
ERROR    tracking:tracking.py:1203 Error in embedding processing: Input must be uint8
ERROR    tracking:tracking.py:1203 Error in embedding processing: Input must be uint8
ERROR    tracking:tracking.py:1303 Error calculating embedding quality: 'dict' object has no attribute 'layout'
ERROR    tracking:tracking.py:624 Error updating track 10.0: 'EnhancedTracker' object has no attribute 'min_embedding_quality'
ERROR    tracking:tracking.py:727 Error in track cleanup: 'created_frame'
Traceback (most recent call last):
  File "C:\Users\ianfe\OneDrive\Documents\GitHub\facebeak\tracking.py", line 685, in _cleanup_old_tracks
    track_age = current_frame - history['created_frame']
                                ~~~~~~~^^^^^^^^^^^^^^^^^
KeyError: 'created_frame'
ERROR    tracking:tracking.py:543 Detection batch processing failed: Invalid detections format: expected 2D numpy array
ERROR    tracking:tracking.py:727 Error in track cleanup: 'created_frame'
Traceback (most recent call last):
  File "C:\Users\ianfe\OneDrive\Documents\GitHub\facebeak\tracking.py", line 685, in _cleanup_old_tracks
    track_age = current_frame - history['created_frame']
                                ~~~~~~~^^^^^^^^^^^^^^^^^
KeyError: 'created_frame'
ERROR    tracking:tracking.py:543 Detection batch processing failed: Invalid detections format: expected 2D numpy array
ERROR    tracking:tracking.py:727 Error in track cleanup: 'created_frame'
Traceback (most recent call last):
  File "C:\Users\ianfe\OneDrive\Documents\GitHub\facebeak\tracking.py", line 685, in _cleanup_old_tracks
    track_age = current_frame - history['created_frame']
                                ~~~~~~~^^^^^^^^^^^^^^^^^
KeyError: 'created_frame'
ERROR    tracking:tracking.py:543 Detection batch processing failed: Invalid detections format: expected 2D numpy array
ERROR    tracking:tracking.py:727 Error in track cleanup: 'created_frame'
Traceback (most recent call last):
  File "C:\Users\ianfe\OneDrive\Documents\GitHub\facebeak\tracking.py", line 685, in _cleanup_old_tracks
    track_age = current_frame - history['created_frame']
                                ~~~~~~~^^^^^^^^^^^^^^^^^
KeyError: 'created_frame'
ERROR    tracking:tracking.py:543 Detection batch processing failed: Invalid detections format: expected 2D numpy array
ERROR    tracking:tracking.py:727 Error in track cleanup: 'created_frame'
Traceback (most recent call last):
  File "C:\Users\ianfe\OneDrive\Documents\GitHub\facebeak\tracking.py", line 685, in _cleanup_old_tracks
    track_age = current_frame - history['created_frame']
                                ~~~~~~~^^^^^^^^^^^^^^^^^
KeyError: 'created_frame'
ERROR    tracking:tracking.py:543 Detection batch processing failed: Invalid detections format: expected 2D numpy array
ERROR    tracking:tracking.py:727 Error in track cleanup: 'created_frame'
Traceback (most recent call last):
  File "C:\Users\ianfe\OneDrive\Documents\GitHub\facebeak\tracking.py", line 685, in _cleanup_old_tracks
    track_age = current_frame - history['created_frame']
                                ~~~~~~~^^^^^^^^^^^^^^^^^
KeyError: 'created_frame'
ERROR    tracking:tracking.py:543 Detection batch processing failed: Invalid detections format: expected 2D numpy array
ERROR    tracking:tracking.py:727 Error in track cleanup: 'created_frame'
Traceback (most recent call last):
  File "C:\Users\ianfe\OneDrive\Documents\GitHub\facebeak\tracking.py", line 685, in _cleanup_old_tracks
    track_age = current_frame - history['created_frame']
                                ~~~~~~~^^^^^^^^^^^^^^^^^
KeyError: 'created_frame'
ERROR    tracking:tracking.py:543 Detection batch processing failed: Invalid detections format: expected 2D numpy array
ERROR    tracking:tracking.py:727 Error in track cleanup: 'created_frame'
Traceback (most recent call last):
  File "C:\Users\ianfe\OneDrive\Documents\GitHub\facebeak\tracking.py", line 685, in _cleanup_old_tracks
    track_age = current_frame - history['created_frame']
                                ~~~~~~~^^^^^^^^^^^^^^^^^
KeyError: 'created_frame'
ERROR    tracking:tracking.py:543 Detection batch processing failed: Invalid detections format: expected 2D numpy array
ERROR    tracking:tracking.py:727 Error in track cleanup: 'created_frame'
Traceback (most recent call last):
  File "C:\Users\ianfe\OneDrive\Documents\GitHub\facebeak\tracking.py", line 685, in _cleanup_old_tracks
    track_age = current_frame - history['created_frame']
                                ~~~~~~~^^^^^^^^^^^^^^^^^
KeyError: 'created_frame'
ERROR    tracking:tracking.py:1203 Error in embedding processing: Input must be uint8
ERROR    tracking:tracking.py:1203 Error in embedding processing: Input must be uint8
ERROR    tracking:tracking.py:1303 Error calculating embedding quality: 'dict' object has no attribute 'layout'
ERROR    tracking:tracking.py:624 Error updating track 10.0: 'EnhancedTracker' object has no attribute 'min_embedding_quality'
ERROR    tracking:tracking.py:727 Error in track cleanup: 'created_frame'
Traceback (most recent call last):
  File "C:\Users\ianfe\OneDrive\Documents\GitHub\facebeak\tracking.py", line 685, in _cleanup_old_tracks
    track_age = current_frame - history['created_frame']
                                ~~~~~~~^^^^^^^^^^^^^^^^^
KeyError: 'created_frame'
ERROR    tracking:tracking.py:1203 Error in embedding processing: Input must be uint8
ERROR    tracking:tracking.py:1203 Error in embedding processing: Input must be uint8
ERROR    tracking:tracking.py:1303 Error calculating embedding quality: 'dict' object has no attribute 'layout'
ERROR    tracking:tracking.py:624 Error updating track 10.0: 'EnhancedTracker' object has no attribute 'min_embedding_quality'
ERROR    tracking:tracking.py:727 Error in track cleanup: 'created_frame'
Traceback (most recent call last):
  File "C:\Users\ianfe\OneDrive\Documents\GitHub\facebeak\tracking.py", line 685, in _cleanup_old_tracks
    track_age = current_frame - history['created_frame']
                                ~~~~~~~^^^^^^^^^^^^^^^^^
KeyError: 'created_frame'
WARNING  tracking:tracking.py:236 Invalid bbox coordinates: [     177.37      177.37      277.37      277.37] for frame size 400x400
ERROR    tracking:tracking.py:727 Error in track cleanup: 'created_frame'
Traceback (most recent call last):
  File "C:\Users\ianfe\OneDrive\Documents\GitHub\facebeak\tracking.py", line 685, in _cleanup_old_tracks
    track_age = current_frame - history['created_frame']
                                ~~~~~~~^^^^^^^^^^^^^^^^^
KeyError: 'created_frame'
ERROR    tracking:tracking.py:1203 Error in embedding processing: Input must be uint8
ERROR    tracking:tracking.py:1203 Error in embedding processing: Input must be uint8
ERROR    tracking:tracking.py:1303 Error calculating embedding quality: 'dict' object has no attribute 'layout'
ERROR    tracking:tracking.py:624 Error updating track 10.0: 'EnhancedTracker' object has no attribute 'min_embedding_quality'
ERROR    tracking:tracking.py:727 Error in track cleanup: 'created_frame'
Traceback (most recent call last):
  File "C:\Users\ianfe\OneDrive\Documents\GitHub\facebeak\tracking.py", line 685, in _cleanup_old_tracks
    track_age = current_frame - history['created_frame']
                                ~~~~~~~^^^^^^^^^^^^^^^^^
KeyError: 'created_frame'
ERROR    tracking:tracking.py:1203 Error in embedding processing: Input must be uint8
ERROR    tracking:tracking.py:1203 Error in embedding processing: Input must be uint8
ERROR    tracking:tracking.py:1303 Error calculating embedding quality: 'dict' object has no attribute 'layout'
ERROR    tracking:tracking.py:624 Error updating track 10.0: 'EnhancedTracker' object has no attribute 'min_embedding_quality'
ERROR    tracking:tracking.py:727 Error in track cleanup: 'created_frame'
Traceback (most recent call last):
  File "C:\Users\ianfe\OneDrive\Documents\GitHub\facebeak\tracking.py", line 685, in _cleanup_old_tracks
    track_age = current_frame - history['created_frame']
                                ~~~~~~~^^^^^^^^^^^^^^^^^
KeyError: 'created_frame'
_________________ test_track_id_persistence_multiple_objects __________________
tests\test_tracking.py:682: in test_track_id_persistence_multiple_objects
    assert len(track_ids_obj1) == 1, f"Object 1 got {len(track_ids_obj1)} different IDs: {track_ids_obj1}"
E   AssertionError: Object 1 got 0 different IDs: set()
E   assert 0 == 1
E    +  where 0 = len(set())
---------------------------- Captured stderr call -----------------------------
2025-05-21 07:17:44,575 - tracking - DEBUG - Logger configured successfully
2025-05-21 07:17:44,575 - tracking - INFO - CUDA device initialized
2025-05-21 07:17:44,575 - tracking - INFO - SORT tracker initialized successfully
2025-05-21 07:17:44,759 - tracking - INFO - Multi-view extractor initialized successfully
2025-05-21 07:17:44,759 - tracking - INFO - Multi-view extractor initialized successfully
2025-05-21 07:17:44,763 - tracking - ERROR - Error in embedding processing: Input must be uint8
2025-05-21 07:17:44,764 - tracking - ERROR - Error in embedding processing: Input must be uint8
2025-05-21 07:17:44,765 - tracking - ERROR - Error calculating embedding quality: 'dict' object has no attribute 'layout'
2025-05-21 07:17:44,765 - tracking - ERROR - Error updating track 12.0: 'EnhancedTracker' object has no attribute 'min_embedding_quality'
2025-05-21 07:17:44,766 - tracking - ERROR - Error in embedding processing: Input must be uint8
2025-05-21 07:17:44,768 - tracking - ERROR - Error in embedding processing: Input must be uint8
2025-05-21 07:17:44,769 - tracking - ERROR - Error calculating embedding quality: 'dict' object has no attribute 'layout'
2025-05-21 07:17:44,769 - tracking - ERROR - Error updating track 11.0: 'EnhancedTracker' object has no attribute 'min_embedding_quality'
2025-05-21 07:17:44,769 - tracking - WARNING - Invalid bbox coordinates: [        300         305         400         405] for frame size 400x400
2025-05-21 07:17:44,770 - tracking - WARNING - Invalid bbox coordinates: [        105         100         205         200] for frame size 400x400
2025-05-21 07:17:44,771 - tracking - WARNING - Invalid bbox coordinates: [        300         310         400         410] for frame size 400x400
2025-05-21 07:17:44,772 - tracking - ERROR - Error in embedding processing: Input must be uint8
2025-05-21 07:17:44,774 - tracking - ERROR - Error in embedding processing: Input must be uint8
2025-05-21 07:17:44,775 - tracking - ERROR - Error calculating embedding quality: 'dict' object has no attribute 'layout'
2025-05-21 07:17:44,775 - tracking - ERROR - Error updating track 11.0: 'EnhancedTracker' object has no attribute 'min_embedding_quality'
2025-05-21 07:17:44,775 - tracking - WARNING - Invalid bbox coordinates: [        300         315         400         415] for frame size 400x400
2025-05-21 07:17:44,776 - tracking - ERROR - Error in embedding processing: Input must be uint8
2025-05-21 07:17:44,779 - tracking - ERROR - Error in embedding processing: Input must be uint8
2025-05-21 07:17:44,779 - tracking - ERROR - Error calculating embedding quality: 'dict' object has no attribute 'layout'
2025-05-21 07:17:44,781 - tracking - ERROR - Error updating track 11.0: 'EnhancedTracker' object has no attribute 'min_embedding_quality'
2025-05-21 07:17:44,781 - tracking - WARNING - Invalid bbox coordinates: [        300         320         400         420] for frame size 400x400
2025-05-21 07:17:44,782 - tracking - ERROR - Error in embedding processing: Input must be uint8
2025-05-21 07:17:44,784 - tracking - ERROR - Error in embedding processing: Input must be uint8
2025-05-21 07:17:44,785 - tracking - ERROR - Error calculating embedding quality: 'dict' object has no attribute 'layout'
2025-05-21 07:17:44,785 - tracking - ERROR - Error updating track 11.0: 'EnhancedTracker' object has no attribute 'min_embedding_quality'
2025-05-21 07:17:44,785 - tracking - ERROR - Error in track cleanup: 'created_frame'
Traceback (most recent call last):
  File "C:\Users\ianfe\OneDrive\Documents\GitHub\facebeak\tracking.py", line 685, in _cleanup_old_tracks
    track_age = current_frame - history['created_frame']
                                ~~~~~~~^^^^^^^^^^^^^^^^^
KeyError: 'created_frame'
2025-05-21 07:17:44,787 - tracking - WARNING - Invalid bbox coordinates: [        300         325         400         425] for frame size 400x400
2025-05-21 07:17:44,790 - tracking - ERROR - Error in embedding processing: Input must be uint8
2025-05-21 07:17:44,791 - tracking - ERROR - Error in embedding processing: Input must be uint8
2025-05-21 07:17:44,793 - tracking - ERROR - Error calculating embedding quality: 'dict' object has no attribute 'layout'
2025-05-21 07:17:44,793 - tracking - ERROR - Error updating track 11.0: 'EnhancedTracker' object has no attribute 'min_embedding_quality'
2025-05-21 07:17:44,793 - tracking - ERROR - Error in track cleanup: 'created_frame'
Traceback (most recent call last):
  File "C:\Users\ianfe\OneDrive\Documents\GitHub\facebeak\tracking.py", line 685, in _cleanup_old_tracks
    track_age = current_frame - history['created_frame']
                                ~~~~~~~^^^^^^^^^^^^^^^^^
KeyError: 'created_frame'
2025-05-21 07:17:44,795 - tracking - WARNING - Invalid bbox coordinates: [        300         330         400         430] for frame size 400x400
2025-05-21 07:17:44,796 - tracking - ERROR - Error in embedding processing: Input must be uint8
2025-05-21 07:17:44,797 - tracking - ERROR - Error in embedding processing: Input must be uint8
2025-05-21 07:17:44,799 - tracking - ERROR - Error calculating embedding quality: 'dict' object has no attribute 'layout'
2025-05-21 07:17:44,799 - tracking - ERROR - Error updating track 11.0: 'EnhancedTracker' object has no attribute 'min_embedding_quality'
2025-05-21 07:17:44,799 - tracking - ERROR - Error in track cleanup: 'created_frame'
Traceback (most recent call last):
  File "C:\Users\ianfe\OneDrive\Documents\GitHub\facebeak\tracking.py", line 685, in _cleanup_old_tracks
    track_age = current_frame - history['created_frame']
                                ~~~~~~~^^^^^^^^^^^^^^^^^
KeyError: 'created_frame'
2025-05-21 07:17:44,800 - tracking - WARNING - Invalid bbox coordinates: [        300         335         400         435] for frame size 400x400
2025-05-21 07:17:44,803 - tracking - ERROR - Error in embedding processing: Input must be uint8
2025-05-21 07:17:44,804 - tracking - ERROR - Error in embedding processing: Input must be uint8
2025-05-21 07:17:44,805 - tracking - ERROR - Error calculating embedding quality: 'dict' object has no attribute 'layout'
2025-05-21 07:17:44,805 - tracking - ERROR - Error updating track 11.0: 'EnhancedTracker' object has no attribute 'min_embedding_quality'
2025-05-21 07:17:44,805 - tracking - ERROR - Error in track cleanup: 'created_frame'
Traceback (most recent call last):
  File "C:\Users\ianfe\OneDrive\Documents\GitHub\facebeak\tracking.py", line 685, in _cleanup_old_tracks
    track_age = current_frame - history['created_frame']
                                ~~~~~~~^^^^^^^^^^^^^^^^^
KeyError: 'created_frame'
2025-05-21 07:17:44,807 - tracking - WARNING - Invalid bbox coordinates: [        300         340         400         440] for frame size 400x400
2025-05-21 07:17:44,809 - tracking - ERROR - Error in embedding processing: Input must be uint8
2025-05-21 07:17:44,811 - tracking - ERROR - Error in embedding processing: Input must be uint8
2025-05-21 07:17:44,811 - tracking - ERROR - Error calculating embedding quality: 'dict' object has no attribute 'layout'
2025-05-21 07:17:44,812 - tracking - ERROR - Error updating track 11.0: 'EnhancedTracker' object has no attribute 'min_embedding_quality'
2025-05-21 07:17:44,812 - tracking - ERROR - Error in track cleanup: 'created_frame'
Traceback (most recent call last):
  File "C:\Users\ianfe\OneDrive\Documents\GitHub\facebeak\tracking.py", line 685, in _cleanup_old_tracks
    track_age = current_frame - history['created_frame']
                                ~~~~~~~^^^^^^^^^^^^^^^^^
KeyError: 'created_frame'
2025-05-21 07:17:44,813 - tracking - WARNING - Invalid bbox coordinates: [        300         345         400         445] for frame size 400x400
2025-05-21 07:17:44,815 - tracking - ERROR - Error in embedding processing: Input must be uint8
2025-05-21 07:17:44,817 - tracking - ERROR - Error in embedding processing: Input must be uint8
2025-05-21 07:17:44,817 - tracking - ERROR - Error calculating embedding quality: 'dict' object has no attribute 'layout'
2025-05-21 07:17:44,818 - tracking - ERROR - Error updating track 11.0: 'EnhancedTracker' object has no attribute 'min_embedding_quality'
2025-05-21 07:17:44,818 - tracking - ERROR - Error in track cleanup: 'created_frame'
Traceback (most recent call last):
  File "C:\Users\ianfe\OneDrive\Documents\GitHub\facebeak\tracking.py", line 685, in _cleanup_old_tracks
    track_age = current_frame - history['created_frame']
                                ~~~~~~~^^^^^^^^^^^^^^^^^
KeyError: 'created_frame'
2025-05-21 07:17:44,820 - tracking - WARNING - Invalid bbox coordinates: [        300         350         400         450] for frame size 400x400
2025-05-21 07:17:44,821 - tracking - ERROR - Error in embedding processing: Input must be uint8
2025-05-21 07:17:44,824 - tracking - ERROR - Error in embedding processing: Input must be uint8
2025-05-21 07:17:44,824 - tracking - ERROR - Error calculating embedding quality: 'dict' object has no attribute 'layout'
2025-05-21 07:17:44,824 - tracking - ERROR - Error updating track 11.0: 'EnhancedTracker' object has no attribute 'min_embedding_quality'
2025-05-21 07:17:44,824 - tracking - ERROR - Error in track cleanup: 'created_frame'
Traceback (most recent call last):
  File "C:\Users\ianfe\OneDrive\Documents\GitHub\facebeak\tracking.py", line 685, in _cleanup_old_tracks
    track_age = current_frame - history['created_frame']
                                ~~~~~~~^^^^^^^^^^^^^^^^^
KeyError: 'created_frame'
2025-05-21 07:17:44,827 - tracking - WARNING - Invalid bbox coordinates: [        300         355         400         455] for frame size 400x400
2025-05-21 07:17:44,829 - tracking - ERROR - Error in embedding processing: Input must be uint8
2025-05-21 07:17:44,831 - tracking - ERROR - Error in embedding processing: Input must be uint8
2025-05-21 07:17:44,832 - tracking - ERROR - Error calculating embedding quality: 'dict' object has no attribute 'layout'
2025-05-21 07:17:44,832 - tracking - ERROR - Error updating track 11.0: 'EnhancedTracker' object has no attribute 'min_embedding_quality'
2025-05-21 07:17:44,833 - tracking - ERROR - Error in track cleanup: 'created_frame'
Traceback (most recent call last):
  File "C:\Users\ianfe\OneDrive\Documents\GitHub\facebeak\tracking.py", line 685, in _cleanup_old_tracks
    track_age = current_frame - history['created_frame']
                                ~~~~~~~^^^^^^^^^^^^^^^^^
KeyError: 'created_frame'
2025-05-21 07:17:44,833 - tracking - WARNING - Invalid bbox coordinates: [        300         360         400         460] for frame size 400x400
2025-05-21 07:17:44,836 - tracking - ERROR - Error in embedding processing: Input must be uint8
2025-05-21 07:17:44,837 - tracking - ERROR - Error in embedding processing: Input must be uint8
2025-05-21 07:17:44,837 - tracking - ERROR - Error calculating embedding quality: 'dict' object has no attribute 'layout'
2025-05-21 07:17:44,839 - tracking - ERROR - Error updating track 11.0: 'EnhancedTracker' object has no attribute 'min_embedding_quality'
2025-05-21 07:17:44,839 - tracking - ERROR - Error in track cleanup: 'created_frame'
Traceback (most recent call last):
  File "C:\Users\ianfe\OneDrive\Documents\GitHub\facebeak\tracking.py", line 685, in _cleanup_old_tracks
    track_age = current_frame - history['created_frame']
                                ~~~~~~~^^^^^^^^^^^^^^^^^
KeyError: 'created_frame'
2025-05-21 07:17:44,840 - tracking - WARNING - Invalid bbox coordinates: [        300         365         400         465] for frame size 400x400
2025-05-21 07:17:44,842 - tracking - ERROR - Error in embedding processing: Input must be uint8
2025-05-21 07:17:44,845 - tracking - ERROR - Error in embedding processing: Input must be uint8
2025-05-21 07:17:44,846 - tracking - ERROR - Error calculating embedding quality: 'dict' object has no attribute 'layout'
2025-05-21 07:17:44,846 - tracking - ERROR - Error updating track 11.0: 'EnhancedTracker' object has no attribute 'min_embedding_quality'
2025-05-21 07:17:44,846 - tracking - ERROR - Error in track cleanup: 'created_frame'
Traceback (most recent call last):
  File "C:\Users\ianfe\OneDrive\Documents\GitHub\facebeak\tracking.py", line 685, in _cleanup_old_tracks
    track_age = current_frame - history['created_frame']
                                ~~~~~~~^^^^^^^^^^^^^^^^^
KeyError: 'created_frame'
2025-05-21 07:17:44,848 - tracking - WARNING - Invalid bbox coordinates: [        300         370         400         470] for frame size 400x400
2025-05-21 07:17:44,848 - tracking - WARNING - Invalid bbox coordinates: [        170         100         270         200] for frame size 400x400
2025-05-21 07:17:44,848 - tracking - ERROR - Error in track cleanup: 'created_frame'
Traceback (most recent call last):
  File "C:\Users\ianfe\OneDrive\Documents\GitHub\facebeak\tracking.py", line 685, in _cleanup_old_tracks
    track_age = current_frame - history['created_frame']
                                ~~~~~~~^^^^^^^^^^^^^^^^^
KeyError: 'created_frame'
2025-05-21 07:17:44,850 - tracking - WARNING - Invalid bbox coordinates: [        300         375         400         475] for frame size 400x400
2025-05-21 07:17:44,851 - tracking - WARNING - Invalid bbox coordinates: [        175         100         275         200] for frame size 400x400
2025-05-21 07:17:44,851 - tracking - ERROR - Error in track cleanup: 'created_frame'
Traceback (most recent call last):
  File "C:\Users\ianfe\OneDrive\Documents\GitHub\facebeak\tracking.py", line 685, in _cleanup_old_tracks
    track_age = current_frame - history['created_frame']
                                ~~~~~~~^^^^^^^^^^^^^^^^^
KeyError: 'created_frame'
2025-05-21 07:17:44,852 - tracking - WARNING - Invalid bbox coordinates: [        300         380         400         480] for frame size 400x400
2025-05-21 07:17:44,852 - tracking - WARNING - Invalid bbox coordinates: [        180         100         280         200] for frame size 400x400
2025-05-21 07:17:44,852 - tracking - ERROR - Error in track cleanup: 'created_frame'
Traceback (most recent call last):
  File "C:\Users\ianfe\OneDrive\Documents\GitHub\facebeak\tracking.py", line 685, in _cleanup_old_tracks
    track_age = current_frame - history['created_frame']
                                ~~~~~~~^^^^^^^^^^^^^^^^^
KeyError: 'created_frame'
2025-05-21 07:17:44,854 - tracking - WARNING - Invalid bbox coordinates: [        300         385         400         485] for frame size 400x400
2025-05-21 07:17:44,856 - tracking - ERROR - Error in embedding processing: Input must be uint8
2025-05-21 07:17:44,857 - tracking - ERROR - Error in embedding processing: Input must be uint8
2025-05-21 07:17:44,857 - tracking - ERROR - Error calculating embedding quality: 'dict' object has no attribute 'layout'
2025-05-21 07:17:44,857 - tracking - ERROR - Error updating track 11.0: 'EnhancedTracker' object has no attribute 'min_embedding_quality'
2025-05-21 07:17:44,859 - tracking - ERROR - Error in track cleanup: 'created_frame'
Traceback (most recent call last):
  File "C:\Users\ianfe\OneDrive\Documents\GitHub\facebeak\tracking.py", line 685, in _cleanup_old_tracks
    track_age = current_frame - history['created_frame']
                                ~~~~~~~^^^^^^^^^^^^^^^^^
KeyError: 'created_frame'
2025-05-21 07:17:44,859 - tracking - WARNING - Invalid bbox coordinates: [        300         390         400         490] for frame size 400x400
2025-05-21 07:17:44,861 - tracking - ERROR - Error in embedding processing: Input must be uint8
2025-05-21 07:17:44,863 - tracking - ERROR - Error in embedding processing: Input must be uint8
2025-05-21 07:17:44,863 - tracking - ERROR - Error calculating embedding quality: 'dict' object has no attribute 'layout'
2025-05-21 07:17:44,863 - tracking - ERROR - Error updating track 11.0: 'EnhancedTracker' object has no attribute 'min_embedding_quality'
2025-05-21 07:17:44,864 - tracking - ERROR - Error in track cleanup: 'created_frame'
Traceback (most recent call last):
  File "C:\Users\ianfe\OneDrive\Documents\GitHub\facebeak\tracking.py", line 685, in _cleanup_old_tracks
    track_age = current_frame - history['created_frame']
                                ~~~~~~~^^^^^^^^^^^^^^^^^
KeyError: 'created_frame'
2025-05-21 07:17:44,865 - tracking - WARNING - Invalid bbox coordinates: [        300         395         400         495] for frame size 400x400
2025-05-21 07:17:44,868 - tracking - ERROR - Error in embedding processing: Input must be uint8
2025-05-21 07:17:44,869 - tracking - ERROR - Error in embedding processing: Input must be uint8
2025-05-21 07:17:44,869 - tracking - ERROR - Error calculating embedding quality: 'dict' object has no attribute 'layout'
2025-05-21 07:17:44,869 - tracking - ERROR - Error updating track 11.0: 'EnhancedTracker' object has no attribute 'min_embedding_quality'
2025-05-21 07:17:44,869 - tracking - ERROR - Error in track cleanup: 'created_frame'
Traceback (most recent call last):
  File "C:\Users\ianfe\OneDrive\Documents\GitHub\facebeak\tracking.py", line 685, in _cleanup_old_tracks
    track_age = current_frame - history['created_frame']
                                ~~~~~~~^^^^^^^^^^^^^^^^^
KeyError: 'created_frame'
------------------------------ Captured log call ------------------------------
DEBUG    tracking:tracking.py:386 Logger configured successfully
INFO     tracking:tracking.py:331 CUDA device initialized
INFO     tracking:tracking.py:343 SORT tracker initialized successfully
INFO     color_normalization:color_normalization.py:46 Using GPU acceleration for color normalization
INFO     multi_view:multi_view.py:30 Initialized MultiViewExtractor with 2 rotations and 1 zoom factors
INFO     tracking:tracking.py:1010 Multi-view extractor initialized successfully
INFO     multi_view:multi_view.py:30 Initialized MultiViewExtractor with 2 rotations and 1 zoom factors
INFO     tracking:tracking.py:1010 Multi-view extractor initialized successfully
ERROR    tracking:tracking.py:1203 Error in embedding processing: Input must be uint8
ERROR    tracking:tracking.py:1203 Error in embedding processing: Input must be uint8
ERROR    tracking:tracking.py:1303 Error calculating embedding quality: 'dict' object has no attribute 'layout'
ERROR    tracking:tracking.py:624 Error updating track 12.0: 'EnhancedTracker' object has no attribute 'min_embedding_quality'
ERROR    tracking:tracking.py:1203 Error in embedding processing: Input must be uint8
ERROR    tracking:tracking.py:1203 Error in embedding processing: Input must be uint8
ERROR    tracking:tracking.py:1303 Error calculating embedding quality: 'dict' object has no attribute 'layout'
ERROR    tracking:tracking.py:624 Error updating track 11.0: 'EnhancedTracker' object has no attribute 'min_embedding_quality'
WARNING  tracking:tracking.py:236 Invalid bbox coordinates: [        300         305         400         405] for frame size 400x400
WARNING  tracking:tracking.py:236 Invalid bbox coordinates: [        105         100         205         200] for frame size 400x400
WARNING  tracking:tracking.py:236 Invalid bbox coordinates: [        300         310         400         410] for frame size 400x400
ERROR    tracking:tracking.py:1203 Error in embedding processing: Input must be uint8
ERROR    tracking:tracking.py:1203 Error in embedding processing: Input must be uint8
ERROR    tracking:tracking.py:1303 Error calculating embedding quality: 'dict' object has no attribute 'layout'
ERROR    tracking:tracking.py:624 Error updating track 11.0: 'EnhancedTracker' object has no attribute 'min_embedding_quality'
WARNING  tracking:tracking.py:236 Invalid bbox coordinates: [        300         315         400         415] for frame size 400x400
ERROR    tracking:tracking.py:1203 Error in embedding processing: Input must be uint8
ERROR    tracking:tracking.py:1203 Error in embedding processing: Input must be uint8
ERROR    tracking:tracking.py:1303 Error calculating embedding quality: 'dict' object has no attribute 'layout'
ERROR    tracking:tracking.py:624 Error updating track 11.0: 'EnhancedTracker' object has no attribute 'min_embedding_quality'
WARNING  tracking:tracking.py:236 Invalid bbox coordinates: [        300         320         400         420] for frame size 400x400
ERROR    tracking:tracking.py:1203 Error in embedding processing: Input must be uint8
ERROR    tracking:tracking.py:1203 Error in embedding processing: Input must be uint8
ERROR    tracking:tracking.py:1303 Error calculating embedding quality: 'dict' object has no attribute 'layout'
ERROR    tracking:tracking.py:624 Error updating track 11.0: 'EnhancedTracker' object has no attribute 'min_embedding_quality'
ERROR    tracking:tracking.py:727 Error in track cleanup: 'created_frame'
Traceback (most recent call last):
  File "C:\Users\ianfe\OneDrive\Documents\GitHub\facebeak\tracking.py", line 685, in _cleanup_old_tracks
    track_age = current_frame - history['created_frame']
                                ~~~~~~~^^^^^^^^^^^^^^^^^
KeyError: 'created_frame'
WARNING  tracking:tracking.py:236 Invalid bbox coordinates: [        300         325         400         425] for frame size 400x400
ERROR    tracking:tracking.py:1203 Error in embedding processing: Input must be uint8
ERROR    tracking:tracking.py:1203 Error in embedding processing: Input must be uint8
ERROR    tracking:tracking.py:1303 Error calculating embedding quality: 'dict' object has no attribute 'layout'
ERROR    tracking:tracking.py:624 Error updating track 11.0: 'EnhancedTracker' object has no attribute 'min_embedding_quality'
ERROR    tracking:tracking.py:727 Error in track cleanup: 'created_frame'
Traceback (most recent call last):
  File "C:\Users\ianfe\OneDrive\Documents\GitHub\facebeak\tracking.py", line 685, in _cleanup_old_tracks
    track_age = current_frame - history['created_frame']
                                ~~~~~~~^^^^^^^^^^^^^^^^^
KeyError: 'created_frame'
WARNING  tracking:tracking.py:236 Invalid bbox coordinates: [        300         330         400         430] for frame size 400x400
ERROR    tracking:tracking.py:1203 Error in embedding processing: Input must be uint8
ERROR    tracking:tracking.py:1203 Error in embedding processing: Input must be uint8
ERROR    tracking:tracking.py:1303 Error calculating embedding quality: 'dict' object has no attribute 'layout'
ERROR    tracking:tracking.py:624 Error updating track 11.0: 'EnhancedTracker' object has no attribute 'min_embedding_quality'
ERROR    tracking:tracking.py:727 Error in track cleanup: 'created_frame'
Traceback (most recent call last):
  File "C:\Users\ianfe\OneDrive\Documents\GitHub\facebeak\tracking.py", line 685, in _cleanup_old_tracks
    track_age = current_frame - history['created_frame']
                                ~~~~~~~^^^^^^^^^^^^^^^^^
KeyError: 'created_frame'
WARNING  tracking:tracking.py:236 Invalid bbox coordinates: [        300         335         400         435] for frame size 400x400
ERROR    tracking:tracking.py:1203 Error in embedding processing: Input must be uint8
ERROR    tracking:tracking.py:1203 Error in embedding processing: Input must be uint8
ERROR    tracking:tracking.py:1303 Error calculating embedding quality: 'dict' object has no attribute 'layout'
ERROR    tracking:tracking.py:624 Error updating track 11.0: 'EnhancedTracker' object has no attribute 'min_embedding_quality'
ERROR    tracking:tracking.py:727 Error in track cleanup: 'created_frame'
Traceback (most recent call last):
  File "C:\Users\ianfe\OneDrive\Documents\GitHub\facebeak\tracking.py", line 685, in _cleanup_old_tracks
    track_age = current_frame - history['created_frame']
                                ~~~~~~~^^^^^^^^^^^^^^^^^
KeyError: 'created_frame'
WARNING  tracking:tracking.py:236 Invalid bbox coordinates: [        300         340         400         440] for frame size 400x400
ERROR    tracking:tracking.py:1203 Error in embedding processing: Input must be uint8
ERROR    tracking:tracking.py:1203 Error in embedding processing: Input must be uint8
ERROR    tracking:tracking.py:1303 Error calculating embedding quality: 'dict' object has no attribute 'layout'
ERROR    tracking:tracking.py:624 Error updating track 11.0: 'EnhancedTracker' object has no attribute 'min_embedding_quality'
ERROR    tracking:tracking.py:727 Error in track cleanup: 'created_frame'
Traceback (most recent call last):
  File "C:\Users\ianfe\OneDrive\Documents\GitHub\facebeak\tracking.py", line 685, in _cleanup_old_tracks
    track_age = current_frame - history['created_frame']
                                ~~~~~~~^^^^^^^^^^^^^^^^^
KeyError: 'created_frame'
WARNING  tracking:tracking.py:236 Invalid bbox coordinates: [        300         345         400         445] for frame size 400x400
ERROR    tracking:tracking.py:1203 Error in embedding processing: Input must be uint8
ERROR    tracking:tracking.py:1203 Error in embedding processing: Input must be uint8
ERROR    tracking:tracking.py:1303 Error calculating embedding quality: 'dict' object has no attribute 'layout'
ERROR    tracking:tracking.py:624 Error updating track 11.0: 'EnhancedTracker' object has no attribute 'min_embedding_quality'
ERROR    tracking:tracking.py:727 Error in track cleanup: 'created_frame'
Traceback (most recent call last):
  File "C:\Users\ianfe\OneDrive\Documents\GitHub\facebeak\tracking.py", line 685, in _cleanup_old_tracks
    track_age = current_frame - history['created_frame']
                                ~~~~~~~^^^^^^^^^^^^^^^^^
KeyError: 'created_frame'
WARNING  tracking:tracking.py:236 Invalid bbox coordinates: [        300         350         400         450] for frame size 400x400
ERROR    tracking:tracking.py:1203 Error in embedding processing: Input must be uint8
ERROR    tracking:tracking.py:1203 Error in embedding processing: Input must be uint8
ERROR    tracking:tracking.py:1303 Error calculating embedding quality: 'dict' object has no attribute 'layout'
ERROR    tracking:tracking.py:624 Error updating track 11.0: 'EnhancedTracker' object has no attribute 'min_embedding_quality'
ERROR    tracking:tracking.py:727 Error in track cleanup: 'created_frame'
Traceback (most recent call last):
  File "C:\Users\ianfe\OneDrive\Documents\GitHub\facebeak\tracking.py", line 685, in _cleanup_old_tracks
    track_age = current_frame - history['created_frame']
                                ~~~~~~~^^^^^^^^^^^^^^^^^
KeyError: 'created_frame'
WARNING  tracking:tracking.py:236 Invalid bbox coordinates: [        300         355         400         455] for frame size 400x400
ERROR    tracking:tracking.py:1203 Error in embedding processing: Input must be uint8
ERROR    tracking:tracking.py:1203 Error in embedding processing: Input must be uint8
ERROR    tracking:tracking.py:1303 Error calculating embedding quality: 'dict' object has no attribute 'layout'
ERROR    tracking:tracking.py:624 Error updating track 11.0: 'EnhancedTracker' object has no attribute 'min_embedding_quality'
ERROR    tracking:tracking.py:727 Error in track cleanup: 'created_frame'
Traceback (most recent call last):
  File "C:\Users\ianfe\OneDrive\Documents\GitHub\facebeak\tracking.py", line 685, in _cleanup_old_tracks
    track_age = current_frame - history['created_frame']
                                ~~~~~~~^^^^^^^^^^^^^^^^^
KeyError: 'created_frame'
WARNING  tracking:tracking.py:236 Invalid bbox coordinates: [        300         360         400         460] for frame size 400x400
ERROR    tracking:tracking.py:1203 Error in embedding processing: Input must be uint8
ERROR    tracking:tracking.py:1203 Error in embedding processing: Input must be uint8
ERROR    tracking:tracking.py:1303 Error calculating embedding quality: 'dict' object has no attribute 'layout'
ERROR    tracking:tracking.py:624 Error updating track 11.0: 'EnhancedTracker' object has no attribute 'min_embedding_quality'
ERROR    tracking:tracking.py:727 Error in track cleanup: 'created_frame'
Traceback (most recent call last):
  File "C:\Users\ianfe\OneDrive\Documents\GitHub\facebeak\tracking.py", line 685, in _cleanup_old_tracks
    track_age = current_frame - history['created_frame']
                                ~~~~~~~^^^^^^^^^^^^^^^^^
KeyError: 'created_frame'
WARNING  tracking:tracking.py:236 Invalid bbox coordinates: [        300         365         400         465] for frame size 400x400
ERROR    tracking:tracking.py:1203 Error in embedding processing: Input must be uint8
ERROR    tracking:tracking.py:1203 Error in embedding processing: Input must be uint8
ERROR    tracking:tracking.py:1303 Error calculating embedding quality: 'dict' object has no attribute 'layout'
ERROR    tracking:tracking.py:624 Error updating track 11.0: 'EnhancedTracker' object has no attribute 'min_embedding_quality'
ERROR    tracking:tracking.py:727 Error in track cleanup: 'created_frame'
Traceback (most recent call last):
  File "C:\Users\ianfe\OneDrive\Documents\GitHub\facebeak\tracking.py", line 685, in _cleanup_old_tracks
    track_age = current_frame - history['created_frame']
                                ~~~~~~~^^^^^^^^^^^^^^^^^
KeyError: 'created_frame'
WARNING  tracking:tracking.py:236 Invalid bbox coordinates: [        300         370         400         470] for frame size 400x400
WARNING  tracking:tracking.py:236 Invalid bbox coordinates: [        170         100         270         200] for frame size 400x400
ERROR    tracking:tracking.py:727 Error in track cleanup: 'created_frame'
Traceback (most recent call last):
  File "C:\Users\ianfe\OneDrive\Documents\GitHub\facebeak\tracking.py", line 685, in _cleanup_old_tracks
    track_age = current_frame - history['created_frame']
                                ~~~~~~~^^^^^^^^^^^^^^^^^
KeyError: 'created_frame'
WARNING  tracking:tracking.py:236 Invalid bbox coordinates: [        300         375         400         475] for frame size 400x400
WARNING  tracking:tracking.py:236 Invalid bbox coordinates: [        175         100         275         200] for frame size 400x400
ERROR    tracking:tracking.py:727 Error in track cleanup: 'created_frame'
Traceback (most recent call last):
  File "C:\Users\ianfe\OneDrive\Documents\GitHub\facebeak\tracking.py", line 685, in _cleanup_old_tracks
    track_age = current_frame - history['created_frame']
                                ~~~~~~~^^^^^^^^^^^^^^^^^
KeyError: 'created_frame'
WARNING  tracking:tracking.py:236 Invalid bbox coordinates: [        300         380         400         480] for frame size 400x400
WARNING  tracking:tracking.py:236 Invalid bbox coordinates: [        180         100         280         200] for frame size 400x400
ERROR    tracking:tracking.py:727 Error in track cleanup: 'created_frame'
Traceback (most recent call last):
  File "C:\Users\ianfe\OneDrive\Documents\GitHub\facebeak\tracking.py", line 685, in _cleanup_old_tracks
    track_age = current_frame - history['created_frame']
                                ~~~~~~~^^^^^^^^^^^^^^^^^
KeyError: 'created_frame'
WARNING  tracking:tracking.py:236 Invalid bbox coordinates: [        300         385         400         485] for frame size 400x400
ERROR    tracking:tracking.py:1203 Error in embedding processing: Input must be uint8
ERROR    tracking:tracking.py:1203 Error in embedding processing: Input must be uint8
ERROR    tracking:tracking.py:1303 Error calculating embedding quality: 'dict' object has no attribute 'layout'
ERROR    tracking:tracking.py:624 Error updating track 11.0: 'EnhancedTracker' object has no attribute 'min_embedding_quality'
ERROR    tracking:tracking.py:727 Error in track cleanup: 'created_frame'
Traceback (most recent call last):
  File "C:\Users\ianfe\OneDrive\Documents\GitHub\facebeak\tracking.py", line 685, in _cleanup_old_tracks
    track_age = current_frame - history['created_frame']
                                ~~~~~~~^^^^^^^^^^^^^^^^^
KeyError: 'created_frame'
WARNING  tracking:tracking.py:236 Invalid bbox coordinates: [        300         390         400         490] for frame size 400x400
ERROR    tracking:tracking.py:1203 Error in embedding processing: Input must be uint8
ERROR    tracking:tracking.py:1203 Error in embedding processing: Input must be uint8
ERROR    tracking:tracking.py:1303 Error calculating embedding quality: 'dict' object has no attribute 'layout'
ERROR    tracking:tracking.py:624 Error updating track 11.0: 'EnhancedTracker' object has no attribute 'min_embedding_quality'
ERROR    tracking:tracking.py:727 Error in track cleanup: 'created_frame'
Traceback (most recent call last):
  File "C:\Users\ianfe\OneDrive\Documents\GitHub\facebeak\tracking.py", line 685, in _cleanup_old_tracks
    track_age = current_frame - history['created_frame']
                                ~~~~~~~^^^^^^^^^^^^^^^^^
KeyError: 'created_frame'
WARNING  tracking:tracking.py:236 Invalid bbox coordinates: [        300         395         400         495] for frame size 400x400
ERROR    tracking:tracking.py:1203 Error in embedding processing: Input must be uint8
ERROR    tracking:tracking.py:1203 Error in embedding processing: Input must be uint8
ERROR    tracking:tracking.py:1303 Error calculating embedding quality: 'dict' object has no attribute 'layout'
ERROR    tracking:tracking.py:624 Error updating track 11.0: 'EnhancedTracker' object has no attribute 'min_embedding_quality'
ERROR    tracking:tracking.py:727 Error in track cleanup: 'created_frame'
Traceback (most recent call last):
  File "C:\Users\ianfe\OneDrive\Documents\GitHub\facebeak\tracking.py", line 685, in _cleanup_old_tracks
    track_age = current_frame - history['created_frame']
                                ~~~~~~~^^^^^^^^^^^^^^^^^
KeyError: 'created_frame'
____________________ test_track_id_persistence_varying_iou ____________________
tests\test_tracking.py:709: in test_track_id_persistence_varying_iou
    assert len(track_ids) == 1, f"Expected single track ID with IOU threshold {iou_threshold}, got {len(track_ids)}"
E   AssertionError: Expected single track ID with IOU threshold 0.1, got 0
E   assert 0 == 1
E    +  where 0 = len(set())
---------------------------- Captured stderr call -----------------------------
2025-05-21 07:17:44,905 - tracking - DEBUG - Logger configured successfully
2025-05-21 07:17:44,905 - tracking - INFO - CUDA device initialized
2025-05-21 07:17:44,905 - tracking - INFO - SORT tracker initialized successfully
2025-05-21 07:17:45,119 - tracking - INFO - Multi-view extractor initialized successfully
2025-05-21 07:17:45,119 - tracking - INFO - Multi-view extractor initialized successfully
2025-05-21 07:17:45,121 - tracking - ERROR - Error in embedding processing: Input must be uint8
2025-05-21 07:17:45,124 - tracking - ERROR - Error in embedding processing: Input must be uint8
2025-05-21 07:17:45,125 - tracking - ERROR - Error calculating embedding quality: 'dict' object has no attribute 'layout'
2025-05-21 07:17:45,125 - tracking - ERROR - Error updating track 13.0: 'EnhancedTracker' object has no attribute 'min_embedding_quality'
2025-05-21 07:17:45,128 - tracking - ERROR - Error in embedding processing: Input must be uint8
2025-05-21 07:17:45,129 - tracking - ERROR - Error in embedding processing: Input must be uint8
2025-05-21 07:17:45,130 - tracking - ERROR - Error calculating embedding quality: 'dict' object has no attribute 'layout'
2025-05-21 07:17:45,130 - tracking - ERROR - Error updating track 13.0: 'EnhancedTracker' object has no attribute 'min_embedding_quality'
2025-05-21 07:17:45,132 - tracking - ERROR - Error in embedding processing: Input must be uint8
2025-05-21 07:17:45,135 - tracking - ERROR - Error in embedding processing: Input must be uint8
2025-05-21 07:17:45,136 - tracking - ERROR - Error calculating embedding quality: 'dict' object has no attribute 'layout'
2025-05-21 07:17:45,136 - tracking - ERROR - Error updating track 13.0: 'EnhancedTracker' object has no attribute 'min_embedding_quality'
2025-05-21 07:17:45,140 - tracking - ERROR - Error in embedding processing: Input must be uint8
2025-05-21 07:17:45,141 - tracking - ERROR - Error in embedding processing: Input must be uint8
2025-05-21 07:17:45,141 - tracking - ERROR - Error calculating embedding quality: 'dict' object has no attribute 'layout'
2025-05-21 07:17:45,141 - tracking - ERROR - Error updating track 13.0: 'EnhancedTracker' object has no attribute 'min_embedding_quality'
2025-05-21 07:17:45,144 - tracking - ERROR - Error in embedding processing: Input must be uint8
2025-05-21 07:17:45,145 - tracking - ERROR - Error in embedding processing: Input must be uint8
2025-05-21 07:17:45,147 - tracking - ERROR - Error calculating embedding quality: 'dict' object has no attribute 'layout'
2025-05-21 07:17:45,147 - tracking - ERROR - Error updating track 13.0: 'EnhancedTracker' object has no attribute 'min_embedding_quality'
2025-05-21 07:17:45,147 - tracking - ERROR - Error in track cleanup: 'created_frame'
Traceback (most recent call last):
  File "C:\Users\ianfe\OneDrive\Documents\GitHub\facebeak\tracking.py", line 685, in _cleanup_old_tracks
    track_age = current_frame - history['created_frame']
                                ~~~~~~~^^^^^^^^^^^^^^^^^
KeyError: 'created_frame'
2025-05-21 07:17:45,150 - tracking - ERROR - Error in embedding processing: Input must be uint8
2025-05-21 07:17:45,151 - tracking - ERROR - Error in embedding processing: Input must be uint8
2025-05-21 07:17:45,153 - tracking - ERROR - Error calculating embedding quality: 'dict' object has no attribute 'layout'
2025-05-21 07:17:45,153 - tracking - ERROR - Error updating track 13.0: 'EnhancedTracker' object has no attribute 'min_embedding_quality'
2025-05-21 07:17:45,153 - tracking - ERROR - Error in track cleanup: 'created_frame'
Traceback (most recent call last):
  File "C:\Users\ianfe\OneDrive\Documents\GitHub\facebeak\tracking.py", line 685, in _cleanup_old_tracks
    track_age = current_frame - history['created_frame']
                                ~~~~~~~^^^^^^^^^^^^^^^^^
KeyError: 'created_frame'
2025-05-21 07:17:45,156 - tracking - ERROR - Error in embedding processing: Input must be uint8
2025-05-21 07:17:45,158 - tracking - ERROR - Error in embedding processing: Input must be uint8
2025-05-21 07:17:45,159 - tracking - ERROR - Error calculating embedding quality: 'dict' object has no attribute 'layout'
2025-05-21 07:17:45,159 - tracking - ERROR - Error updating track 13.0: 'EnhancedTracker' object has no attribute 'min_embedding_quality'
2025-05-21 07:17:45,159 - tracking - ERROR - Error in track cleanup: 'created_frame'
Traceback (most recent call last):
  File "C:\Users\ianfe\OneDrive\Documents\GitHub\facebeak\tracking.py", line 685, in _cleanup_old_tracks
    track_age = current_frame - history['created_frame']
                                ~~~~~~~^^^^^^^^^^^^^^^^^
KeyError: 'created_frame'
2025-05-21 07:17:45,162 - tracking - ERROR - Error in embedding processing: Input must be uint8
2025-05-21 07:17:45,163 - tracking - ERROR - Error in embedding processing: Input must be uint8
2025-05-21 07:17:45,164 - tracking - ERROR - Error calculating embedding quality: 'dict' object has no attribute 'layout'
2025-05-21 07:17:45,164 - tracking - ERROR - Error updating track 13.0: 'EnhancedTracker' object has no attribute 'min_embedding_quality'
2025-05-21 07:17:45,164 - tracking - ERROR - Error in track cleanup: 'created_frame'
Traceback (most recent call last):
  File "C:\Users\ianfe\OneDrive\Documents\GitHub\facebeak\tracking.py", line 685, in _cleanup_old_tracks
    track_age = current_frame - history['created_frame']
                                ~~~~~~~^^^^^^^^^^^^^^^^^
KeyError: 'created_frame'
2025-05-21 07:17:45,166 - tracking - ERROR - Error in embedding processing: Input must be uint8
2025-05-21 07:17:45,168 - tracking - ERROR - Error in embedding processing: Input must be uint8
2025-05-21 07:17:45,169 - tracking - ERROR - Error calculating embedding quality: 'dict' object has no attribute 'layout'
2025-05-21 07:17:45,169 - tracking - ERROR - Error updating track 13.0: 'EnhancedTracker' object has no attribute 'min_embedding_quality'
2025-05-21 07:17:45,169 - tracking - ERROR - Error in track cleanup: 'created_frame'
Traceback (most recent call last):
  File "C:\Users\ianfe\OneDrive\Documents\GitHub\facebeak\tracking.py", line 685, in _cleanup_old_tracks
    track_age = current_frame - history['created_frame']
                                ~~~~~~~^^^^^^^^^^^^^^^^^
KeyError: 'created_frame'
2025-05-21 07:17:45,172 - tracking - ERROR - Error in embedding processing: Input must be uint8
2025-05-21 07:17:45,173 - tracking - ERROR - Error in embedding processing: Input must be uint8
2025-05-21 07:17:45,174 - tracking - ERROR - Error calculating embedding quality: 'dict' object has no attribute 'layout'
2025-05-21 07:17:45,174 - tracking - ERROR - Error updating track 13.0: 'EnhancedTracker' object has no attribute 'min_embedding_quality'
2025-05-21 07:17:45,174 - tracking - ERROR - Error in track cleanup: 'created_frame'
Traceback (most recent call last):
  File "C:\Users\ianfe\OneDrive\Documents\GitHub\facebeak\tracking.py", line 685, in _cleanup_old_tracks
    track_age = current_frame - history['created_frame']
                                ~~~~~~~^^^^^^^^^^^^^^^^^
KeyError: 'created_frame'
------------------------------ Captured log call ------------------------------
DEBUG    tracking:tracking.py:386 Logger configured successfully
INFO     tracking:tracking.py:331 CUDA device initialized
INFO     tracking:tracking.py:343 SORT tracker initialized successfully
INFO     color_normalization:color_normalization.py:46 Using GPU acceleration for color normalization
INFO     multi_view:multi_view.py:30 Initialized MultiViewExtractor with 2 rotations and 1 zoom factors
INFO     tracking:tracking.py:1010 Multi-view extractor initialized successfully
INFO     multi_view:multi_view.py:30 Initialized MultiViewExtractor with 2 rotations and 1 zoom factors
INFO     tracking:tracking.py:1010 Multi-view extractor initialized successfully
ERROR    tracking:tracking.py:1203 Error in embedding processing: Input must be uint8
ERROR    tracking:tracking.py:1203 Error in embedding processing: Input must be uint8
ERROR    tracking:tracking.py:1303 Error calculating embedding quality: 'dict' object has no attribute 'layout'
ERROR    tracking:tracking.py:624 Error updating track 13.0: 'EnhancedTracker' object has no attribute 'min_embedding_quality'
ERROR    tracking:tracking.py:1203 Error in embedding processing: Input must be uint8
ERROR    tracking:tracking.py:1203 Error in embedding processing: Input must be uint8
ERROR    tracking:tracking.py:1303 Error calculating embedding quality: 'dict' object has no attribute 'layout'
ERROR    tracking:tracking.py:624 Error updating track 13.0: 'EnhancedTracker' object has no attribute 'min_embedding_quality'
ERROR    tracking:tracking.py:1203 Error in embedding processing: Input must be uint8
ERROR    tracking:tracking.py:1203 Error in embedding processing: Input must be uint8
ERROR    tracking:tracking.py:1303 Error calculating embedding quality: 'dict' object has no attribute 'layout'
ERROR    tracking:tracking.py:624 Error updating track 13.0: 'EnhancedTracker' object has no attribute 'min_embedding_quality'
ERROR    tracking:tracking.py:1203 Error in embedding processing: Input must be uint8
ERROR    tracking:tracking.py:1203 Error in embedding processing: Input must be uint8
ERROR    tracking:tracking.py:1303 Error calculating embedding quality: 'dict' object has no attribute 'layout'
ERROR    tracking:tracking.py:624 Error updating track 13.0: 'EnhancedTracker' object has no attribute 'min_embedding_quality'
ERROR    tracking:tracking.py:1203 Error in embedding processing: Input must be uint8
ERROR    tracking:tracking.py:1203 Error in embedding processing: Input must be uint8
ERROR    tracking:tracking.py:1303 Error calculating embedding quality: 'dict' object has no attribute 'layout'
ERROR    tracking:tracking.py:624 Error updating track 13.0: 'EnhancedTracker' object has no attribute 'min_embedding_quality'
ERROR    tracking:tracking.py:727 Error in track cleanup: 'created_frame'
Traceback (most recent call last):
  File "C:\Users\ianfe\OneDrive\Documents\GitHub\facebeak\tracking.py", line 685, in _cleanup_old_tracks
    track_age = current_frame - history['created_frame']
                                ~~~~~~~^^^^^^^^^^^^^^^^^
KeyError: 'created_frame'
ERROR    tracking:tracking.py:1203 Error in embedding processing: Input must be uint8
ERROR    tracking:tracking.py:1203 Error in embedding processing: Input must be uint8
ERROR    tracking:tracking.py:1303 Error calculating embedding quality: 'dict' object has no attribute 'layout'
ERROR    tracking:tracking.py:624 Error updating track 13.0: 'EnhancedTracker' object has no attribute 'min_embedding_quality'
ERROR    tracking:tracking.py:727 Error in track cleanup: 'created_frame'
Traceback (most recent call last):
  File "C:\Users\ianfe\OneDrive\Documents\GitHub\facebeak\tracking.py", line 685, in _cleanup_old_tracks
    track_age = current_frame - history['created_frame']
                                ~~~~~~~^^^^^^^^^^^^^^^^^
KeyError: 'created_frame'
ERROR    tracking:tracking.py:1203 Error in embedding processing: Input must be uint8
ERROR    tracking:tracking.py:1203 Error in embedding processing: Input must be uint8
ERROR    tracking:tracking.py:1303 Error calculating embedding quality: 'dict' object has no attribute 'layout'
ERROR    tracking:tracking.py:624 Error updating track 13.0: 'EnhancedTracker' object has no attribute 'min_embedding_quality'
ERROR    tracking:tracking.py:727 Error in track cleanup: 'created_frame'
Traceback (most recent call last):
  File "C:\Users\ianfe\OneDrive\Documents\GitHub\facebeak\tracking.py", line 685, in _cleanup_old_tracks
    track_age = current_frame - history['created_frame']
                                ~~~~~~~^^^^^^^^^^^^^^^^^
KeyError: 'created_frame'
ERROR    tracking:tracking.py:1203 Error in embedding processing: Input must be uint8
ERROR    tracking:tracking.py:1203 Error in embedding processing: Input must be uint8
ERROR    tracking:tracking.py:1303 Error calculating embedding quality: 'dict' object has no attribute 'layout'
ERROR    tracking:tracking.py:624 Error updating track 13.0: 'EnhancedTracker' object has no attribute 'min_embedding_quality'
ERROR    tracking:tracking.py:727 Error in track cleanup: 'created_frame'
Traceback (most recent call last):
  File "C:\Users\ianfe\OneDrive\Documents\GitHub\facebeak\tracking.py", line 685, in _cleanup_old_tracks
    track_age = current_frame - history['created_frame']
                                ~~~~~~~^^^^^^^^^^^^^^^^^
KeyError: 'created_frame'
ERROR    tracking:tracking.py:1203 Error in embedding processing: Input must be uint8
ERROR    tracking:tracking.py:1203 Error in embedding processing: Input must be uint8
ERROR    tracking:tracking.py:1303 Error calculating embedding quality: 'dict' object has no attribute 'layout'
ERROR    tracking:tracking.py:624 Error updating track 13.0: 'EnhancedTracker' object has no attribute 'min_embedding_quality'
ERROR    tracking:tracking.py:727 Error in track cleanup: 'created_frame'
Traceback (most recent call last):
  File "C:\Users\ianfe\OneDrive\Documents\GitHub\facebeak\tracking.py", line 685, in _cleanup_old_tracks
    track_age = current_frame - history['created_frame']
                                ~~~~~~~^^^^^^^^^^^^^^^^^
KeyError: 'created_frame'
ERROR    tracking:tracking.py:1203 Error in embedding processing: Input must be uint8
ERROR    tracking:tracking.py:1203 Error in embedding processing: Input must be uint8
ERROR    tracking:tracking.py:1303 Error calculating embedding quality: 'dict' object has no attribute 'layout'
ERROR    tracking:tracking.py:624 Error updating track 13.0: 'EnhancedTracker' object has no attribute 'min_embedding_quality'
ERROR    tracking:tracking.py:727 Error in track cleanup: 'created_frame'
Traceback (most recent call last):
  File "C:\Users\ianfe\OneDrive\Documents\GitHub\facebeak\tracking.py", line 685, in _cleanup_old_tracks
    track_age = current_frame - history['created_frame']
                                ~~~~~~~^^^^^^^^^^^^^^^^^
KeyError: 'created_frame'
____________________ test_track_id_persistence_frame_rate _____________________
tests\test_tracking.py:739: in test_track_id_persistence_frame_rate
    assert len(track_ids) == 1, f"Expected single track ID with speed {speed}, got {len(track_ids)}"
E   AssertionError: Expected single track ID with speed 1, got 0
E   assert 0 == 1
E    +  where 0 = len(set())
---------------------------- Captured stderr call -----------------------------
2025-05-21 07:17:45,208 - tracking - DEBUG - Logger configured successfully
2025-05-21 07:17:45,208 - tracking - INFO - CUDA device initialized
2025-05-21 07:17:45,208 - tracking - INFO - SORT tracker initialized successfully
2025-05-21 07:17:45,425 - tracking - INFO - Multi-view extractor initialized successfully
2025-05-21 07:17:45,425 - tracking - INFO - Multi-view extractor initialized successfully
2025-05-21 07:17:45,426 - tracking - DEBUG - Logger configured successfully
2025-05-21 07:17:45,426 - tracking - INFO - CUDA device initialized
2025-05-21 07:17:45,426 - tracking - INFO - SORT tracker initialized successfully
2025-05-21 07:17:45,619 - tracking - INFO - Multi-view extractor initialized successfully
2025-05-21 07:17:45,620 - tracking - INFO - Multi-view extractor initialized successfully
2025-05-21 07:17:45,622 - tracking - ERROR - Error in embedding processing: Input must be uint8
2025-05-21 07:17:45,624 - tracking - ERROR - Error in embedding processing: Input must be uint8
2025-05-21 07:17:45,625 - tracking - ERROR - Error calculating embedding quality: 'dict' object has no attribute 'layout'
2025-05-21 07:17:45,625 - tracking - ERROR - Error updating track 14.0: 'EnhancedTracker' object has no attribute 'min_embedding_quality'
2025-05-21 07:17:45,625 - tracking - WARNING - Invalid bbox coordinates: [        101         101         201         201] for frame size 400x400
2025-05-21 07:17:45,628 - tracking - ERROR - Error in embedding processing: Input must be uint8
2025-05-21 07:17:45,629 - tracking - ERROR - Error in embedding processing: Input must be uint8
2025-05-21 07:17:45,631 - tracking - ERROR - Error calculating embedding quality: 'dict' object has no attribute 'layout'
2025-05-21 07:17:45,631 - tracking - ERROR - Error updating track 14.0: 'EnhancedTracker' object has no attribute 'min_embedding_quality'
2025-05-21 07:17:45,632 - tracking - ERROR - Error in embedding processing: Input must be uint8
2025-05-21 07:17:45,635 - tracking - ERROR - Error in embedding processing: Input must be uint8
2025-05-21 07:17:45,637 - tracking - ERROR - Error calculating embedding quality: 'dict' object has no attribute 'layout'
2025-05-21 07:17:45,637 - tracking - ERROR - Error updating track 14.0: 'EnhancedTracker' object has no attribute 'min_embedding_quality'
2025-05-21 07:17:45,638 - tracking - ERROR - Error in embedding processing: Input must be uint8
2025-05-21 07:17:45,640 - tracking - ERROR - Error in embedding processing: Input must be uint8
2025-05-21 07:17:45,641 - tracking - ERROR - Error calculating embedding quality: 'dict' object has no attribute 'layout'
2025-05-21 07:17:45,642 - tracking - ERROR - Error updating track 14.0: 'EnhancedTracker' object has no attribute 'min_embedding_quality'
2025-05-21 07:17:45,642 - tracking - ERROR - Error in track cleanup: 'created_frame'
Traceback (most recent call last):
  File "C:\Users\ianfe\OneDrive\Documents\GitHub\facebeak\tracking.py", line 685, in _cleanup_old_tracks
    track_age = current_frame - history['created_frame']
                                ~~~~~~~^^^^^^^^^^^^^^^^^
KeyError: 'created_frame'
2025-05-21 07:17:45,645 - tracking - ERROR - Error in embedding processing: Input must be uint8
2025-05-21 07:17:45,646 - tracking - ERROR - Error in embedding processing: Input must be uint8
2025-05-21 07:17:45,648 - tracking - ERROR - Error calculating embedding quality: 'dict' object has no attribute 'layout'
2025-05-21 07:17:45,648 - tracking - ERROR - Error updating track 14.0: 'EnhancedTracker' object has no attribute 'min_embedding_quality'
2025-05-21 07:17:45,648 - tracking - ERROR - Error in track cleanup: 'created_frame'
Traceback (most recent call last):
  File "C:\Users\ianfe\OneDrive\Documents\GitHub\facebeak\tracking.py", line 685, in _cleanup_old_tracks
    track_age = current_frame - history['created_frame']
                                ~~~~~~~^^^^^^^^^^^^^^^^^
KeyError: 'created_frame'
2025-05-21 07:17:45,651 - tracking - ERROR - Error in embedding processing: Input must be uint8
2025-05-21 07:17:45,653 - tracking - ERROR - Error in embedding processing: Input must be uint8
2025-05-21 07:17:45,653 - tracking - ERROR - Error calculating embedding quality: 'dict' object has no attribute 'layout'
2025-05-21 07:17:45,653 - tracking - ERROR - Error updating track 14.0: 'EnhancedTracker' object has no attribute 'min_embedding_quality'
2025-05-21 07:17:45,653 - tracking - ERROR - Error in track cleanup: 'created_frame'
Traceback (most recent call last):
  File "C:\Users\ianfe\OneDrive\Documents\GitHub\facebeak\tracking.py", line 685, in _cleanup_old_tracks
    track_age = current_frame - history['created_frame']
                                ~~~~~~~^^^^^^^^^^^^^^^^^
KeyError: 'created_frame'
2025-05-21 07:17:45,656 - tracking - ERROR - Error in embedding processing: Input must be uint8
2025-05-21 07:17:45,658 - tracking - ERROR - Error in embedding processing: Input must be uint8
2025-05-21 07:17:45,659 - tracking - ERROR - Error calculating embedding quality: 'dict' object has no attribute 'layout'
2025-05-21 07:17:45,659 - tracking - ERROR - Error updating track 14.0: 'EnhancedTracker' object has no attribute 'min_embedding_quality'
2025-05-21 07:17:45,659 - tracking - ERROR - Error in track cleanup: 'created_frame'
Traceback (most recent call last):
  File "C:\Users\ianfe\OneDrive\Documents\GitHub\facebeak\tracking.py", line 685, in _cleanup_old_tracks
    track_age = current_frame - history['created_frame']
                                ~~~~~~~^^^^^^^^^^^^^^^^^
KeyError: 'created_frame'
2025-05-21 07:17:45,660 - tracking - WARNING - Invalid bbox coordinates: [        108         108         208         208] for frame size 400x400
2025-05-21 07:17:45,660 - tracking - ERROR - Error in track cleanup: 'created_frame'
Traceback (most recent call last):
  File "C:\Users\ianfe\OneDrive\Documents\GitHub\facebeak\tracking.py", line 685, in _cleanup_old_tracks
    track_age = current_frame - history['created_frame']
                                ~~~~~~~^^^^^^^^^^^^^^^^^
KeyError: 'created_frame'
2025-05-21 07:17:45,662 - tracking - WARNING - Invalid bbox coordinates: [        109         109         209         209] for frame size 400x400
2025-05-21 07:17:45,662 - tracking - ERROR - Error in track cleanup: 'created_frame'
Traceback (most recent call last):
  File "C:\Users\ianfe\OneDrive\Documents\GitHub\facebeak\tracking.py", line 685, in _cleanup_old_tracks
    track_age = current_frame - history['created_frame']
                                ~~~~~~~^^^^^^^^^^^^^^^^^
KeyError: 'created_frame'
2025-05-21 07:17:45,665 - tracking - ERROR - Error in embedding processing: Input must be uint8
2025-05-21 07:17:45,666 - tracking - ERROR - Error in embedding processing: Input must be uint8
2025-05-21 07:17:45,666 - tracking - ERROR - Error calculating embedding quality: 'dict' object has no attribute 'layout'
2025-05-21 07:17:45,667 - tracking - ERROR - Error updating track 14.0: 'EnhancedTracker' object has no attribute 'min_embedding_quality'
2025-05-21 07:17:45,667 - tracking - ERROR - Error in track cleanup: 'created_frame'
Traceback (most recent call last):
  File "C:\Users\ianfe\OneDrive\Documents\GitHub\facebeak\tracking.py", line 685, in _cleanup_old_tracks
    track_age = current_frame - history['created_frame']
                                ~~~~~~~^^^^^^^^^^^^^^^^^
KeyError: 'created_frame'
2025-05-21 07:17:45,669 - tracking - ERROR - Error in embedding processing: Input must be uint8
2025-05-21 07:17:45,671 - tracking - ERROR - Error in embedding processing: Input must be uint8
2025-05-21 07:17:45,672 - tracking - ERROR - Error calculating embedding quality: 'dict' object has no attribute 'layout'
2025-05-21 07:17:45,672 - tracking - ERROR - Error updating track 14.0: 'EnhancedTracker' object has no attribute 'min_embedding_quality'
2025-05-21 07:17:45,673 - tracking - ERROR - Error in track cleanup: 'created_frame'
Traceback (most recent call last):
  File "C:\Users\ianfe\OneDrive\Documents\GitHub\facebeak\tracking.py", line 685, in _cleanup_old_tracks
    track_age = current_frame - history['created_frame']
                                ~~~~~~~^^^^^^^^^^^^^^^^^
KeyError: 'created_frame'
2025-05-21 07:17:45,675 - tracking - ERROR - Error in embedding processing: Input must be uint8
2025-05-21 07:17:45,677 - tracking - ERROR - Error in embedding processing: Input must be uint8
2025-05-21 07:17:45,678 - tracking - ERROR - Error calculating embedding quality: 'dict' object has no attribute 'layout'
2025-05-21 07:17:45,678 - tracking - ERROR - Error updating track 14.0: 'EnhancedTracker' object has no attribute 'min_embedding_quality'
2025-05-21 07:17:45,678 - tracking - ERROR - Error in track cleanup: 'created_frame'
Traceback (most recent call last):
  File "C:\Users\ianfe\OneDrive\Documents\GitHub\facebeak\tracking.py", line 685, in _cleanup_old_tracks
    track_age = current_frame - history['created_frame']
                                ~~~~~~~^^^^^^^^^^^^^^^^^
KeyError: 'created_frame'
2025-05-21 07:17:45,680 - tracking - ERROR - Error in embedding processing: Input must be uint8
2025-05-21 07:17:45,682 - tracking - ERROR - Error in embedding processing: Input must be uint8
2025-05-21 07:17:45,683 - tracking - ERROR - Error calculating embedding quality: 'dict' object has no attribute 'layout'
2025-05-21 07:17:45,683 - tracking - ERROR - Error updating track 14.0: 'EnhancedTracker' object has no attribute 'min_embedding_quality'
2025-05-21 07:17:45,683 - tracking - ERROR - Error in track cleanup: 'created_frame'
Traceback (most recent call last):
  File "C:\Users\ianfe\OneDrive\Documents\GitHub\facebeak\tracking.py", line 685, in _cleanup_old_tracks
    track_age = current_frame - history['created_frame']
                                ~~~~~~~^^^^^^^^^^^^^^^^^
KeyError: 'created_frame'
2025-05-21 07:17:45,685 - tracking - ERROR - Error in embedding processing: Input must be uint8
2025-05-21 07:17:45,686 - tracking - ERROR - Error in embedding processing: Input must be uint8
2025-05-21 07:17:45,686 - tracking - ERROR - Error calculating embedding quality: 'dict' object has no attribute 'layout'
2025-05-21 07:17:45,686 - tracking - ERROR - Error updating track 14.0: 'EnhancedTracker' object has no attribute 'min_embedding_quality'
2025-05-21 07:17:45,686 - tracking - ERROR - Error in track cleanup: 'created_frame'
Traceback (most recent call last):
  File "C:\Users\ianfe\OneDrive\Documents\GitHub\facebeak\tracking.py", line 685, in _cleanup_old_tracks
    track_age = current_frame - history['created_frame']
                                ~~~~~~~^^^^^^^^^^^^^^^^^
KeyError: 'created_frame'
2025-05-21 07:17:45,689 - tracking - ERROR - Error in embedding processing: Input must be uint8
2025-05-21 07:17:45,691 - tracking - ERROR - Error in embedding processing: Input must be uint8
2025-05-21 07:17:45,692 - tracking - ERROR - Error calculating embedding quality: 'dict' object has no attribute 'layout'
2025-05-21 07:17:45,692 - tracking - ERROR - Error updating track 14.0: 'EnhancedTracker' object has no attribute 'min_embedding_quality'
2025-05-21 07:17:45,692 - tracking - ERROR - Error in track cleanup: 'created_frame'
Traceback (most recent call last):
  File "C:\Users\ianfe\OneDrive\Documents\GitHub\facebeak\tracking.py", line 685, in _cleanup_old_tracks
    track_age = current_frame - history['created_frame']
                                ~~~~~~~^^^^^^^^^^^^^^^^^
KeyError: 'created_frame'
2025-05-21 07:17:45,695 - tracking - ERROR - Error in embedding processing: Input must be uint8
2025-05-21 07:17:45,697 - tracking - ERROR - Error in embedding processing: Input must be uint8
2025-05-21 07:17:45,697 - tracking - ERROR - Error calculating embedding quality: 'dict' object has no attribute 'layout'
2025-05-21 07:17:45,697 - tracking - ERROR - Error updating track 14.0: 'EnhancedTracker' object has no attribute 'min_embedding_quality'
2025-05-21 07:17:45,697 - tracking - ERROR - Error in track cleanup: 'created_frame'
Traceback (most recent call last):
  File "C:\Users\ianfe\OneDrive\Documents\GitHub\facebeak\tracking.py", line 685, in _cleanup_old_tracks
    track_age = current_frame - history['created_frame']
                                ~~~~~~~^^^^^^^^^^^^^^^^^
KeyError: 'created_frame'
2025-05-21 07:17:45,700 - tracking - ERROR - Error in embedding processing: Input must be uint8
2025-05-21 07:17:45,701 - tracking - ERROR - Error in embedding processing: Input must be uint8
2025-05-21 07:17:45,703 - tracking - ERROR - Error calculating embedding quality: 'dict' object has no attribute 'layout'
2025-05-21 07:17:45,703 - tracking - ERROR - Error updating track 14.0: 'EnhancedTracker' object has no attribute 'min_embedding_quality'
2025-05-21 07:17:45,703 - tracking - ERROR - Error in track cleanup: 'created_frame'
Traceback (most recent call last):
  File "C:\Users\ianfe\OneDrive\Documents\GitHub\facebeak\tracking.py", line 685, in _cleanup_old_tracks
    track_age = current_frame - history['created_frame']
                                ~~~~~~~^^^^^^^^^^^^^^^^^
KeyError: 'created_frame'
2025-05-21 07:17:45,706 - tracking - ERROR - Error in embedding processing: Input must be uint8
2025-05-21 07:17:45,707 - tracking - ERROR - Error in embedding processing: Input must be uint8
2025-05-21 07:17:45,707 - tracking - ERROR - Error calculating embedding quality: 'dict' object has no attribute 'layout'
2025-05-21 07:17:45,707 - tracking - ERROR - Error updating track 14.0: 'EnhancedTracker' object has no attribute 'min_embedding_quality'
2025-05-21 07:17:45,707 - tracking - ERROR - Error in track cleanup: 'created_frame'
Traceback (most recent call last):
  File "C:\Users\ianfe\OneDrive\Documents\GitHub\facebeak\tracking.py", line 685, in _cleanup_old_tracks
    track_age = current_frame - history['created_frame']
                                ~~~~~~~^^^^^^^^^^^^^^^^^
KeyError: 'created_frame'
2025-05-21 07:17:45,710 - tracking - ERROR - Error in embedding processing: Input must be uint8
2025-05-21 07:17:45,712 - tracking - ERROR - Error in embedding processing: Input must be uint8
2025-05-21 07:17:45,714 - tracking - ERROR - Error calculating embedding quality: 'dict' object has no attribute 'layout'
2025-05-21 07:17:45,714 - tracking - ERROR - Error updating track 14.0: 'EnhancedTracker' object has no attribute 'min_embedding_quality'
2025-05-21 07:17:45,714 - tracking - ERROR - Error in track cleanup: 'created_frame'
Traceback (most recent call last):
  File "C:\Users\ianfe\OneDrive\Documents\GitHub\facebeak\tracking.py", line 685, in _cleanup_old_tracks
    track_age = current_frame - history['created_frame']
                                ~~~~~~~^^^^^^^^^^^^^^^^^
KeyError: 'created_frame'
------------------------------ Captured log call ------------------------------
DEBUG    tracking:tracking.py:386 Logger configured successfully
INFO     tracking:tracking.py:331 CUDA device initialized
INFO     tracking:tracking.py:343 SORT tracker initialized successfully
INFO     color_normalization:color_normalization.py:46 Using GPU acceleration for color normalization
INFO     multi_view:multi_view.py:30 Initialized MultiViewExtractor with 2 rotations and 1 zoom factors
INFO     tracking:tracking.py:1010 Multi-view extractor initialized successfully
INFO     multi_view:multi_view.py:30 Initialized MultiViewExtractor with 2 rotations and 1 zoom factors
INFO     tracking:tracking.py:1010 Multi-view extractor initialized successfully
DEBUG    tracking:tracking.py:386 Logger configured successfully
INFO     tracking:tracking.py:331 CUDA device initialized
INFO     tracking:tracking.py:343 SORT tracker initialized successfully
INFO     color_normalization:color_normalization.py:46 Using GPU acceleration for color normalization
INFO     multi_view:multi_view.py:30 Initialized MultiViewExtractor with 2 rotations and 1 zoom factors
INFO     tracking:tracking.py:1010 Multi-view extractor initialized successfully
INFO     multi_view:multi_view.py:30 Initialized MultiViewExtractor with 2 rotations and 1 zoom factors
INFO     tracking:tracking.py:1010 Multi-view extractor initialized successfully
ERROR    tracking:tracking.py:1203 Error in embedding processing: Input must be uint8
ERROR    tracking:tracking.py:1203 Error in embedding processing: Input must be uint8
ERROR    tracking:tracking.py:1303 Error calculating embedding quality: 'dict' object has no attribute 'layout'
ERROR    tracking:tracking.py:624 Error updating track 14.0: 'EnhancedTracker' object has no attribute 'min_embedding_quality'
WARNING  tracking:tracking.py:236 Invalid bbox coordinates: [        101         101         201         201] for frame size 400x400
ERROR    tracking:tracking.py:1203 Error in embedding processing: Input must be uint8
ERROR    tracking:tracking.py:1203 Error in embedding processing: Input must be uint8
ERROR    tracking:tracking.py:1303 Error calculating embedding quality: 'dict' object has no attribute 'layout'
ERROR    tracking:tracking.py:624 Error updating track 14.0: 'EnhancedTracker' object has no attribute 'min_embedding_quality'
ERROR    tracking:tracking.py:1203 Error in embedding processing: Input must be uint8
ERROR    tracking:tracking.py:1203 Error in embedding processing: Input must be uint8
ERROR    tracking:tracking.py:1303 Error calculating embedding quality: 'dict' object has no attribute 'layout'
ERROR    tracking:tracking.py:624 Error updating track 14.0: 'EnhancedTracker' object has no attribute 'min_embedding_quality'
ERROR    tracking:tracking.py:1203 Error in embedding processing: Input must be uint8
ERROR    tracking:tracking.py:1203 Error in embedding processing: Input must be uint8
ERROR    tracking:tracking.py:1303 Error calculating embedding quality: 'dict' object has no attribute 'layout'
ERROR    tracking:tracking.py:624 Error updating track 14.0: 'EnhancedTracker' object has no attribute 'min_embedding_quality'
ERROR    tracking:tracking.py:727 Error in track cleanup: 'created_frame'
Traceback (most recent call last):
  File "C:\Users\ianfe\OneDrive\Documents\GitHub\facebeak\tracking.py", line 685, in _cleanup_old_tracks
    track_age = current_frame - history['created_frame']
                                ~~~~~~~^^^^^^^^^^^^^^^^^
KeyError: 'created_frame'
ERROR    tracking:tracking.py:1203 Error in embedding processing: Input must be uint8
ERROR    tracking:tracking.py:1203 Error in embedding processing: Input must be uint8
ERROR    tracking:tracking.py:1303 Error calculating embedding quality: 'dict' object has no attribute 'layout'
ERROR    tracking:tracking.py:624 Error updating track 14.0: 'EnhancedTracker' object has no attribute 'min_embedding_quality'
ERROR    tracking:tracking.py:727 Error in track cleanup: 'created_frame'
Traceback (most recent call last):
  File "C:\Users\ianfe\OneDrive\Documents\GitHub\facebeak\tracking.py", line 685, in _cleanup_old_tracks
    track_age = current_frame - history['created_frame']
                                ~~~~~~~^^^^^^^^^^^^^^^^^
KeyError: 'created_frame'
ERROR    tracking:tracking.py:1203 Error in embedding processing: Input must be uint8
ERROR    tracking:tracking.py:1203 Error in embedding processing: Input must be uint8
ERROR    tracking:tracking.py:1303 Error calculating embedding quality: 'dict' object has no attribute 'layout'
ERROR    tracking:tracking.py:624 Error updating track 14.0: 'EnhancedTracker' object has no attribute 'min_embedding_quality'
ERROR    tracking:tracking.py:727 Error in track cleanup: 'created_frame'
Traceback (most recent call last):
  File "C:\Users\ianfe\OneDrive\Documents\GitHub\facebeak\tracking.py", line 685, in _cleanup_old_tracks
    track_age = current_frame - history['created_frame']
                                ~~~~~~~^^^^^^^^^^^^^^^^^
KeyError: 'created_frame'
ERROR    tracking:tracking.py:1203 Error in embedding processing: Input must be uint8
ERROR    tracking:tracking.py:1203 Error in embedding processing: Input must be uint8
ERROR    tracking:tracking.py:1303 Error calculating embedding quality: 'dict' object has no attribute 'layout'
ERROR    tracking:tracking.py:624 Error updating track 14.0: 'EnhancedTracker' object has no attribute 'min_embedding_quality'
ERROR    tracking:tracking.py:727 Error in track cleanup: 'created_frame'
Traceback (most recent call last):
  File "C:\Users\ianfe\OneDrive\Documents\GitHub\facebeak\tracking.py", line 685, in _cleanup_old_tracks
    track_age = current_frame - history['created_frame']
                                ~~~~~~~^^^^^^^^^^^^^^^^^
KeyError: 'created_frame'
WARNING  tracking:tracking.py:236 Invalid bbox coordinates: [        108         108         208         208] for frame size 400x400
ERROR    tracking:tracking.py:727 Error in track cleanup: 'created_frame'
Traceback (most recent call last):
  File "C:\Users\ianfe\OneDrive\Documents\GitHub\facebeak\tracking.py", line 685, in _cleanup_old_tracks
    track_age = current_frame - history['created_frame']
                                ~~~~~~~^^^^^^^^^^^^^^^^^
KeyError: 'created_frame'
WARNING  tracking:tracking.py:236 Invalid bbox coordinates: [        109         109         209         209] for frame size 400x400
ERROR    tracking:tracking.py:727 Error in track cleanup: 'created_frame'
Traceback (most recent call last):
  File "C:\Users\ianfe\OneDrive\Documents\GitHub\facebeak\tracking.py", line 685, in _cleanup_old_tracks
    track_age = current_frame - history['created_frame']
                                ~~~~~~~^^^^^^^^^^^^^^^^^
KeyError: 'created_frame'
ERROR    tracking:tracking.py:1203 Error in embedding processing: Input must be uint8
ERROR    tracking:tracking.py:1203 Error in embedding processing: Input must be uint8
ERROR    tracking:tracking.py:1303 Error calculating embedding quality: 'dict' object has no attribute 'layout'
ERROR    tracking:tracking.py:624 Error updating track 14.0: 'EnhancedTracker' object has no attribute 'min_embedding_quality'
ERROR    tracking:tracking.py:727 Error in track cleanup: 'created_frame'
Traceback (most recent call last):
  File "C:\Users\ianfe\OneDrive\Documents\GitHub\facebeak\tracking.py", line 685, in _cleanup_old_tracks
    track_age = current_frame - history['created_frame']
                                ~~~~~~~^^^^^^^^^^^^^^^^^
KeyError: 'created_frame'
ERROR    tracking:tracking.py:1203 Error in embedding processing: Input must be uint8
ERROR    tracking:tracking.py:1203 Error in embedding processing: Input must be uint8
ERROR    tracking:tracking.py:1303 Error calculating embedding quality: 'dict' object has no attribute 'layout'
ERROR    tracking:tracking.py:624 Error updating track 14.0: 'EnhancedTracker' object has no attribute 'min_embedding_quality'
ERROR    tracking:tracking.py:727 Error in track cleanup: 'created_frame'
Traceback (most recent call last):
  File "C:\Users\ianfe\OneDrive\Documents\GitHub\facebeak\tracking.py", line 685, in _cleanup_old_tracks
    track_age = current_frame - history['created_frame']
                                ~~~~~~~^^^^^^^^^^^^^^^^^
KeyError: 'created_frame'
ERROR    tracking:tracking.py:1203 Error in embedding processing: Input must be uint8
ERROR    tracking:tracking.py:1203 Error in embedding processing: Input must be uint8
ERROR    tracking:tracking.py:1303 Error calculating embedding quality: 'dict' object has no attribute 'layout'
ERROR    tracking:tracking.py:624 Error updating track 14.0: 'EnhancedTracker' object has no attribute 'min_embedding_quality'
ERROR    tracking:tracking.py:727 Error in track cleanup: 'created_frame'
Traceback (most recent call last):
  File "C:\Users\ianfe\OneDrive\Documents\GitHub\facebeak\tracking.py", line 685, in _cleanup_old_tracks
    track_age = current_frame - history['created_frame']
                                ~~~~~~~^^^^^^^^^^^^^^^^^
KeyError: 'created_frame'
ERROR    tracking:tracking.py:1203 Error in embedding processing: Input must be uint8
ERROR    tracking:tracking.py:1203 Error in embedding processing: Input must be uint8
ERROR    tracking:tracking.py:1303 Error calculating embedding quality: 'dict' object has no attribute 'layout'
ERROR    tracking:tracking.py:624 Error updating track 14.0: 'EnhancedTracker' object has no attribute 'min_embedding_quality'
ERROR    tracking:tracking.py:727 Error in track cleanup: 'created_frame'
Traceback (most recent call last):
  File "C:\Users\ianfe\OneDrive\Documents\GitHub\facebeak\tracking.py", line 685, in _cleanup_old_tracks
    track_age = current_frame - history['created_frame']
                                ~~~~~~~^^^^^^^^^^^^^^^^^
KeyError: 'created_frame'
ERROR    tracking:tracking.py:1203 Error in embedding processing: Input must be uint8
ERROR    tracking:tracking.py:1203 Error in embedding processing: Input must be uint8
ERROR    tracking:tracking.py:1303 Error calculating embedding quality: 'dict' object has no attribute 'layout'
ERROR    tracking:tracking.py:624 Error updating track 14.0: 'EnhancedTracker' object has no attribute 'min_embedding_quality'
ERROR    tracking:tracking.py:727 Error in track cleanup: 'created_frame'
Traceback (most recent call last):
  File "C:\Users\ianfe\OneDrive\Documents\GitHub\facebeak\tracking.py", line 685, in _cleanup_old_tracks
    track_age = current_frame - history['created_frame']
                                ~~~~~~~^^^^^^^^^^^^^^^^^
KeyError: 'created_frame'
ERROR    tracking:tracking.py:1203 Error in embedding processing: Input must be uint8
ERROR    tracking:tracking.py:1203 Error in embedding processing: Input must be uint8
ERROR    tracking:tracking.py:1303 Error calculating embedding quality: 'dict' object has no attribute 'layout'
ERROR    tracking:tracking.py:624 Error updating track 14.0: 'EnhancedTracker' object has no attribute 'min_embedding_quality'
ERROR    tracking:tracking.py:727 Error in track cleanup: 'created_frame'
Traceback (most recent call last):
  File "C:\Users\ianfe\OneDrive\Documents\GitHub\facebeak\tracking.py", line 685, in _cleanup_old_tracks
    track_age = current_frame - history['created_frame']
                                ~~~~~~~^^^^^^^^^^^^^^^^^
KeyError: 'created_frame'
ERROR    tracking:tracking.py:1203 Error in embedding processing: Input must be uint8
ERROR    tracking:tracking.py:1203 Error in embedding processing: Input must be uint8
ERROR    tracking:tracking.py:1303 Error calculating embedding quality: 'dict' object has no attribute 'layout'
ERROR    tracking:tracking.py:624 Error updating track 14.0: 'EnhancedTracker' object has no attribute 'min_embedding_quality'
ERROR    tracking:tracking.py:727 Error in track cleanup: 'created_frame'
Traceback (most recent call last):
  File "C:\Users\ianfe\OneDrive\Documents\GitHub\facebeak\tracking.py", line 685, in _cleanup_old_tracks
    track_age = current_frame - history['created_frame']
                                ~~~~~~~^^^^^^^^^^^^^^^^^
KeyError: 'created_frame'
ERROR    tracking:tracking.py:1203 Error in embedding processing: Input must be uint8
ERROR    tracking:tracking.py:1203 Error in embedding processing: Input must be uint8
ERROR    tracking:tracking.py:1303 Error calculating embedding quality: 'dict' object has no attribute 'layout'
ERROR    tracking:tracking.py:624 Error updating track 14.0: 'EnhancedTracker' object has no attribute 'min_embedding_quality'
ERROR    tracking:tracking.py:727 Error in track cleanup: 'created_frame'
Traceback (most recent call last):
  File "C:\Users\ianfe\OneDrive\Documents\GitHub\facebeak\tracking.py", line 685, in _cleanup_old_tracks
    track_age = current_frame - history['created_frame']
                                ~~~~~~~^^^^^^^^^^^^^^^^^
KeyError: 'created_frame'
ERROR    tracking:tracking.py:1203 Error in embedding processing: Input must be uint8
ERROR    tracking:tracking.py:1203 Error in embedding processing: Input must be uint8
ERROR    tracking:tracking.py:1303 Error calculating embedding quality: 'dict' object has no attribute 'layout'
ERROR    tracking:tracking.py:624 Error updating track 14.0: 'EnhancedTracker' object has no attribute 'min_embedding_quality'
ERROR    tracking:tracking.py:727 Error in track cleanup: 'created_frame'
Traceback (most recent call last):
  File "C:\Users\ianfe\OneDrive\Documents\GitHub\facebeak\tracking.py", line 685, in _cleanup_old_tracks
    track_age = current_frame - history['created_frame']
                                ~~~~~~~^^^^^^^^^^^^^^^^^
KeyError: 'created_frame'
ERROR    tracking:tracking.py:1203 Error in embedding processing: Input must be uint8
ERROR    tracking:tracking.py:1203 Error in embedding processing: Input must be uint8
ERROR    tracking:tracking.py:1303 Error calculating embedding quality: 'dict' object has no attribute 'layout'
ERROR    tracking:tracking.py:624 Error updating track 14.0: 'EnhancedTracker' object has no attribute 'min_embedding_quality'
ERROR    tracking:tracking.py:727 Error in track cleanup: 'created_frame'
Traceback (most recent call last):
  File "C:\Users\ianfe\OneDrive\Documents\GitHub\facebeak\tracking.py", line 685, in _cleanup_old_tracks
    track_age = current_frame - history['created_frame']
                                ~~~~~~~^^^^^^^^^^^^^^^^^
KeyError: 'created_frame'
________________________ test_embedding_processing_amp ________________________
tests\test_tracking.py:861: in test_embedding_processing_amp
    assert len(tracks) > 0
E   assert 0 > 0
E    +  where 0 = len(array([], shape=(0, 5), dtype=float64))
---------------------------- Captured stderr call -----------------------------
2025-05-21 07:17:46,926 - tracking - DEBUG - Logger configured successfully
2025-05-21 07:17:46,926 - tracking - INFO - CUDA device initialized
2025-05-21 07:17:46,926 - tracking - INFO - SORT tracker initialized successfully
2025-05-21 07:17:47,136 - tracking - INFO - Multi-view extractor initialized successfully
2025-05-21 07:17:47,137 - tracking - INFO - Multi-view extractor initialized successfully
2025-05-21 07:17:47,140 - tracking - ERROR - Error in embedding processing: Input must be uint8
2025-05-21 07:17:47,140 - tracking - ERROR - Error in embedding processing: Input must be uint8
2025-05-21 07:17:47,140 - tracking - ERROR - Error calculating embedding quality: 'dict' object has no attribute 'layout'
2025-05-21 07:17:47,140 - tracking - ERROR - Error updating track 17.0: 'EnhancedTracker' object has no attribute 'min_embedding_quality'
------------------------------ Captured log call ------------------------------
DEBUG    tracking:tracking.py:386 Logger configured successfully
INFO     tracking:tracking.py:331 CUDA device initialized
INFO     tracking:tracking.py:343 SORT tracker initialized successfully
INFO     color_normalization:color_normalization.py:46 Using GPU acceleration for color normalization
INFO     multi_view:multi_view.py:30 Initialized MultiViewExtractor with 2 rotations and 1 zoom factors
INFO     tracking:tracking.py:1010 Multi-view extractor initialized successfully
INFO     multi_view:multi_view.py:30 Initialized MultiViewExtractor with 2 rotations and 1 zoom factors
INFO     tracking:tracking.py:1010 Multi-view extractor initialized successfully
ERROR    tracking:tracking.py:1203 Error in embedding processing: Input must be uint8
ERROR    tracking:tracking.py:1203 Error in embedding processing: Input must be uint8
ERROR    tracking:tracking.py:1303 Error calculating embedding quality: 'dict' object has no attribute 'layout'
ERROR    tracking:tracking.py:624 Error updating track 17.0: 'EnhancedTracker' object has no attribute 'min_embedding_quality'
_____________________ test_audio_feature_extraction_video _____________________
tests\test_video_data.py:133: in test_audio_feature_extraction_video
    try:
audio.py:37: in extract_audio_features
    y = librosa.resample(y=y, orig_sr=sr_orig, target_sr=sr)
.venv\Lib\site-packages\lazy_loader\__init__.py:83: in __getattr__
    attr = getattr(submod, name)
.venv\Lib\site-packages\lazy_loader\__init__.py:82: in __getattr__
    submod = importlib.import_module(submod_path)
..\..\..\..\AppData\Local\Programs\Python\Python311\Lib\importlib\__init__.py:126: in import_module
    return _bootstrap._gcd_import(name[level:], package, level)
<frozen importlib._bootstrap>:1204: in _gcd_import
    ???
<frozen importlib._bootstrap>:1176: in _find_and_load
    ???
<frozen importlib._bootstrap>:1147: in _find_and_load_unlocked
    ???
<frozen importlib._bootstrap>:690: in _load_unlocked
    ???
<frozen importlib._bootstrap_external>:940: in exec_module
    ???
<frozen importlib._bootstrap>:241: in _call_with_frames_removed
    ???
.venv\Lib\site-packages\librosa\core\audio.py:18: in <module>
    from numba import jit, stencil, guvectorize
.venv\Lib\site-packages\numba\__init__.py:92: in <module>
    from numba.core.decorators import (cfunc, jit, njit, stencil,
.venv\Lib\site-packages\numba\core\decorators.py:12: in <module>
    from numba.stencils.stencil import stencil
.venv\Lib\site-packages\numba\stencils\stencil.py:11: in <module>
    from numba.core import types, typing, utils, ir, config, ir_utils, registry
.venv\Lib\site-packages\numba\core\registry.py:6: in <module>
    from numba.core import utils, typing, dispatcher, cpu
.venv\Lib\site-packages\numba\core\dispatcher.py:14: in <module>
    from numba.core import (
.venv\Lib\site-packages\numba\core\compiler.py:6: in <module>
    from numba.core import (errors, interpreter, bytecode, postproc, config,
.venv\Lib\site-packages\numba\core\callconv.py:13: in <module>
    from numba.core.base import PYOBJECT, GENERIC_POINTER
.venv\Lib\site-packages\numba\core\base.py:20: in <module>
    from numba.cpython import builtins
.venv\Lib\site-packages\numba\cpython\builtins.py:6: in <module>
    sys.modules[__name__] = _RedirectSubpackage(locals(),
.venv\Lib\site-packages\numba\core\utils.py:694: in __init__
    new_mod_obj = import_module(new_module)
..\..\..\..\AppData\Local\Programs\Python\Python311\Lib\importlib\__init__.py:126: in import_module
    return _bootstrap._gcd_import(name[level:], package, level)
.venv\Lib\site-packages\numba\cpython\old_builtins.py:554: in <module>
    from numba.core.typing.builtins import IndexValue, IndexValueType
.venv\Lib\site-packages\numba\core\typing\builtins.py:6: in <module>
    sys.modules[__name__] = _RedirectSubpackage(
.venv\Lib\site-packages\numba\core\utils.py:694: in __init__
    new_mod_obj = import_module(new_module)
..\..\..\..\AppData\Local\Programs\Python\Python311\Lib\importlib\__init__.py:126: in import_module
    return _bootstrap._gcd_import(name[level:], package, level)
.venv\Lib\site-packages\numba\core\typing\old_builtins.py:21: in <module>
    @infer_global(print)
.venv\Lib\site-packages\numba\core\typing\templates.py:1293: in register_global
    if getattr(mod, val.__name__) is not val:
E   AttributeError: module 'test_detection' has no attribute 'patched_print'
------------------------------ Captured log call ------------------------------
ERROR    audio:audio.py:84 Error processing audio file C:\Users\ianfe\AppData\Local\Temp\pytest-of-ianfe\pytest-192\test_data0\crow1\audio\crow1_7056.wav: module 'test_detection' has no attribute 'patched_print'
_________________________ test_model_with_video_data __________________________
tests\test_video_data.py:202: in test_model_with_video_data
    assert isinstance(sample['crow_id'], str)
E   TypeError: 'NoneType' object is not subscriptable
------------------------------ Captured log call ------------------------------
ERROR    audio:audio.py:84 Error processing audio file C:\Users\ianfe\AppData\Local\Temp\pytest-of-ianfe\pytest-192\test_data0\crow1\audio\crow1_7056.wav: module 'test_detection' has no attribute 'patched_print'
ERROR    dataset:dataset.py:153 Error loading audio features from C:\Users\ianfe\AppData\Local\Temp\pytest-of-ianfe\pytest-192\test_data0\crow1\audio\crow1_7056.wav: module 'test_detection' has no attribute 'patched_print'
ERROR    audio:audio.py:84 Error processing audio file C:\Users\ianfe\AppData\Local\Temp\pytest-of-ianfe\pytest-192\test_data0\crow4\audio\crow4_ringvideo.wav: module 'test_detection' has no attribute 'patched_print'
ERROR    dataset:dataset.py:153 Error loading audio features from C:\Users\ianfe\AppData\Local\Temp\pytest-of-ianfe\pytest-192\test_data0\crow4\audio\crow4_ringvideo.wav: module 'test_detection' has no attribute 'patched_print'
============================== warnings summary ===============================
tests/test_model.py: 5 warnings
tests/test_training.py: 4 warnings
tests/test_video_data.py: 1 warning
  C:\Users\ianfe\OneDrive\Documents\GitHub\facebeak\.venv\Lib\site-packages\torchvision\models\_utils.py:208: UserWarning: The parameter 'pretrained' is deprecated since 0.13 and may be removed in the future, please use 'weights' instead.
    warnings.warn(

tests/test_model.py: 5 warnings
tests/test_training.py: 4 warnings
tests/test_video_data.py: 1 warning
  C:\Users\ianfe\OneDrive\Documents\GitHub\facebeak\.venv\Lib\site-packages\torchvision\models\_utils.py:223: UserWarning: Arguments other than a weight enum or `None` for 'weights' are deprecated since 0.13 and may be removed in the future. The current behavior is equivalent to passing `weights=ResNet50_Weights.IMAGENET1K_V1`. You can also use `weights=ResNet50_Weights.DEFAULT` to get the most up-to-date weights.
    warnings.warn(msg)

tests/test_tracking.py::test_embedding_processing_amp
  C:\Users\ianfe\OneDrive\Documents\GitHub\facebeak\tests\test_tracking.py:859: FutureWarning: `torch.cuda.amp.autocast(args...)` is deprecated. Please use `torch.amp.autocast('cuda', args...)` instead.
    with torch.cuda.amp.autocast():

-- Docs: https://docs.pytest.org/en/stable/how-to/capture-warnings.html
=========================== short test summary info ===========================
FAILED tests/test_color_normalization.py::test_color_normalizer_base_class - ...
FAILED tests/test_tracking.py::test_enhanced_tracker_model_initialization - F...
FAILED tests/test_tracking.py::test_enhanced_tracker_timeout - assert 0 > 0
FAILED tests/test_tracking.py::test_track_embedding_updates - KeyError: 0
FAILED tests/test_tracking.py::test_track_embedding_limits - UnboundLocalErro...
FAILED tests/test_tracking.py::test_track_embedding_age_limits - KeyError: 0
FAILED tests/test_tracking.py::test_track_embedding_error_handling - assert 0...
FAILED tests/test_tracking.py::test_enhanced_tracker_model_loading_error - as...
FAILED tests/test_tracking.py::test_enhanced_tracker_invalid_input - assert 0...
FAILED tests/test_tracking.py::test_enhanced_tracker_processing_errors - asse...
FAILED tests/test_tracking.py::test_enhanced_tracker_resource_cleanup - Index...
FAILED tests/test_tracking.py::test_track_id_persistence_long_term - Assertio...
FAILED tests/test_tracking.py::test_track_id_persistence_occlusion - Assertio...
FAILED tests/test_tracking.py::test_track_id_persistence_multiple_objects - A...
FAILED tests/test_tracking.py::test_track_id_persistence_varying_iou - Assert...
FAILED tests/test_tracking.py::test_track_id_persistence_frame_rate - Asserti...
FAILED tests/test_tracking.py::test_embedding_processing_amp - assert 0 > 0
FAILED tests/test_video_data.py::test_audio_feature_extraction_video - Attrib...
FAILED tests/test_video_data.py::test_model_with_video_data - TypeError: 'Non...
===== 19 failed, 127 passed, 8 skipped, 21 warnings in 247.83s (0:04:07) ======
